<html>
<body>
<pre>
<h1>µVision Build Log</h1>
<h2>Tool Versions:</h2>
IDE-Version: ¦ÌVision V5.14.0.0
Copyright (C) 2015 ARM Ltd and ARM Germany GmbH. All rights reserved.
License Information: gx gx, gx, LIC=LJWFW-QLI0U-59PGZ-J6Q0Q-ZYPSD-QLVKS
 
Tool Versions:
Toolchain:       MDK-ARM Professional  Version: 5.14.0.0
Toolchain Path:  C:\Keil_v5\ARM\ARMCC\Bin
C Compiler:      Armcc.exe V5.05 update 1 (build 106)
Assembler:       Armasm.exe V5.05 update 1 (build 106)
Linker/Locator:  ArmLink.exe V5.05 update 1 (build 106)
Library Manager: ArmAr.exe V5.05 update 1 (build 106)
Hex Converter:   FromElf.exe V5.05 update 1 (build 106)
CPU DLL:         SARMCM3.DLL V5.14.0.0
Dialog DLL:      DCM.DLL V1.13.1.0
Target DLL:      CMSIS_AGDI.dll V1.21.0.0
Dialog DLL:      TCM.DLL V1.14.4.0
 
<h2>Project:</h2>
D:\practise\F429Test\HAL_test\Obj\Template.uvprojx
Project File Date:  11/28/2017

<h2>Output:</h2>
Build target 'Template'
compiling main.c...
..\NetDemo\ntp_client.h(42): warning:  #1-D: last line of file ends without a newline
  #endif //#ifndef NTP_CLIENT_H
..\User\Src\main.c(250): warning:  #188-D: enumerated type mixed with another type
                        HAL_GPIO_WritePin(GPIOD,GPIO_PIN_12,0);
..\User\Src\main.c(251): warning:  #188-D: enumerated type mixed with another type
                        HAL_GPIO_WritePin(GPIOG,GPIO_PIN_7,0);
..\User\Src\main.c(255): warning:  #188-D: enumerated type mixed with another type
                        HAL_GPIO_WritePin(GPIOD,GPIO_PIN_12,1);
..\User\Src\main.c(256): warning:  #188-D: enumerated type mixed with another type
                        HAL_GPIO_WritePin(GPIOG,GPIO_PIN_7,1);
..\User\Src\main.c(330): warning:  #188-D: enumerated type mixed with another type
        HAL_GPIO_WritePin(GPIOE,GPIO_PIN_3,0);
..\User\Src\main.c(332): warning:  #188-D: enumerated type mixed with another type
        HAL_GPIO_WritePin(GPIOE,GPIO_PIN_3,1);
..\User\Src\main.c(685): warning:  #177-D: variable "GPIO_Initure" was declared but never referenced
      GPIO_InitTypeDef GPIO_Initure;
..\User\Src\main.c(203): warning:  #177-D: function "my_smtp_test" was declared but never referenced
   static void my_smtp_test(void)
..\User\Src\main.c: 9 warnings, 0 errors
linking...
Program Size: Code=104648 RO-data=13180 RW-data=476 ZI-data=148508  
FromELF: creating hex file...
".\Objects\Template.axf" - 0 Error(s), 9 Warning(s).

<h2>Collection of Component include folders:</h2>
  D:\practise\F429Test\HAL_test\Obj\RTE
  C:\Keil_v5\ARM\PACK\Keil\STM32F4xx_DFP\2.7.0

<h2>Collection of Component Files used:</h2>
</pre>
</body>
</html>
