Component: ARM Compiler 5.05 update 1 (build 106) Tool: armlink [4d0efa]

==============================================================================

Section Cross References

    main.o(i.AppTaskCreate) refers to tasks.o(i.xTaskCreate) for xTaskCreate
    main.o(i.AppTaskCreate) refers to main.o(.data) for xHandleTaskUserIF
    main.o(i.AppTaskCreate) refers to main.o(i.vTaskTaskUserIF) for vTaskTaskUserIF
    main.o(i.AppTaskCreate) refers to main.o(i.vTaskLed) for vTaskLed
    main.o(i.AppTaskCreate) refers to main.o(i.vTaskMsgPro) for vTaskMsgPro
    main.o(i.Buffer_Init) refers to rt_memclr.o(.text) for __aeabi_memclr
    main.o(i.Buffer_Init) refers to rt_memclr_w.o(.text) for __aeabi_memclr4
    main.o(i.Buffer_Init) refers to main.o(.bss) for RX
    main.o(i.HAL_Delay) refers to tasks.o(i.vTaskDelay) for vTaskDelay
    main.o(i.HAL_UART_RxCpltCallback) refers to stm32f4xx_hal_uart.o(i.HAL_UART_Receive_IT) for HAL_UART_Receive_IT
    main.o(i.HAL_UART_RxCpltCallback) refers to main.o(i.Write_Data) for Write_Data
    main.o(i.HAL_UART_RxCpltCallback) refers to main.o(.bss) for Rx
    main.o(i.HAL_UART_TxCpltCallback) refers to main.o(i.Read_Data) for Read_Data
    main.o(i.HAL_UART_TxCpltCallback) refers to stm32f4xx_hal_uart.o(i.HAL_UART_Transmit_IT) for HAL_UART_Transmit_IT
    main.o(i.HAL_UART_TxCpltCallback) refers to main.o(.bss) for RX
    main.o(i.LED_Func) refers to stm32f4xx_hal_gpio.o(i.HAL_GPIO_TogglePin) for HAL_GPIO_TogglePin
    main.o(i.MX_ETH_Init) refers to stm32f4xx_hal_eth.o(i.HAL_ETH_Init) for HAL_ETH_Init
    main.o(i.MX_ETH_Init) refers to main.o(i._Error_Handler) for _Error_Handler
    main.o(i.MX_ETH_Init) refers to main.o(.bss) for heth
    main.o(i.MX_ETH_Init) refers to ethernetif.o(.bss) for heth
    main.o(i.MX_FMC_Init) refers to stm32f4xx_hal_sdram.o(i.HAL_SDRAM_Init) for HAL_SDRAM_Init
    main.o(i.MX_FMC_Init) refers to main.o(i._Error_Handler) for _Error_Handler
    main.o(i.MX_FMC_Init) refers to main.o(.bss) for hsdram1
    main.o(i.MX_GPIO_Init) refers to stm32f4xx_hal_gpio.o(i.HAL_GPIO_WritePin) for HAL_GPIO_WritePin
    main.o(i.MX_GPIO_Init) refers to stm32f4xx_hal_gpio.o(i.HAL_GPIO_Init) for HAL_GPIO_Init
    main.o(i.MX_LTDC_Init) refers to stm32f4xx_hal_ltdc.o(i.HAL_LTDC_Init) for HAL_LTDC_Init
    main.o(i.MX_LTDC_Init) refers to main.o(i._Error_Handler) for _Error_Handler
    main.o(i.MX_LTDC_Init) refers to stm32f4xx_hal_ltdc.o(i.HAL_LTDC_ConfigLayer) for HAL_LTDC_ConfigLayer
    main.o(i.MX_LTDC_Init) refers to main.o(.bss) for hltdc
    main.o(i.MX_NVIC_Init) refers to stm32f4xx_hal_cortex.o(i.HAL_NVIC_SetPriority) for HAL_NVIC_SetPriority
    main.o(i.MX_NVIC_Init) refers to stm32f4xx_hal_cortex.o(i.HAL_NVIC_EnableIRQ) for HAL_NVIC_EnableIRQ
    main.o(i.MX_SDIO_SD_Init) refers to stm32f4xx_hal_sd.o(i.HAL_SD_Init) for HAL_SD_Init
    main.o(i.MX_SDIO_SD_Init) refers to main.o(i._Error_Handler) for _Error_Handler
    main.o(i.MX_SDIO_SD_Init) refers to stm32f4xx_hal_sd.o(i.HAL_SD_ConfigWideBusOperation) for HAL_SD_ConfigWideBusOperation
    main.o(i.MX_SDIO_SD_Init) refers to main.o(.bss) for hsd
    main.o(i.MX_SPI1_Init) refers to stm32f4xx_hal_spi.o(i.HAL_SPI_Init) for HAL_SPI_Init
    main.o(i.MX_SPI1_Init) refers to main.o(i._Error_Handler) for _Error_Handler
    main.o(i.MX_SPI1_Init) refers to main.o(.bss) for hspi1
    main.o(i.MX_USART1_UART_Init) refers to stm32f4xx_hal_uart.o(i.HAL_UART_Init) for HAL_UART_Init
    main.o(i.MX_USART1_UART_Init) refers to main.o(i._Error_Handler) for _Error_Handler
    main.o(i.MX_USART1_UART_Init) refers to main.o(.bss) for huart1
    main.o(i.MX_USB_OTG_HS_PCD_Init) refers to stm32f4xx_hal_pcd.o(i.HAL_PCD_Init) for HAL_PCD_Init
    main.o(i.MX_USB_OTG_HS_PCD_Init) refers to main.o(i._Error_Handler) for _Error_Handler
    main.o(i.MX_USB_OTG_HS_PCD_Init) refers to main.o(.bss) for hpcd_USB_OTG_HS
    main.o(i.SystemClock_Config) refers to stm32f4xx_hal_rcc.o(i.HAL_RCC_OscConfig) for HAL_RCC_OscConfig
    main.o(i.SystemClock_Config) refers to main.o(i._Error_Handler) for _Error_Handler
    main.o(i.SystemClock_Config) refers to stm32f4xx_hal_pwr_ex.o(i.HAL_PWREx_EnableOverDrive) for HAL_PWREx_EnableOverDrive
    main.o(i.SystemClock_Config) refers to stm32f4xx_hal_rcc.o(i.HAL_RCC_ClockConfig) for HAL_RCC_ClockConfig
    main.o(i.SystemClock_Config) refers to stm32f4xx_hal_rcc_ex.o(i.HAL_RCCEx_PeriphCLKConfig) for HAL_RCCEx_PeriphCLKConfig
    main.o(i.SystemClock_Config) refers to stm32f4xx_hal_rcc.o(i.HAL_RCC_GetHCLKFreq) for HAL_RCC_GetHCLKFreq
    main.o(i.SystemClock_Config) refers to stm32f4xx_hal_cortex.o(i.HAL_SYSTICK_Config) for HAL_SYSTICK_Config
    main.o(i.SystemClock_Config) refers to stm32f4xx_hal_cortex.o(i.HAL_SYSTICK_CLKSourceConfig) for HAL_SYSTICK_CLKSourceConfig
    main.o(i.SystemClock_Config) refers to stm32f4xx_hal_cortex.o(i.HAL_NVIC_SetPriority) for HAL_NVIC_SetPriority
    main.o(i.main) refers to stm32f4xx_hal.o(i.HAL_Init) for HAL_Init
[...]
    api_msg.o(i.lwip_netconn_do_newconn) refers to sys_arch.o(i.sys_arch_protect) for sys_arch_protect
    api_msg.o(i.lwip_netconn_do_newconn) refers to sys_arch.o(i.sys_arch_unprotect) for sys_arch_unprotect
    api_msg.o(i.lwip_netconn_do_recv) refers to tcp.o(i.tcp_recved) for tcp_recved
    api_msg.o(i.lwip_netconn_do_recv) refers to sys_arch.o(i.sys_arch_protect) for sys_arch_protect
    api_msg.o(i.lwip_netconn_do_recv) refers to sys_arch.o(i.sys_arch_unprotect) for sys_arch_unprotect
    api_msg.o(i.lwip_netconn_do_send) refers to udp.o(i.udp_send) for udp_send
    api_msg.o(i.lwip_netconn_do_send) refers to udp.o(i.udp_sendto) for udp_sendto
    api_msg.o(i.lwip_netconn_do_send) refers to sys_arch.o(i.sys_arch_protect) for sys_arch_protect
    api_msg.o(i.lwip_netconn_do_send) refers to sys_arch.o(i.sys_arch_unprotect) for sys_arch_unprotect
    api_msg.o(i.lwip_netconn_do_write) refers to api_msg.o(i.lwip_netconn_do_writemore) for lwip_netconn_do_writemore
    api_msg.o(i.lwip_netconn_do_write) refers to sys_arch.o(i.sys_sem_signal) for sys_sem_signal
    api_msg.o(i.lwip_netconn_do_write) refers to sys_arch.o(i.sys_arch_sem_wait) for sys_arch_sem_wait
    api_msg.o(i.lwip_netconn_do_write) refers to sys_arch.o(i.sys_arch_protect) for sys_arch_protect
    api_msg.o(i.lwip_netconn_do_write) refers to sys_arch.o(i.sys_arch_unprotect) for sys_arch_unprotect
    api_msg.o(i.lwip_netconn_do_write) refers to tcpip.o(.data) for lock_tcpip_core
    api_msg.o(i.lwip_netconn_do_writemore) refers to tcp_out.o(i.tcp_write) for tcp_write
    api_msg.o(i.lwip_netconn_do_writemore) refers to tcp_out.o(i.tcp_output) for tcp_output
    api_msg.o(i.lwip_netconn_do_writemore) refers to sys_arch.o(i.sys_arch_protect) for sys_arch_protect
    api_msg.o(i.lwip_netconn_do_writemore) refers to sys_arch.o(i.sys_arch_unprotect) for sys_arch_unprotect
    api_msg.o(i.lwip_netconn_do_writemore) refers to sys_arch.o(i.sys_sem_signal) for sys_sem_signal
    api_msg.o(i.netconn_alloc) refers to memp.o(i.memp_malloc) for memp_malloc
    api_msg.o(i.netconn_alloc) refers to sys_arch.o(i.sys_mbox_new) for sys_mbox_new
    api_msg.o(i.netconn_alloc) refers to sys_arch.o(i.sys_sem_new) for sys_sem_new
    api_msg.o(i.netconn_alloc) refers to sys_arch.o(i.sys_mbox_free) for sys_mbox_free
    api_msg.o(i.netconn_alloc) refers to sys_arch.o(i.sys_mbox_set_invalid) for sys_mbox_set_invalid
    api_msg.o(i.netconn_alloc) refers to memp.o(i.memp_free) for memp_free
    api_msg.o(i.netconn_drain) refers to sys_arch.o(i.sys_mbox_valid) for sys_mbox_valid
    api_msg.o(i.netconn_drain) refers to tcp.o(i.tcp_recved) for tcp_recved
    api_msg.o(i.netconn_drain) refers to pbuf.o(i.pbuf_free) for pbuf_free
    api_msg.o(i.netconn_drain) refers to netbuf.o(i.netbuf_delete) for netbuf_delete
    api_msg.o(i.netconn_drain) refers to sys_arch.o(i.sys_arch_mbox_tryfetch) for sys_arch_mbox_tryfetch
    api_msg.o(i.netconn_drain) refers to sys_arch.o(i.sys_mbox_free) for sys_mbox_free
    api_msg.o(i.netconn_drain) refers to sys_arch.o(i.sys_mbox_set_invalid) for sys_mbox_set_invalid
    api_msg.o(i.netconn_drain) refers to tcp.o(i.tcp_abort) for tcp_abort
    api_msg.o(i.netconn_drain) refers to api_msg.o(i.netconn_free) for netconn_free
    api_msg.o(i.netconn_drain) refers to api_msg.o(.data) for netconn_aborted
    api_msg.o(i.netconn_free) refers to sys_arch.o(i.sys_mbox_valid) for sys_mbox_valid
    api_msg.o(i.netconn_free) refers to sys_arch.o(i.sys_sem_free) for sys_sem_free
    api_msg.o(i.netconn_free) refers to sys_arch.o(i.sys_sem_set_invalid) for sys_sem_set_invalid
    api_msg.o(i.netconn_free) refers to memp.o(i.memp_free) for memp_free
    api_msg.o(i.pcb_new) refers to udp.o(i.udp_new_ip_type) for udp_new_ip_type
    api_msg.o(i.pcb_new) refers to udp.o(i.udp_recv) for udp_recv
    api_msg.o(i.pcb_new) refers to tcp.o(i.tcp_new_ip_type) for tcp_new_ip_type
    api_msg.o(i.pcb_new) refers to api_msg.o(i.setup_tcp) for setup_tcp
    api_msg.o(i.pcb_new) refers to api_msg.o(i.recv_udp) for recv_udp
    api_msg.o(i.poll_tcp) refers to api_msg.o(i.lwip_netconn_do_writemore) for lwip_netconn_do_writemore
    api_msg.o(i.poll_tcp) refers to api_msg.o(i.lwip_netconn_do_close_internal) for lwip_netconn_do_close_internal
    api_msg.o(i.recv_tcp) refers to sys_arch.o(i.sys_mbox_valid) for sys_mbox_valid
    api_msg.o(i.recv_tcp) refers to tcp.o(i.tcp_recved) for tcp_recved
    api_msg.o(i.recv_tcp) refers to pbuf.o(i.pbuf_free) for pbuf_free
    api_msg.o(i.recv_tcp) refers to sys_arch.o(i.sys_arch_protect) for sys_arch_protect
    api_msg.o(i.recv_tcp) refers to sys_arch.o(i.sys_arch_unprotect) for sys_arch_unprotect
    api_msg.o(i.recv_tcp) refers to sys_arch.o(i.sys_mbox_trypost) for sys_mbox_trypost
    api_msg.o(i.recv_udp) refers to sys_arch.o(i.sys_mbox_valid) for sys_mbox_valid
    api_msg.o(i.recv_udp) refers to pbuf.o(i.pbuf_free) for pbuf_free
    api_msg.o(i.recv_udp) refers to memp.o(i.memp_malloc) for memp_malloc
    api_msg.o(i.recv_udp) refers to sys_arch.o(i.sys_mbox_trypost) for sys_mbox_trypost
    api_msg.o(i.recv_udp) refers to netbuf.o(i.netbuf_delete) for netbuf_delete
    api_msg.o(i.sent_tcp) refers to api_msg.o(i.lwip_netconn_do_writemore) for lwip_netconn_do_writemore
    api_msg.o(i.sent_tcp) refers to api_msg.o(i.lwip_netconn_do_close_internal) for lwip_netconn_do_close_internal
    api_msg.o(i.setup_tcp) refers to tcp.o(i.tcp_arg) for tcp_arg
    api_msg.o(i.setup_tcp) refers to tcp.o(i.tcp_recv) for tcp_recv
    api_msg.o(i.setup_tcp) refers to tcp.o(i.tcp_sent) for tcp_sent
    api_msg.o(i.setup_tcp) refers to tcp.o(i.tcp_poll) for tcp_poll
    api_msg.o(i.setup_tcp) refers to tcp.o(i.tcp_err) for tcp_err
    api_msg.o(i.setup_tcp) refers to api_msg.o(i.recv_tcp) for recv_tcp
    api_msg.o(i.setup_tcp) refers to api_msg.o(i.sent_tcp) for sent_tcp
    api_msg.o(i.setup_tcp) refers to api_msg.o(i.poll_tcp) for poll_tcp
    api_msg.o(i.setup_tcp) refers to api_msg.o(i.err_tcp) for err_tcp
    err.o(i.err_to_errno) refers to err.o(.constdata) for err_to_errno_table
    netbuf.o(i.netbuf_alloc) refers to pbuf.o(i.pbuf_free) for pbuf_free
    netbuf.o(i.netbuf_alloc) refers to pbuf.o(i.pbuf_alloc) for pbuf_alloc
    netbuf.o(i.netbuf_chain) refers to pbuf.o(i.pbuf_cat) for pbuf_cat
    netbuf.o(i.netbuf_chain) refers to memp.o(i.memp_free) for memp_free
    netbuf.o(i.netbuf_delete) refers to pbuf.o(i.pbuf_free) for pbuf_free
    netbuf.o(i.netbuf_delete) refers to memp.o(i.memp_free) for memp_free
    netbuf.o(i.netbuf_free) refers to pbuf.o(i.pbuf_free) for pbuf_free
    netbuf.o(i.netbuf_new) refers to memp.o(i.memp_malloc) for memp_malloc
    netbuf.o(i.netbuf_ref) refers to pbuf.o(i.pbuf_free) for pbuf_free
    netbuf.o(i.netbuf_ref) refers to pbuf.o(i.pbuf_alloc) for pbuf_alloc
    tcpip.o(i.mem_free_callback) refers to tcpip.o(i.tcpip_callback_with_block) for tcpip_callback_with_block
    tcpip.o(i.mem_free_callback) refers to mem.o(i.mem_free) for mem_free
    tcpip.o(i.pbuf_free_callback) refers to tcpip.o(i.tcpip_callback_with_block) for tcpip_callback_with_block
    tcpip.o(i.pbuf_free_callback) refers to tcpip.o(i.pbuf_free_int) for pbuf_free_int
    tcpip.o(i.pbuf_free_int) refers to pbuf.o(i.pbuf_free) for pbuf_free
    tcpip.o(i.tcpip_api_call) refers to sys_arch.o(i.sys_arch_sem_wait) for sys_arch_sem_wait
    tcpip.o(i.tcpip_api_call) refers to sys_arch.o(i.sys_sem_signal) for sys_sem_signal
    tcpip.o(i.tcpip_api_call) refers to tcpip.o(.data) for lock_tcpip_core
    tcpip.o(i.tcpip_callback_with_block) refers to sys_arch.o(i.sys_mbox_valid) for sys_mbox_valid
    tcpip.o(i.tcpip_callback_with_block) refers to memp.o(i.memp_malloc) for memp_malloc
    tcpip.o(i.tcpip_callback_with_block) refers to sys_arch.o(i.sys_mbox_post) for sys_mbox_post
    tcpip.o(i.tcpip_callback_with_block) refers to sys_arch.o(i.sys_mbox_trypost) for sys_mbox_trypost
    tcpip.o(i.tcpip_callback_with_block) refers to memp.o(i.memp_free) for memp_free
    tcpip.o(i.tcpip_callback_with_block) refers to tcpip.o(.data) for mbox
    tcpip.o(i.tcpip_callbackmsg_delete) refers to memp.o(i.memp_free) for memp_free
    tcpip.o(i.tcpip_callbackmsg_new) refers to memp.o(i.memp_malloc) for memp_malloc
    tcpip.o(i.tcpip_init) refers to init.o(i.lwip_init) for lwip_init
    tcpip.o(i.tcpip_init) refers to sys_arch.o(i.sys_mbox_new) for sys_mbox_new
    tcpip.o(i.tcpip_init) refers to sys_arch.o(i.sys_sem_new) for sys_sem_new
    tcpip.o(i.tcpip_init) refers to sys_arch.o(i.sys_thread_new) for sys_thread_new
    tcpip.o(i.tcpip_init) refers to tcpip.o(.data) for tcpip_init_done
    tcpip.o(i.tcpip_init) refers to tcpip.o(i.tcpip_thread) for tcpip_thread
    tcpip.o(i.tcpip_inpkt) refers to sys_arch.o(i.sys_mbox_valid) for sys_mbox_valid
    tcpip.o(i.tcpip_inpkt) refers to memp.o(i.memp_malloc) for memp_malloc
    tcpip.o(i.tcpip_inpkt) refers to sys_arch.o(i.sys_mbox_trypost) for sys_mbox_trypost
    tcpip.o(i.tcpip_inpkt) refers to memp.o(i.memp_free) for memp_free
    tcpip.o(i.tcpip_inpkt) refers to tcpip.o(.data) for mbox
    tcpip.o(i.tcpip_input) refers to tcpip.o(i.tcpip_inpkt) for tcpip_inpkt
    tcpip.o(i.tcpip_input) refers to ip4.o(i.ip4_input) for ip4_input
    tcpip.o(i.tcpip_send_msg_wait_sem) refers to sys_arch.o(i.sys_arch_sem_wait) for sys_arch_sem_wait
    tcpip.o(i.tcpip_send_msg_wait_sem) refers to sys_arch.o(i.sys_sem_signal) for sys_sem_signal
    tcpip.o(i.tcpip_send_msg_wait_sem) refers to tcpip.o(.data) for lock_tcpip_core
    tcpip.o(i.tcpip_thread) refers to sys_arch.o(i.sys_arch_sem_wait) for sys_arch_sem_wait
    tcpip.o(i.tcpip_thread) refers to sys_arch.o(i.sys_sem_signal) for sys_sem_signal
    tcpip.o(i.tcpip_thread) refers to timeouts.o(i.sys_timeouts_mbox_fetch) for sys_timeouts_mbox_fetch
    tcpip.o(i.tcpip_thread) refers to memp.o(i.memp_free) for memp_free
    tcpip.o(i.tcpip_thread) refers to tcpip.o(.data) for tcpip_init_done
    tcpip.o(i.tcpip_trycallback) refers to sys_arch.o(i.sys_mbox_valid) for sys_mbox_valid
    tcpip.o(i.tcpip_trycallback) refers to sys_arch.o(i.sys_mbox_trypost) for sys_mbox_trypost
    tcpip.o(i.tcpip_trycallback) refers to tcpip.o(.data) for mbox
    def.o(i.lwip_itoa) refers to def.o(.conststring) for .conststring
    def.o(i.lwip_strnstr) refers to strlen.o(.text) for strlen
    def.o(i.lwip_strnstr) refers to strncmp.o(.text) for strncmp
    dns.o(i.dns_alloc_pcb) refers to dns.o(i.dns_alloc_random_port) for dns_alloc_random_port
    dns.o(i.dns_alloc_pcb) refers to dns.o(.bss) for dns_pcbs
    dns.o(i.dns_alloc_pcb) refers to dns.o(.data) for dns_last_pcb_idx
    dns.o(i.dns_alloc_random_port) refers to udp.o(i.udp_new_ip_type) for udp_new_ip_type
    dns.o(i.dns_alloc_random_port) refers to udp.o(i.udp_bind) for udp_bind
    dns.o(i.dns_alloc_random_port) refers to udp.o(i.udp_remove) for udp_remove
    dns.o(i.dns_alloc_random_port) refers to udp.o(i.udp_recv) for udp_recv
    dns.o(i.dns_alloc_random_port) refers to ip4_addr.o(.constdata) for ip_addr_any
    dns.o(i.dns_alloc_random_port) refers to dns.o(i.dns_recv) for dns_recv
    dns.o(i.dns_call_found) refers to udp.o(i.udp_remove) for udp_remove
    dns.o(i.dns_call_found) refers to dns.o(.bss) for dns_requests
    dns.o(i.dns_check_entries) refers to dns.o(i.dns_check_entry) for dns_check_entry
    dns.o(i.dns_check_entry) refers to dns.o(i.dns_create_txid) for dns_create_txid
    dns.o(i.dns_check_entry) refers to dns.o(i.dns_send) for dns_send
    dns.o(i.dns_check_entry) refers to dns.o(i.dns_call_found) for dns_call_found
    dns.o(i.dns_check_entry) refers to dns.o(.bss) for dns_table
    dns.o(i.dns_check_entry) refers to dns.o(.data) for dns_servers
    dns.o(i.dns_compare_name) refers to pbuf.o(i.pbuf_try_get_at) for pbuf_try_get_at
    dns.o(i.dns_correct_response) refers to dns.o(i.dns_call_found) for dns_call_found
    dns.o(i.dns_correct_response) refers to dns.o(.bss) for dns_table
    dns.o(i.dns_create_txid) refers to dns.o(.bss) for dns_table
    dns.o(i.dns_enqueue) refers to def.o(i.lwip_strnicmp) for lwip_strnicmp
    dns.o(i.dns_enqueue) refers to rt_memcpy_v6.o(.text) for __aeabi_memcpy
    dns.o(i.dns_enqueue) refers to dns.o(i.dns_alloc_pcb) for dns_alloc_pcb
    dns.o(i.dns_enqueue) refers to dns.o(i.dns_check_entry) for dns_check_entry
    dns.o(i.dns_enqueue) refers to dns.o(.bss) for dns_table
    dns.o(i.dns_enqueue) refers to dns.o(.data) for dns_seqno
    dns.o(i.dns_gethostbyname) refers to dns.o(i.dns_gethostbyname_addrtype) for dns_gethostbyname_addrtype
    dns.o(i.dns_gethostbyname_addrtype) refers to strlen.o(.text) for strlen
    dns.o(i.dns_gethostbyname_addrtype) refers to ip4_addr.o(i.ip4addr_aton) for ip4addr_aton
    dns.o(i.dns_gethostbyname_addrtype) refers to dns.o(i.dns_lookup) for dns_lookup
    dns.o(i.dns_gethostbyname_addrtype) refers to dns.o(i.dns_enqueue) for dns_enqueue
    dns.o(i.dns_gethostbyname_addrtype) refers to dns.o(.data) for dns_servers
    dns.o(i.dns_getserver) refers to dns.o(.data) for dns_servers
    dns.o(i.dns_getserver) refers to ip4_addr.o(.constdata) for ip_addr_any
    dns.o(i.dns_lookup) refers to def.o(i.lwip_strnicmp) for lwip_strnicmp
    dns.o(i.dns_lookup) refers to dns.o(.bss) for dns_table
    dns.o(i.dns_recv) refers to pbuf.o(i.pbuf_copy_partial) for pbuf_copy_partial
    dns.o(i.dns_recv) refers to def.o(i.lwip_htons) for lwip_htons
    dns.o(i.dns_recv) refers to dns.o(i.dns_compare_name) for dns_compare_name
    dns.o(i.dns_recv) refers to dns.o(i.dns_skip_name) for dns_skip_name
    dns.o(i.dns_recv) refers to pbuf.o(i.pbuf_free) for pbuf_free
    dns.o(i.dns_recv) refers to def.o(i.lwip_htonl) for lwip_htonl
    dns.o(i.dns_recv) refers to dns.o(i.dns_correct_response) for dns_correct_response
    dns.o(i.dns_recv) refers to dns.o(i.dns_call_found) for dns_call_found
    dns.o(i.dns_recv) refers to dns.o(.bss) for dns_table
    dns.o(i.dns_recv) refers to dns.o(.data) for dns_servers
    dns.o(i.dns_send) refers to dns.o(i.dns_call_found) for dns_call_found
    dns.o(i.dns_send) refers to strlen.o(.text) for strlen
    dns.o(i.dns_send) refers to pbuf.o(i.pbuf_alloc) for pbuf_alloc
    dns.o(i.dns_send) refers to def.o(i.lwip_htons) for lwip_htons
    dns.o(i.dns_send) refers to pbuf.o(i.pbuf_take) for pbuf_take
    dns.o(i.dns_send) refers to pbuf.o(i.pbuf_put_at) for pbuf_put_at
    dns.o(i.dns_send) refers to pbuf.o(i.pbuf_take_at) for pbuf_take_at
    dns.o(i.dns_send) refers to udp.o(i.udp_sendto) for udp_sendto
    dns.o(i.dns_send) refers to pbuf.o(i.pbuf_free) for pbuf_free
    dns.o(i.dns_send) refers to dns.o(.bss) for dns_table
    dns.o(i.dns_send) refers to dns.o(.data) for dns_servers
    dns.o(i.dns_setserver) refers to dns.o(.data) for dns_servers
    dns.o(i.dns_setserver) refers to ip4_addr.o(.constdata) for ip_addr_any
    dns.o(i.dns_skip_name) refers to pbuf.o(i.pbuf_try_get_at) for pbuf_try_get_at
    dns.o(i.dns_tmr) refers to dns.o(i.dns_check_entries) for dns_check_entries
    inet_chksum.o(i.inet_chksum) refers to inet_chksum.o(i.lwip_standard_chksum) for lwip_standard_chksum
    inet_chksum.o(i.inet_chksum_pbuf) refers to inet_chksum.o(i.lwip_standard_chksum) for lwip_standard_chksum
    inet_chksum.o(i.inet_chksum_pseudo) refers to inet_chksum.o(i.inet_cksum_pseudo_base) for inet_cksum_pseudo_base
    inet_chksum.o(i.inet_chksum_pseudo_partial) refers to inet_chksum.o(i.inet_cksum_pseudo_partial_base) for inet_cksum_pseudo_partial_base
    inet_chksum.o(i.inet_cksum_pseudo_base) refers to inet_chksum.o(i.lwip_standard_chksum) for lwip_standard_chksum
    inet_chksum.o(i.inet_cksum_pseudo_base) refers to def.o(i.lwip_htons) for lwip_htons
    inet_chksum.o(i.inet_cksum_pseudo_partial_base) refers to inet_chksum.o(i.lwip_standard_chksum) for lwip_standard_chksum
    inet_chksum.o(i.inet_cksum_pseudo_partial_base) refers to def.o(i.lwip_htons) for lwip_htons
    inet_chksum.o(i.ip_chksum_pseudo) refers to inet_chksum.o(i.inet_chksum_pseudo) for inet_chksum_pseudo
    inet_chksum.o(i.ip_chksum_pseudo_partial) refers to inet_chksum.o(i.inet_chksum_pseudo_partial) for inet_chksum_pseudo_partial
    init.o(i.lwip_init) refers to stats.o(i.stats_init) for stats_init
    init.o(i.lwip_init) refers to sys_arch.o(i.sys_init) for sys_init
    init.o(i.lwip_init) refers to mem.o(i.mem_init) for mem_init
    init.o(i.lwip_init) refers to memp.o(i.memp_init) for memp_init
    init.o(i.lwip_init) refers to netif.o(i.netif_init) for netif_init
    init.o(i.lwip_init) refers to udp.o(i.udp_init) for udp_init
    init.o(i.lwip_init) refers to tcp.o(i.tcp_init) for tcp_init
    init.o(i.lwip_init) refers to dns.o(i.dns_init) for dns_init
    init.o(i.lwip_init) refers to timeouts.o(i.sys_timeouts_init) for sys_timeouts_init
    mem.o(i.mem_calloc) refers to mem.o(i.mem_malloc) for mem_malloc
    mem.o(i.mem_calloc) refers to rt_memclr.o(.text) for __aeabi_memclr
    mem.o(i.mem_free) refers to sys_arch.o(i.sys_arch_protect) for sys_arch_protect
    mem.o(i.mem_free) refers to sys_arch.o(i.sys_arch_unprotect) for sys_arch_unprotect
    mem.o(i.mem_free) refers to sys_arch.o(i.sys_arch_sem_wait) for sys_arch_sem_wait
    mem.o(i.mem_free) refers to mem.o(i.plug_holes) for plug_holes
    mem.o(i.mem_free) refers to sys_arch.o(i.sys_sem_signal) for sys_sem_signal
    mem.o(i.mem_free) refers to mem.o(.data) for ram
    mem.o(i.mem_free) refers to stats.o(.bss) for lwip_stats
    mem.o(i.mem_init) refers to sys_arch.o(i.sys_sem_new) for sys_sem_new
    mem.o(i.mem_init) refers to mem.o(.bss) for ram_heap
    mem.o(i.mem_init) refers to mem.o(.data) for ram
    mem.o(i.mem_init) refers to stats.o(.bss) for lwip_stats
    mem.o(i.mem_malloc) refers to sys_arch.o(i.sys_arch_sem_wait) for sys_arch_sem_wait
    mem.o(i.mem_malloc) refers to sys_arch.o(i.sys_sem_signal) for sys_sem_signal
    mem.o(i.mem_malloc) refers to mem.o(.data) for mem_mutex
    mem.o(i.mem_malloc) refers to stats.o(.bss) for lwip_stats
    mem.o(i.mem_trim) refers to sys_arch.o(i.sys_arch_protect) for sys_arch_protect
    mem.o(i.mem_trim) refers to sys_arch.o(i.sys_arch_unprotect) for sys_arch_unprotect
    mem.o(i.mem_trim) refers to sys_arch.o(i.sys_arch_sem_wait) for sys_arch_sem_wait
    mem.o(i.mem_trim) refers to sys_arch.o(i.sys_sem_signal) for sys_sem_signal
    mem.o(i.mem_trim) refers to mem.o(.data) for ram
    mem.o(i.mem_trim) refers to stats.o(.bss) for lwip_stats
    mem.o(i.plug_holes) refers to mem.o(.data) for ram
    memp.o(i.do_memp_free_pool) refers to sys_arch.o(i.sys_arch_protect) for sys_arch_protect
    memp.o(i.do_memp_free_pool) refers to sys_arch.o(i.sys_arch_unprotect) for sys_arch_unprotect
    memp.o(i.do_memp_malloc_pool) refers to sys_arch.o(i.sys_arch_protect) for sys_arch_protect
    memp.o(i.do_memp_malloc_pool) refers to sys_arch.o(i.sys_arch_unprotect) for sys_arch_unprotect
    memp.o(i.memp_free) refers to memp.o(i.do_memp_free_pool) for do_memp_free_pool
    memp.o(i.memp_free) refers to memp.o(.constdata) for memp_pools
    memp.o(i.memp_free_pool) refers to memp.o(i.do_memp_free_pool) for do_memp_free_pool
    memp.o(i.memp_init) refers to memp.o(i.memp_init_pool) for memp_init_pool
    memp.o(i.memp_init) refers to memp.o(.constdata) for memp_pools
    memp.o(i.memp_init) refers to stats.o(.bss) for lwip_stats
    memp.o(i.memp_malloc) refers to memp.o(i.do_memp_malloc_pool) for do_memp_malloc_pool
    memp.o(i.memp_malloc) refers to memp.o(.constdata) for memp_pools
    memp.o(i.memp_malloc_pool) refers to memp.o(i.do_memp_malloc_pool) for do_memp_malloc_pool
    memp.o(.constdata) refers to memp.o(.bss) for memp_stats_UDP_PCB
    memp.o(.constdata) refers to memp.o(.data) for memp_tab_UDP_PCB
    netif.o(i.netif_add) refers to netif.o(i.netif_set_addr) for netif_set_addr
    netif.o(i.netif_add) refers to netif.o(.data) for netif_num
    netif.o(i.netif_find) refers to netif.o(.data) for netif_list
    netif.o(i.netif_input) refers to ip4.o(i.ip4_input) for ip4_input
    netif.o(i.netif_issue_reports) refers to etharp.o(i.etharp_request) for etharp_request
    netif.o(i.netif_remove) refers to tcp.o(i.tcp_netif_ip_addr_changed) for tcp_netif_ip_addr_changed
    netif.o(i.netif_remove) refers to udp.o(i.udp_netif_ip_addr_changed) for udp_netif_ip_addr_changed
    netif.o(i.netif_remove) refers to netif.o(i.netif_set_down) for netif_set_down
    netif.o(i.netif_remove) refers to netif.o(i.netif_set_default) for netif_set_default
    netif.o(i.netif_remove) refers to netif.o(.data) for netif_default
    netif.o(i.netif_set_addr) refers to netif.o(i.netif_set_ipaddr) for netif_set_ipaddr
    netif.o(i.netif_set_addr) refers to netif.o(i.netif_set_netmask) for netif_set_netmask
    netif.o(i.netif_set_addr) refers to netif.o(i.netif_set_gw) for netif_set_gw
    netif.o(i.netif_set_default) refers to netif.o(.data) for netif_default
    netif.o(i.netif_set_down) refers to etharp.o(i.etharp_cleanup_netif) for etharp_cleanup_netif
    netif.o(i.netif_set_ipaddr) refers to tcp.o(i.tcp_netif_ip_addr_changed) for tcp_netif_ip_addr_changed
    netif.o(i.netif_set_ipaddr) refers to udp.o(i.udp_netif_ip_addr_changed) for udp_netif_ip_addr_changed
    netif.o(i.netif_set_ipaddr) refers to netif.o(i.netif_issue_reports) for netif_issue_reports
    netif.o(i.netif_set_ipaddr) refers to ip4_addr.o(.constdata) for ip_addr_any
    netif.o(i.netif_set_link_up) refers to dhcp.o(i.dhcp_network_changed) for dhcp_network_changed
    netif.o(i.netif_set_link_up) refers to netif.o(i.netif_issue_reports) for netif_issue_reports
    netif.o(i.netif_set_up) refers to netif.o(i.netif_issue_reports) for netif_issue_reports
    pbuf.o(i.pbuf_alloc) refers to memp.o(i.memp_malloc) for memp_malloc
    pbuf.o(i.pbuf_alloc) refers to pbuf.o(i.pbuf_pool_is_empty) for pbuf_pool_is_empty
    pbuf.o(i.pbuf_alloc) refers to pbuf.o(i.pbuf_free) for pbuf_free
    pbuf.o(i.pbuf_alloc) refers to mem.o(i.mem_malloc) for mem_malloc
    pbuf.o(i.pbuf_chain) refers to pbuf.o(i.pbuf_cat) for pbuf_cat
    pbuf.o(i.pbuf_chain) refers to pbuf.o(i.pbuf_ref) for pbuf_ref
    pbuf.o(i.pbuf_coalesce) refers to pbuf.o(i.pbuf_alloc) for pbuf_alloc
    pbuf.o(i.pbuf_coalesce) refers to pbuf.o(i.pbuf_copy) for pbuf_copy
    pbuf.o(i.pbuf_coalesce) refers to pbuf.o(i.pbuf_free) for pbuf_free
    pbuf.o(i.pbuf_copy) refers to rt_memcpy_v6.o(.text) for __aeabi_memcpy
    pbuf.o(i.pbuf_copy_partial) refers to rt_memcpy_v6.o(.text) for __aeabi_memcpy
    pbuf.o(i.pbuf_dechain) refers to pbuf.o(i.pbuf_free) for pbuf_free
    pbuf.o(i.pbuf_free) refers to sys_arch.o(i.sys_arch_protect) for sys_arch_protect
    pbuf.o(i.pbuf_free) refers to sys_arch.o(i.sys_arch_unprotect) for sys_arch_unprotect
    pbuf.o(i.pbuf_free) refers to memp.o(i.memp_free) for memp_free
    pbuf.o(i.pbuf_free) refers to mem.o(i.mem_free) for mem_free
    pbuf.o(i.pbuf_free_ooseq) refers to sys_arch.o(i.sys_arch_protect) for sys_arch_protect
    pbuf.o(i.pbuf_free_ooseq) refers to sys_arch.o(i.sys_arch_unprotect) for sys_arch_unprotect
    pbuf.o(i.pbuf_free_ooseq) refers to tcp.o(i.tcp_segs_free) for tcp_segs_free
    pbuf.o(i.pbuf_free_ooseq) refers to pbuf.o(.data) for pbuf_free_ooseq_pending
    pbuf.o(i.pbuf_free_ooseq) refers to tcp.o(.data) for tcp_active_pcbs
    pbuf.o(i.pbuf_free_ooseq_callback) refers to pbuf.o(i.pbuf_free_ooseq) for pbuf_free_ooseq
    pbuf.o(i.pbuf_get_at) refers to pbuf.o(i.pbuf_try_get_at) for pbuf_try_get_at
    pbuf.o(i.pbuf_header) refers to pbuf.o(i.pbuf_header_impl) for pbuf_header_impl
    pbuf.o(i.pbuf_header_force) refers to pbuf.o(i.pbuf_header_impl) for pbuf_header_impl
    pbuf.o(i.pbuf_memcmp) refers to pbuf.o(i.pbuf_get_at) for pbuf_get_at
    pbuf.o(i.pbuf_memfind) refers to pbuf.o(i.pbuf_memcmp) for pbuf_memcmp
    pbuf.o(i.pbuf_pool_is_empty) refers to sys_arch.o(i.sys_arch_protect) for sys_arch_protect
    pbuf.o(i.pbuf_pool_is_empty) refers to sys_arch.o(i.sys_arch_unprotect) for sys_arch_unprotect
    pbuf.o(i.pbuf_pool_is_empty) refers to tcpip.o(i.tcpip_callback_with_block) for tcpip_callback_with_block
    pbuf.o(i.pbuf_pool_is_empty) refers to pbuf.o(.data) for pbuf_free_ooseq_pending
    pbuf.o(i.pbuf_pool_is_empty) refers to pbuf.o(i.pbuf_free_ooseq_callback) for pbuf_free_ooseq_callback
    pbuf.o(i.pbuf_put_at) refers to pbuf.o(i.pbuf_skip) for pbuf_skip
    pbuf.o(i.pbuf_realloc) refers to mem.o(i.mem_trim) for mem_trim
    pbuf.o(i.pbuf_realloc) refers to pbuf.o(i.pbuf_free) for pbuf_free
    pbuf.o(i.pbuf_ref) refers to sys_arch.o(i.sys_arch_protect) for sys_arch_protect
    pbuf.o(i.pbuf_ref) refers to sys_arch.o(i.sys_arch_unprotect) for sys_arch_unprotect
    pbuf.o(i.pbuf_skip) refers to pbuf.o(i.pbuf_skip_const) for pbuf_skip_const
    pbuf.o(i.pbuf_strstr) refers to strlen.o(.text) for strlen
    pbuf.o(i.pbuf_strstr) refers to pbuf.o(i.pbuf_memfind) for pbuf_memfind
    pbuf.o(i.pbuf_take) refers to rt_memcpy_v6.o(.text) for __aeabi_memcpy
    pbuf.o(i.pbuf_take_at) refers to pbuf.o(i.pbuf_skip) for pbuf_skip
    pbuf.o(i.pbuf_take_at) refers to rt_memcpy_v6.o(.text) for __aeabi_memcpy
    pbuf.o(i.pbuf_take_at) refers to pbuf.o(i.pbuf_take) for pbuf_take
    pbuf.o(i.pbuf_try_get_at) refers to pbuf.o(i.pbuf_skip_const) for pbuf_skip_const
    sys.o(i.sys_msleep) refers to sys_arch.o(i.sys_sem_new) for sys_sem_new
    sys.o(i.sys_msleep) refers to sys_arch.o(i.sys_arch_sem_wait) for sys_arch_sem_wait
    sys.o(i.sys_msleep) refers to sys_arch.o(i.sys_sem_free) for sys_sem_free
    tcp.o(i.tcp_abandon) refers to tcp.o(i.tcp_pcb_remove) for tcp_pcb_remove
    tcp.o(i.tcp_abandon) refers to memp.o(i.memp_free) for memp_free
    tcp.o(i.tcp_abandon) refers to tcp.o(i.tcp_segs_free) for tcp_segs_free
    tcp.o(i.tcp_abandon) refers to tcp_out.o(i.tcp_rst) for tcp_rst
    tcp.o(i.tcp_abandon) refers to tcp.o(.data) for tcp_tw_pcbs
    tcp.o(i.tcp_abort) refers to tcp.o(i.tcp_abandon) for tcp_abandon
    tcp.o(i.tcp_accept_null) refers to tcp.o(i.tcp_abort) for tcp_abort
    tcp.o(i.tcp_alloc) refers to memp.o(i.memp_malloc) for memp_malloc
    tcp.o(i.tcp_alloc) refers to tcp.o(i.tcp_kill_timewait) for tcp_kill_timewait
    tcp.o(i.tcp_alloc) refers to tcp.o(i.tcp_kill_state) for tcp_kill_state
    tcp.o(i.tcp_alloc) refers to tcp.o(i.tcp_kill_prio) for tcp_kill_prio
    tcp.o(i.tcp_alloc) refers to rt_memclr_w.o(.text) for __aeabi_memclr4
    tcp.o(i.tcp_alloc) refers to stats.o(.bss) for lwip_stats
    tcp.o(i.tcp_alloc) refers to tcp.o(.data) for tcp_ticks
    tcp.o(i.tcp_alloc) refers to tcp.o(i.tcp_recv_null) for tcp_recv_null
    tcp.o(i.tcp_bind) refers to tcp.o(i.tcp_new_port) for tcp_new_port
    tcp.o(i.tcp_bind) refers to timeouts.o(i.tcp_timer_needed) for tcp_timer_needed
    tcp.o(i.tcp_bind) refers to ip4_addr.o(.constdata) for ip_addr_any
    tcp.o(i.tcp_bind) refers to tcp.o(.constdata) for tcp_pcb_lists
    tcp.o(i.tcp_bind) refers to tcp.o(.data) for tcp_bound_pcbs
    tcp.o(i.tcp_close) refers to tcp.o(i.tcp_close_shutdown) for tcp_close_shutdown
    tcp.o(i.tcp_close_shutdown) refers to tcp_out.o(i.tcp_rst) for tcp_rst
    tcp.o(i.tcp_close_shutdown) refers to tcp.o(i.tcp_pcb_purge) for tcp_pcb_purge
    tcp.o(i.tcp_close_shutdown) refers to timeouts.o(i.tcp_timer_needed) for tcp_timer_needed
    tcp.o(i.tcp_close_shutdown) refers to tcp_in.o(i.tcp_trigger_input_pcb_close) for tcp_trigger_input_pcb_close
    tcp.o(i.tcp_close_shutdown) refers to memp.o(i.memp_free) for memp_free
    tcp.o(i.tcp_close_shutdown) refers to tcp.o(i.tcp_listen_closed) for tcp_listen_closed
    tcp.o(i.tcp_close_shutdown) refers to tcp.o(i.tcp_pcb_remove) for tcp_pcb_remove
    tcp.o(i.tcp_close_shutdown) refers to tcp.o(i.tcp_close_shutdown_fin) for tcp_close_shutdown_fin
    tcp.o(i.tcp_close_shutdown) refers to tcp.o(.data) for tcp_active_pcbs
    tcp.o(i.tcp_close_shutdown) refers to tcp_in.o(.data) for tcp_input_pcb
    tcp.o(i.tcp_close_shutdown_fin) refers to tcp_out.o(i.tcp_send_fin) for tcp_send_fin
    tcp.o(i.tcp_close_shutdown_fin) refers to tcp_out.o(i.tcp_output) for tcp_output
    tcp.o(i.tcp_connect) refers to ip4.o(i.ip4_route) for ip4_route
    tcp.o(i.tcp_connect) refers to tcp.o(i.tcp_new_port) for tcp_new_port
    tcp.o(i.tcp_connect) refers to tcp.o(i.tcp_next_iss) for tcp_next_iss
    tcp.o(i.tcp_connect) refers to tcp.o(i.tcp_eff_send_mss_impl) for tcp_eff_send_mss_impl
    tcp.o(i.tcp_connect) refers to tcp_out.o(i.tcp_enqueue_flags) for tcp_enqueue_flags
    tcp.o(i.tcp_connect) refers to timeouts.o(i.tcp_timer_needed) for tcp_timer_needed
    tcp.o(i.tcp_connect) refers to tcp_out.o(i.tcp_output) for tcp_output
    tcp.o(i.tcp_connect) refers to tcp.o(.data) for tcp_bound_pcbs
    tcp.o(i.tcp_debug_state_str) refers to tcp.o(.constdata) for tcp_state_str
    tcp.o(i.tcp_eff_send_mss_impl) refers to ip4.o(i.ip4_route) for ip4_route
    tcp.o(i.tcp_fasttmr) refers to tcp_out.o(i.tcp_output) for tcp_output
    tcp.o(i.tcp_fasttmr) refers to tcp.o(i.tcp_close_shutdown_fin) for tcp_close_shutdown_fin
    tcp.o(i.tcp_fasttmr) refers to tcp.o(i.tcp_process_refused_data) for tcp_process_refused_data
    tcp.o(i.tcp_fasttmr) refers to tcp.o(.data) for tcp_timer_ctr
    tcp.o(i.tcp_kill_prio) refers to tcp.o(i.tcp_abort) for tcp_abort
    tcp.o(i.tcp_kill_prio) refers to tcp.o(.data) for tcp_active_pcbs
    tcp.o(i.tcp_kill_state) refers to tcp.o(i.tcp_abandon) for tcp_abandon
    tcp.o(i.tcp_kill_state) refers to tcp.o(.data) for tcp_active_pcbs
    tcp.o(i.tcp_kill_timewait) refers to tcp.o(i.tcp_abort) for tcp_abort
    tcp.o(i.tcp_kill_timewait) refers to tcp.o(.data) for tcp_tw_pcbs
    tcp.o(i.tcp_listen_closed) refers to tcp.o(i.tcp_remove_listener) for tcp_remove_listener
    tcp.o(i.tcp_listen_closed) refers to tcp.o(.constdata) for tcp_pcb_lists
    tcp.o(i.tcp_listen_with_backlog) refers to tcp.o(i.tcp_listen_with_backlog_and_err) for tcp_listen_with_backlog_and_err
    tcp.o(i.tcp_listen_with_backlog_and_err) refers to memp.o(i.memp_malloc) for memp_malloc
    tcp.o(i.tcp_listen_with_backlog_and_err) refers to memp.o(i.memp_free) for memp_free
    tcp.o(i.tcp_listen_with_backlog_and_err) refers to timeouts.o(i.tcp_timer_needed) for tcp_timer_needed
    tcp.o(i.tcp_listen_with_backlog_and_err) refers to tcp.o(.data) for tcp_bound_pcbs
    tcp.o(i.tcp_listen_with_backlog_and_err) refers to tcp.o(i.tcp_accept_null) for tcp_accept_null
    tcp.o(i.tcp_netif_ip_addr_changed) refers to tcp.o(i.tcp_netif_ip_addr_changed_pcblist) for tcp_netif_ip_addr_changed_pcblist
    tcp.o(i.tcp_netif_ip_addr_changed) refers to tcp.o(.data) for tcp_active_pcbs
    tcp.o(i.tcp_netif_ip_addr_changed_pcblist) refers to tcp.o(i.tcp_abort) for tcp_abort
    tcp.o(i.tcp_new) refers to tcp.o(i.tcp_alloc) for tcp_alloc
    tcp.o(i.tcp_new_ip_type) refers to tcp.o(i.tcp_alloc) for tcp_alloc
    tcp.o(i.tcp_new_port) refers to tcp.o(.data) for tcp_port
    tcp.o(i.tcp_new_port) refers to tcp.o(.constdata) for tcp_pcb_lists
    tcp.o(i.tcp_next_iss) refers to tcp.o(.data) for iss
    tcp.o(i.tcp_pcb_purge) refers to pbuf.o(i.pbuf_free) for pbuf_free
    tcp.o(i.tcp_pcb_purge) refers to tcp.o(i.tcp_segs_free) for tcp_segs_free
    tcp.o(i.tcp_pcb_remove) refers to tcp.o(i.tcp_pcb_purge) for tcp_pcb_purge
    tcp.o(i.tcp_pcb_remove) refers to tcp_out.o(i.tcp_output) for tcp_output
    tcp.o(i.tcp_process_refused_data) refers to tcp.o(i.tcp_recv_null) for tcp_recv_null
    tcp.o(i.tcp_recv_null) refers to tcp.o(i.tcp_recved) for tcp_recved
    tcp.o(i.tcp_recv_null) refers to pbuf.o(i.pbuf_free) for pbuf_free
    tcp.o(i.tcp_recv_null) refers to tcp.o(i.tcp_close) for tcp_close
    tcp.o(i.tcp_recved) refers to tcp.o(i.tcp_update_rcv_ann_wnd) for tcp_update_rcv_ann_wnd
    tcp.o(i.tcp_recved) refers to tcp_out.o(i.tcp_output) for tcp_output
    tcp.o(i.tcp_seg_copy) refers to memp.o(i.memp_malloc) for memp_malloc
    tcp.o(i.tcp_seg_copy) refers to pbuf.o(i.pbuf_ref) for pbuf_ref
    tcp.o(i.tcp_seg_free) refers to pbuf.o(i.pbuf_free) for pbuf_free
    tcp.o(i.tcp_seg_free) refers to memp.o(i.memp_free) for memp_free
    tcp.o(i.tcp_segs_free) refers to tcp.o(i.tcp_seg_free) for tcp_seg_free
    tcp.o(i.tcp_shutdown) refers to tcp.o(i.tcp_close_shutdown) for tcp_close_shutdown
    tcp.o(i.tcp_shutdown) refers to pbuf.o(i.pbuf_free) for pbuf_free
    tcp.o(i.tcp_slowtmr) refers to tcp_out.o(i.tcp_zero_window_probe) for tcp_zero_window_probe
    tcp.o(i.tcp_slowtmr) refers to tcp_out.o(i.tcp_rexmit_rto) for tcp_rexmit_rto
    tcp.o(i.tcp_slowtmr) refers to tcp_out.o(i.tcp_keepalive) for tcp_keepalive
    tcp.o(i.tcp_slowtmr) refers to tcp.o(i.tcp_segs_free) for tcp_segs_free
    tcp.o(i.tcp_slowtmr) refers to tcp.o(i.tcp_pcb_purge) for tcp_pcb_purge
    tcp.o(i.tcp_slowtmr) refers to tcp_out.o(i.tcp_rst) for tcp_rst
    tcp.o(i.tcp_slowtmr) refers to memp.o(i.memp_free) for memp_free
    tcp.o(i.tcp_slowtmr) refers to tcp_out.o(i.tcp_output) for tcp_output
    tcp.o(i.tcp_slowtmr) refers to tcp.o(.data) for tcp_ticks
    tcp.o(i.tcp_slowtmr) refers to tcp.o(.constdata) for tcp_persist_backoff
    tcp.o(i.tcp_tmr) refers to tcp.o(i.tcp_fasttmr) for tcp_fasttmr
    tcp.o(i.tcp_tmr) refers to tcp.o(i.tcp_slowtmr) for tcp_slowtmr
    tcp.o(i.tcp_tmr) refers to tcp.o(.data) for tcp_timer
    tcp.o(i.tcp_txnow) refers to tcp_out.o(i.tcp_output) for tcp_output
    tcp.o(i.tcp_txnow) refers to tcp.o(.data) for tcp_active_pcbs
    tcp.o(.constdata) refers to tcp.o(.conststring) for .conststring
    tcp.o(.constdata) refers to tcp.o(.data) for tcp_listen_pcbs
    tcp_in.o(i.tcp_getoptbyte) refers to tcp_in.o(.data) for tcphdr_opt2
    tcp_in.o(i.tcp_input) refers to ip4_addr.o(i.ip4_addr_isbroadcast_u32) for ip4_addr_isbroadcast_u32
    tcp_in.o(i.tcp_input) refers to inet_chksum.o(i.ip_chksum_pseudo) for ip_chksum_pseudo
    tcp_in.o(i.tcp_input) refers to def.o(i.lwip_htons) for lwip_htons
    tcp_in.o(i.tcp_input) refers to pbuf.o(i.pbuf_header) for pbuf_header
    tcp_in.o(i.tcp_input) refers to def.o(i.lwip_htonl) for lwip_htonl
    tcp_in.o(i.tcp_input) refers to tcp_in.o(i.tcp_timewait_input) for tcp_timewait_input
    tcp_in.o(i.tcp_input) refers to pbuf.o(i.pbuf_free) for pbuf_free
    tcp_in.o(i.tcp_input) refers to tcp_in.o(i.tcp_listen_input) for tcp_listen_input
    tcp_in.o(i.tcp_input) refers to tcp.o(i.tcp_process_refused_data) for tcp_process_refused_data
    tcp_in.o(i.tcp_input) refers to tcp_out.o(i.tcp_send_empty_ack) for tcp_send_empty_ack
    tcp_in.o(i.tcp_input) refers to tcp_in.o(i.tcp_process) for tcp_process
    tcp_in.o(i.tcp_input) refers to tcp.o(i.tcp_pcb_remove) for tcp_pcb_remove
    tcp_in.o(i.tcp_input) refers to memp.o(i.memp_free) for memp_free
    tcp_in.o(i.tcp_input) refers to stats.o(.bss) for lwip_stats
    tcp_in.o(i.tcp_input) refers to tcp_in.o(.data) for tcphdr
    tcp_in.o(i.tcp_input) refers to ip.o(.bss) for ip_data
    tcp_in.o(i.tcp_input) refers to tcp.o(.data) for tcp_active_pcbs
    tcp_in.o(i.tcp_input) refers to tcp_in.o(.bss) for inseg
    tcp_in.o(i.tcp_input) refers to tcp.o(i.tcp_abort) for tcp_abort
    tcp_in.o(i.tcp_input) refers to tcp.o(i.tcp_recv_null) for tcp_recv_null
    tcp_in.o(i.tcp_input) refers to tcp_out.o(i.tcp_output) for tcp_output
    tcp_in.o(i.tcp_input) refers to tcp_out.o(i.tcp_rst) for tcp_rst
    tcp_in.o(i.tcp_listen_input) refers to tcp_out.o(i.tcp_rst) for tcp_rst
    tcp_in.o(i.tcp_listen_input) refers to tcp.o(i.tcp_alloc) for tcp_alloc
    tcp_in.o(i.tcp_listen_input) refers to tcp.o(i.tcp_next_iss) for tcp_next_iss
    tcp_in.o(i.tcp_listen_input) refers to timeouts.o(i.tcp_timer_needed) for tcp_timer_needed
    tcp_in.o(i.tcp_listen_input) refers to tcp_in.o(i.tcp_parseopt) for tcp_parseopt
    tcp_in.o(i.tcp_listen_input) refers to tcp.o(i.tcp_eff_send_mss_impl) for tcp_eff_send_mss_impl
    tcp_in.o(i.tcp_listen_input) refers to tcp_out.o(i.tcp_enqueue_flags) for tcp_enqueue_flags
    tcp_in.o(i.tcp_listen_input) refers to tcp.o(i.tcp_abandon) for tcp_abandon
    tcp_in.o(i.tcp_listen_input) refers to tcp_out.o(i.tcp_output) for tcp_output
    tcp_in.o(i.tcp_listen_input) refers to tcp_in.o(.data) for flags
    tcp_in.o(i.tcp_listen_input) refers to ip.o(.bss) for ip_data
    tcp_in.o(i.tcp_listen_input) refers to stats.o(.bss) for lwip_stats
    tcp_in.o(i.tcp_listen_input) refers to tcp.o(.data) for tcp_active_pcbs
    tcp_in.o(i.tcp_oos_insert_segment) refers to def.o(i.lwip_htons) for lwip_htons
    tcp_in.o(i.tcp_oos_insert_segment) refers to tcp.o(i.tcp_segs_free) for tcp_segs_free
    tcp_in.o(i.tcp_oos_insert_segment) refers to tcp.o(i.tcp_seg_free) for tcp_seg_free
    tcp_in.o(i.tcp_oos_insert_segment) refers to pbuf.o(i.pbuf_realloc) for pbuf_realloc
    tcp_in.o(i.tcp_oos_insert_segment) refers to tcp_in.o(.data) for seqno
    tcp_in.o(i.tcp_parseopt) refers to tcp_in.o(i.tcp_getoptbyte) for tcp_getoptbyte
    tcp_in.o(i.tcp_parseopt) refers to tcp_in.o(.data) for tcphdr_optlen
    tcp_in.o(i.tcp_process) refers to tcp_in.o(i.tcp_parseopt) for tcp_parseopt
    tcp_in.o(i.tcp_process) refers to tcp.o(i.tcp_eff_send_mss_impl) for tcp_eff_send_mss_impl
    tcp_in.o(i.tcp_process) refers to tcp.o(i.tcp_seg_free) for tcp_seg_free
    tcp_in.o(i.tcp_process) refers to tcp_out.o(i.tcp_rst) for tcp_rst
    tcp_in.o(i.tcp_process) refers to tcp_out.o(i.tcp_rexmit_rto) for tcp_rexmit_rto
    tcp_in.o(i.tcp_process) refers to tcp.o(i.tcp_abort) for tcp_abort
    tcp_in.o(i.tcp_process) refers to tcp_in.o(i.tcp_receive) for tcp_receive
    tcp_in.o(i.tcp_process) refers to tcp_out.o(i.tcp_rexmit) for tcp_rexmit
    tcp_in.o(i.tcp_process) refers to tcp.o(i.tcp_pcb_purge) for tcp_pcb_purge
    tcp_in.o(i.tcp_process) refers to tcp_in.o(.data) for flags
    tcp_in.o(i.tcp_process) refers to tcp.o(.data) for tcp_ticks
    tcp_in.o(i.tcp_process) refers to ip.o(.bss) for ip_data
    tcp_in.o(i.tcp_process) refers to timeouts.o(i.tcp_timer_needed) for tcp_timer_needed
    tcp_in.o(i.tcp_receive) refers to tcp_out.o(i.tcp_rexmit_fast) for tcp_rexmit_fast
    tcp_in.o(i.tcp_receive) refers to pbuf.o(i.pbuf_clen) for pbuf_clen
    tcp_in.o(i.tcp_receive) refers to tcp.o(i.tcp_seg_free) for tcp_seg_free
    tcp_in.o(i.tcp_receive) refers to def.o(i.lwip_htonl) for lwip_htonl
    tcp_in.o(i.tcp_receive) refers to def.o(i.lwip_htons) for lwip_htons
    tcp_in.o(i.tcp_receive) refers to tcp_out.o(i.tcp_send_empty_ack) for tcp_send_empty_ack
    tcp_in.o(i.tcp_receive) refers to pbuf.o(i.pbuf_header) for pbuf_header
    tcp_in.o(i.tcp_receive) refers to tcp_in.o(.data) for flags
    tcp_in.o(i.tcp_receive) refers to tcp.o(.data) for tcp_ticks
    tcp_in.o(i.tcp_receive) refers to tcp_in.o(.bss) for inseg
    tcp_in.o(i.tcp_receive) refers to pbuf.o(i.pbuf_realloc) for pbuf_realloc
    tcp_in.o(i.tcp_receive) refers to tcp.o(i.tcp_update_rcv_ann_wnd) for tcp_update_rcv_ann_wnd
    tcp_in.o(i.tcp_receive) refers to pbuf.o(i.pbuf_cat) for pbuf_cat
    tcp_in.o(i.tcp_receive) refers to tcp.o(i.tcp_seg_copy) for tcp_seg_copy
    tcp_in.o(i.tcp_receive) refers to tcp_in.o(i.tcp_oos_insert_segment) for tcp_oos_insert_segment
    tcp_in.o(i.tcp_timewait_input) refers to tcp_out.o(i.tcp_rst) for tcp_rst
    tcp_in.o(i.tcp_timewait_input) refers to tcp_out.o(i.tcp_output) for tcp_output
    tcp_in.o(i.tcp_timewait_input) refers to tcp_in.o(.data) for flags
    tcp_in.o(i.tcp_timewait_input) refers to ip.o(.bss) for ip_data
    tcp_in.o(i.tcp_timewait_input) refers to tcp.o(.data) for tcp_ticks
    tcp_in.o(i.tcp_trigger_input_pcb_close) refers to tcp_in.o(.data) for recv_flags
    tcp_out.o(i.tcp_create_segment) refers to memp.o(i.memp_malloc) for memp_malloc
    tcp_out.o(i.tcp_create_segment) refers to pbuf.o(i.pbuf_free) for pbuf_free
    tcp_out.o(i.tcp_create_segment) refers to pbuf.o(i.pbuf_header) for pbuf_header
    tcp_out.o(i.tcp_create_segment) refers to tcp.o(i.tcp_seg_free) for tcp_seg_free
    tcp_out.o(i.tcp_create_segment) refers to def.o(i.lwip_htons) for lwip_htons
    tcp_out.o(i.tcp_create_segment) refers to def.o(i.lwip_htonl) for lwip_htonl
    tcp_out.o(i.tcp_create_segment) refers to stats.o(.bss) for lwip_stats
    tcp_out.o(i.tcp_enqueue_flags) refers to pbuf.o(i.pbuf_alloc) for pbuf_alloc
    tcp_out.o(i.tcp_enqueue_flags) refers to tcp_out.o(i.tcp_create_segment) for tcp_create_segment
    tcp_out.o(i.tcp_enqueue_flags) refers to pbuf.o(i.pbuf_clen) for pbuf_clen
    tcp_out.o(i.tcp_enqueue_flags) refers to stats.o(.bss) for lwip_stats
    tcp_out.o(i.tcp_keepalive) refers to def.o(i.lwip_htonl) for lwip_htonl
    tcp_out.o(i.tcp_keepalive) refers to tcp_out.o(i.tcp_output_alloc_header) for tcp_output_alloc_header
    tcp_out.o(i.tcp_keepalive) refers to ip4.o(i.ip4_route) for ip4_route
    tcp_out.o(i.tcp_keepalive) refers to inet_chksum.o(i.ip_chksum_pseudo) for ip_chksum_pseudo
    tcp_out.o(i.tcp_keepalive) refers to ip4.o(i.ip4_output_if) for ip4_output_if
    tcp_out.o(i.tcp_keepalive) refers to pbuf.o(i.pbuf_free) for pbuf_free
    tcp_out.o(i.tcp_keepalive) refers to stats.o(.bss) for lwip_stats
    tcp_out.o(i.tcp_output) refers to def.o(i.lwip_htonl) for lwip_htonl
    tcp_out.o(i.tcp_output) refers to tcp_out.o(i.tcp_send_empty_ack) for tcp_send_empty_ack
    tcp_out.o(i.tcp_output) refers to ip4.o(i.ip4_route) for ip4_route
    tcp_out.o(i.tcp_output) refers to def.o(i.lwip_htons) for lwip_htons
    tcp_out.o(i.tcp_output) refers to tcp_out.o(i.tcp_output_segment) for tcp_output_segment
    tcp_out.o(i.tcp_output) refers to tcp.o(i.tcp_seg_free) for tcp_seg_free
    tcp_out.o(i.tcp_output) refers to tcp_in.o(.data) for tcp_input_pcb
    tcp_out.o(i.tcp_output_alloc_header) refers to pbuf.o(i.pbuf_alloc) for pbuf_alloc
    tcp_out.o(i.tcp_output_alloc_header) refers to def.o(i.lwip_htons) for lwip_htons
    tcp_out.o(i.tcp_output_alloc_header) refers to def.o(i.lwip_htonl) for lwip_htonl
    tcp_out.o(i.tcp_output_segment) refers to def.o(i.lwip_htonl) for lwip_htonl
    tcp_out.o(i.tcp_output_segment) refers to def.o(i.lwip_htons) for lwip_htons
    tcp_out.o(i.tcp_output_segment) refers to tcp.o(i.tcp_eff_send_mss_impl) for tcp_eff_send_mss_impl
    tcp_out.o(i.tcp_output_segment) refers to inet_chksum.o(i.ip_chksum_pseudo) for ip_chksum_pseudo
    tcp_out.o(i.tcp_output_segment) refers to ip4.o(i.ip4_output_if) for ip4_output_if
    tcp_out.o(i.tcp_output_segment) refers to tcp.o(.data) for tcp_ticks
    tcp_out.o(i.tcp_output_segment) refers to stats.o(.bss) for lwip_stats
    tcp_out.o(i.tcp_pbuf_prealloc) refers to pbuf.o(i.pbuf_alloc) for pbuf_alloc
    tcp_out.o(i.tcp_rexmit) refers to def.o(i.lwip_htonl) for lwip_htonl
    tcp_out.o(i.tcp_rexmit_fast) refers to tcp_out.o(i.tcp_rexmit) for tcp_rexmit
    tcp_out.o(i.tcp_rexmit_rto) refers to tcp_out.o(i.tcp_output) for tcp_output
    tcp_out.o(i.tcp_rst) refers to pbuf.o(i.pbuf_alloc) for pbuf_alloc
    tcp_out.o(i.tcp_rst) refers to def.o(i.lwip_htons) for lwip_htons
    tcp_out.o(i.tcp_rst) refers to def.o(i.lwip_htonl) for lwip_htonl
    tcp_out.o(i.tcp_rst) refers to ip4.o(i.ip4_route) for ip4_route
    tcp_out.o(i.tcp_rst) refers to inet_chksum.o(i.ip_chksum_pseudo) for ip_chksum_pseudo
    tcp_out.o(i.tcp_rst) refers to ip4.o(i.ip4_output_if) for ip4_output_if
    tcp_out.o(i.tcp_rst) refers to pbuf.o(i.pbuf_free) for pbuf_free
    tcp_out.o(i.tcp_rst) refers to stats.o(.bss) for lwip_stats
    tcp_out.o(i.tcp_send_empty_ack) refers to def.o(i.lwip_htonl) for lwip_htonl
    tcp_out.o(i.tcp_send_empty_ack) refers to tcp_out.o(i.tcp_output_alloc_header) for tcp_output_alloc_header
    tcp_out.o(i.tcp_send_empty_ack) refers to ip4.o(i.ip4_route) for ip4_route
    tcp_out.o(i.tcp_send_empty_ack) refers to inet_chksum.o(i.ip_chksum_pseudo) for ip_chksum_pseudo
    tcp_out.o(i.tcp_send_empty_ack) refers to ip4.o(i.ip4_output_if) for ip4_output_if
    tcp_out.o(i.tcp_send_empty_ack) refers to pbuf.o(i.pbuf_free) for pbuf_free
    tcp_out.o(i.tcp_send_fin) refers to def.o(i.lwip_htons) for lwip_htons
    tcp_out.o(i.tcp_send_fin) refers to tcp_out.o(i.tcp_enqueue_flags) for tcp_enqueue_flags
    tcp_out.o(i.tcp_write) refers to tcp_out.o(i.tcp_write_checks) for tcp_write_checks
    tcp_out.o(i.tcp_write) refers to tcp_out.o(i.tcp_pbuf_prealloc) for tcp_pbuf_prealloc
    tcp_out.o(i.tcp_write) refers to rt_memcpy_v6.o(.text) for __aeabi_memcpy
    tcp_out.o(i.tcp_write) refers to pbuf.o(i.pbuf_clen) for pbuf_clen
    tcp_out.o(i.tcp_write) refers to pbuf.o(i.pbuf_alloc) for pbuf_alloc
    tcp_out.o(i.tcp_write) refers to pbuf.o(i.pbuf_free) for pbuf_free
    tcp_out.o(i.tcp_write) refers to pbuf.o(i.pbuf_cat) for pbuf_cat
    tcp_out.o(i.tcp_write) refers to tcp_out.o(i.tcp_create_segment) for tcp_create_segment
    tcp_out.o(i.tcp_write) refers to def.o(i.lwip_htons) for lwip_htons
    tcp_out.o(i.tcp_write) refers to tcp.o(i.tcp_segs_free) for tcp_segs_free
    tcp_out.o(i.tcp_write) refers to stats.o(.bss) for lwip_stats
    tcp_out.o(i.tcp_write_checks) refers to stats.o(.bss) for lwip_stats
    tcp_out.o(i.tcp_zero_window_probe) refers to def.o(i.lwip_htons) for lwip_htons
    tcp_out.o(i.tcp_zero_window_probe) refers to tcp_out.o(i.tcp_output_alloc_header) for tcp_output_alloc_header
    tcp_out.o(i.tcp_zero_window_probe) refers to pbuf.o(i.pbuf_copy_partial) for pbuf_copy_partial
    tcp_out.o(i.tcp_zero_window_probe) refers to def.o(i.lwip_htonl) for lwip_htonl
    tcp_out.o(i.tcp_zero_window_probe) refers to ip4.o(i.ip4_route) for ip4_route
    tcp_out.o(i.tcp_zero_window_probe) refers to inet_chksum.o(i.ip_chksum_pseudo) for ip_chksum_pseudo
    tcp_out.o(i.tcp_zero_window_probe) refers to ip4.o(i.ip4_output_if) for ip4_output_if
    tcp_out.o(i.tcp_zero_window_probe) refers to pbuf.o(i.pbuf_free) for pbuf_free
    tcp_out.o(i.tcp_zero_window_probe) refers to stats.o(.bss) for lwip_stats
    timeouts.o(i.cyclic_timer) refers to timeouts.o(i.sys_timeout) for sys_timeout
    timeouts.o(i.sys_check_timeouts) refers to ethernetif.o(i.sys_now) for sys_now
    timeouts.o(i.sys_check_timeouts) refers to memp.o(i.memp_free) for memp_free
    timeouts.o(i.sys_check_timeouts) refers to sys_arch.o(i.sys_arch_sem_wait) for sys_arch_sem_wait
    timeouts.o(i.sys_check_timeouts) refers to sys_arch.o(i.sys_sem_signal) for sys_sem_signal
    timeouts.o(i.sys_check_timeouts) refers to timeouts.o(.data) for next_timeout
    timeouts.o(i.sys_check_timeouts) refers to tcpip.o(.data) for lock_tcpip_core
    timeouts.o(i.sys_restart_timeouts) refers to ethernetif.o(i.sys_now) for sys_now
    timeouts.o(i.sys_restart_timeouts) refers to timeouts.o(.data) for timeouts_last_time
    timeouts.o(i.sys_timeout) refers to memp.o(i.memp_malloc) for memp_malloc
    timeouts.o(i.sys_timeout) refers to ethernetif.o(i.sys_now) for sys_now
    timeouts.o(i.sys_timeout) refers to timeouts.o(.data) for next_timeout
    timeouts.o(i.sys_timeouts_init) refers to timeouts.o(i.sys_timeout) for sys_timeout
    timeouts.o(i.sys_timeouts_init) refers to ethernetif.o(i.sys_now) for sys_now
    timeouts.o(i.sys_timeouts_init) refers to timeouts.o(.constdata) for lwip_cyclic_timers
    timeouts.o(i.sys_timeouts_init) refers to timeouts.o(i.cyclic_timer) for cyclic_timer
    timeouts.o(i.sys_timeouts_init) refers to timeouts.o(.data) for timeouts_last_time
    timeouts.o(i.sys_timeouts_mbox_fetch) refers to sys_arch.o(i.sys_arch_mbox_fetch) for sys_arch_mbox_fetch
    timeouts.o(i.sys_timeouts_mbox_fetch) refers to timeouts.o(i.sys_timeouts_sleeptime) for sys_timeouts_sleeptime
    timeouts.o(i.sys_timeouts_mbox_fetch) refers to timeouts.o(i.sys_check_timeouts) for sys_check_timeouts
    timeouts.o(i.sys_timeouts_mbox_fetch) refers to timeouts.o(.data) for next_timeout
    timeouts.o(i.sys_timeouts_sleeptime) refers to ethernetif.o(i.sys_now) for sys_now
    timeouts.o(i.sys_timeouts_sleeptime) refers to timeouts.o(.data) for next_timeout
    timeouts.o(i.sys_untimeout) refers to memp.o(i.memp_free) for memp_free
    timeouts.o(i.sys_untimeout) refers to timeouts.o(.data) for next_timeout
    timeouts.o(i.tcp_timer_needed) refers to timeouts.o(i.sys_timeout) for sys_timeout
    timeouts.o(i.tcp_timer_needed) refers to timeouts.o(.data) for tcpip_tcp_timer_active
    timeouts.o(i.tcp_timer_needed) refers to tcp.o(.data) for tcp_active_pcbs
    timeouts.o(i.tcp_timer_needed) refers to timeouts.o(i.tcpip_tcp_timer) for tcpip_tcp_timer
    timeouts.o(i.tcpip_tcp_timer) refers to tcp.o(i.tcp_tmr) for tcp_tmr
    timeouts.o(i.tcpip_tcp_timer) refers to timeouts.o(i.sys_timeout) for sys_timeout
    timeouts.o(i.tcpip_tcp_timer) refers to tcp.o(.data) for tcp_active_pcbs
    timeouts.o(i.tcpip_tcp_timer) refers to timeouts.o(.data) for tcpip_tcp_timer_active
    timeouts.o(.constdata) refers to tcp.o(i.tcp_tmr) for tcp_tmr
    timeouts.o(.constdata) refers to ip4_frag.o(i.ip_reass_tmr) for ip_reass_tmr
    timeouts.o(.constdata) refers to etharp.o(i.etharp_tmr) for etharp_tmr
    timeouts.o(.constdata) refers to dhcp.o(i.dhcp_coarse_tmr) for dhcp_coarse_tmr
    timeouts.o(.constdata) refers to dhcp.o(i.dhcp_fine_tmr) for dhcp_fine_tmr
    timeouts.o(.constdata) refers to dns.o(i.dns_tmr) for dns_tmr
    udp.o(i.udp_bind) refers to udp.o(i.udp_new_port) for udp_new_port
    udp.o(i.udp_bind) refers to ip4_addr.o(.constdata) for ip_addr_any
    udp.o(i.udp_bind) refers to udp.o(.data) for udp_pcbs
    udp.o(i.udp_connect) refers to udp.o(i.udp_bind) for udp_bind
    udp.o(i.udp_connect) refers to udp.o(.data) for udp_pcbs
    udp.o(i.udp_input) refers to pbuf.o(i.pbuf_free) for pbuf_free
    udp.o(i.udp_input) refers to ip4_addr.o(i.ip4_addr_isbroadcast_u32) for ip4_addr_isbroadcast_u32
    udp.o(i.udp_input) refers to def.o(i.lwip_htons) for lwip_htons
    udp.o(i.udp_input) refers to udp.o(i.udp_input_local_match) for udp_input_local_match
    udp.o(i.udp_input) refers to inet_chksum.o(i.ip_chksum_pseudo) for ip_chksum_pseudo
    udp.o(i.udp_input) refers to pbuf.o(i.pbuf_header) for pbuf_header
    udp.o(i.udp_input) refers to pbuf.o(i.pbuf_header_force) for pbuf_header_force
    udp.o(i.udp_input) refers to icmp.o(i.icmp_dest_unreach) for icmp_dest_unreach
    udp.o(i.udp_input) refers to stats.o(.bss) for lwip_stats
    udp.o(i.udp_input) refers to ip.o(.bss) for ip_data
    udp.o(i.udp_input) refers to udp.o(.data) for udp_pcbs
    udp.o(i.udp_input_local_match) refers to ip.o(.bss) for ip_data
    udp.o(i.udp_netif_ip_addr_changed) refers to udp.o(.data) for udp_pcbs
    udp.o(i.udp_new) refers to memp.o(i.memp_malloc) for memp_malloc
    udp.o(i.udp_new) refers to rt_memclr_w.o(.text) for __aeabi_memclr4
    udp.o(i.udp_new_ip_type) refers to udp.o(i.udp_new) for udp_new
    udp.o(i.udp_new_port) refers to udp.o(.data) for udp_port
    udp.o(i.udp_remove) refers to memp.o(i.memp_free) for memp_free
    udp.o(i.udp_remove) refers to udp.o(.data) for udp_pcbs
    udp.o(i.udp_send) refers to udp.o(i.udp_sendto) for udp_sendto
    udp.o(i.udp_sendto) refers to ip4.o(i.ip4_route) for ip4_route
    udp.o(i.udp_sendto) refers to udp.o(i.udp_sendto_if) for udp_sendto_if
    udp.o(i.udp_sendto) refers to stats.o(.bss) for lwip_stats
    udp.o(i.udp_sendto_if) refers to udp.o(i.udp_sendto_if_src) for udp_sendto_if_src
    udp.o(i.udp_sendto_if_src) refers to udp.o(i.udp_bind) for udp_bind
    udp.o(i.udp_sendto_if_src) refers to pbuf.o(i.pbuf_header) for pbuf_header
    udp.o(i.udp_sendto_if_src) refers to pbuf.o(i.pbuf_alloc) for pbuf_alloc
    udp.o(i.udp_sendto_if_src) refers to pbuf.o(i.pbuf_chain) for pbuf_chain
    udp.o(i.udp_sendto_if_src) refers to def.o(i.lwip_htons) for lwip_htons
    udp.o(i.udp_sendto_if_src) refers to inet_chksum.o(i.ip_chksum_pseudo) for ip_chksum_pseudo
    udp.o(i.udp_sendto_if_src) refers to ip4.o(i.ip4_output_if_src) for ip4_output_if_src
    udp.o(i.udp_sendto_if_src) refers to pbuf.o(i.pbuf_free) for pbuf_free
    udp.o(i.udp_sendto_if_src) refers to stats.o(.bss) for lwip_stats
    dhcp.o(i.dhcp_arp_reply) refers to dhcp.o(i.dhcp_decline) for dhcp_decline
    dhcp.o(i.dhcp_bind) refers to dhcp.o(i.dhcp_set_state) for dhcp_set_state
    dhcp.o(i.dhcp_bind) refers to netif.o(i.netif_set_addr) for netif_set_addr
    dhcp.o(i.dhcp_check) refers to dhcp.o(i.dhcp_set_state) for dhcp_set_state
    dhcp.o(i.dhcp_check) refers to etharp.o(i.etharp_query) for etharp_query
    dhcp.o(i.dhcp_cleanup) refers to mem.o(i.mem_free) for mem_free
    dhcp.o(i.dhcp_coarse_tmr) refers to dhcp.o(i.dhcp_release) for dhcp_release
    dhcp.o(i.dhcp_coarse_tmr) refers to dhcp.o(i.dhcp_discover) for dhcp_discover
    dhcp.o(i.dhcp_coarse_tmr) refers to dhcp.o(i.dhcp_t2_timeout) for dhcp_t2_timeout
    dhcp.o(i.dhcp_coarse_tmr) refers to dhcp.o(i.dhcp_t1_timeout) for dhcp_t1_timeout
    dhcp.o(i.dhcp_coarse_tmr) refers to netif.o(.data) for netif_list
    dhcp.o(i.dhcp_create_msg) refers to pbuf.o(i.pbuf_alloc) for pbuf_alloc
    dhcp.o(i.dhcp_create_msg) refers to def.o(i.lwip_htonl) for lwip_htonl
    dhcp.o(i.dhcp_create_msg) refers to dhcp.o(i.dhcp_option) for dhcp_option
    dhcp.o(i.dhcp_create_msg) refers to dhcp.o(i.dhcp_option_byte) for dhcp_option_byte
    dhcp.o(i.dhcp_create_msg) refers to dhcp.o(.data) for xid
    dhcp.o(i.dhcp_dec_pcb_refcount) refers to udp.o(i.udp_remove) for udp_remove
    dhcp.o(i.dhcp_dec_pcb_refcount) refers to dhcp.o(.data) for dhcp_pcb_refcount
    dhcp.o(i.dhcp_decline) refers to dhcp.o(i.dhcp_set_state) for dhcp_set_state
    dhcp.o(i.dhcp_decline) refers to dhcp.o(i.dhcp_create_msg) for dhcp_create_msg
    dhcp.o(i.dhcp_decline) refers to dhcp.o(i.dhcp_option) for dhcp_option
    dhcp.o(i.dhcp_decline) refers to def.o(i.lwip_htonl) for lwip_htonl
    dhcp.o(i.dhcp_decline) refers to dhcp.o(i.dhcp_option_long) for dhcp_option_long
    dhcp.o(i.dhcp_decline) refers to dhcp.o(i.dhcp_option_trailer) for dhcp_option_trailer
    dhcp.o(i.dhcp_decline) refers to pbuf.o(i.pbuf_realloc) for pbuf_realloc
    dhcp.o(i.dhcp_decline) refers to udp.o(i.udp_sendto_if_src) for udp_sendto_if_src
    dhcp.o(i.dhcp_decline) refers to dhcp.o(i.dhcp_delete_msg) for dhcp_delete_msg
    dhcp.o(i.dhcp_decline) refers to ip4_addr.o(.constdata) for ip_addr_any
    dhcp.o(i.dhcp_decline) refers to dhcp.o(.data) for dhcp_pcb
    dhcp.o(i.dhcp_delete_msg) refers to pbuf.o(i.pbuf_free) for pbuf_free
    dhcp.o(i.dhcp_discover) refers to dhcp.o(i.dhcp_set_state) for dhcp_set_state
    dhcp.o(i.dhcp_discover) refers to dhcp.o(i.dhcp_create_msg) for dhcp_create_msg
    dhcp.o(i.dhcp_discover) refers to dhcp.o(i.dhcp_option) for dhcp_option
    dhcp.o(i.dhcp_discover) refers to dhcp.o(i.dhcp_option_short) for dhcp_option_short
    dhcp.o(i.dhcp_discover) refers to dhcp.o(i.dhcp_option_byte) for dhcp_option_byte
    dhcp.o(i.dhcp_discover) refers to dhcp.o(i.dhcp_option_trailer) for dhcp_option_trailer
    dhcp.o(i.dhcp_discover) refers to pbuf.o(i.pbuf_realloc) for pbuf_realloc
    dhcp.o(i.dhcp_discover) refers to udp.o(i.udp_sendto_if_src) for udp_sendto_if_src
    dhcp.o(i.dhcp_discover) refers to dhcp.o(i.dhcp_delete_msg) for dhcp_delete_msg
    dhcp.o(i.dhcp_discover) refers to dhcp.o(.data) for dhcp_discover_request_options
    dhcp.o(i.dhcp_discover) refers to ip4_addr.o(.constdata) for ip_addr_any
    dhcp.o(i.dhcp_fine_tmr) refers to dhcp.o(i.dhcp_timeout) for dhcp_timeout
    dhcp.o(i.dhcp_fine_tmr) refers to netif.o(.data) for netif_list
    dhcp.o(i.dhcp_handle_ack) refers to def.o(i.lwip_htonl) for lwip_htonl
    dhcp.o(i.dhcp_handle_ack) refers to dns.o(i.dns_setserver) for dns_setserver
    dhcp.o(i.dhcp_handle_ack) refers to dhcp.o(.bss) for dhcp_rx_options_given
    dhcp.o(i.dhcp_handle_nak) refers to dhcp.o(i.dhcp_set_state) for dhcp_set_state
    dhcp.o(i.dhcp_handle_nak) refers to netif.o(i.netif_set_addr) for netif_set_addr
    dhcp.o(i.dhcp_handle_nak) refers to dhcp.o(i.dhcp_discover) for dhcp_discover
    dhcp.o(i.dhcp_handle_nak) refers to ip4_addr.o(.constdata) for ip_addr_any
    dhcp.o(i.dhcp_handle_offer) refers to def.o(i.lwip_htonl) for lwip_htonl
    dhcp.o(i.dhcp_handle_offer) refers to dhcp.o(i.dhcp_select) for dhcp_select
    dhcp.o(i.dhcp_handle_offer) refers to dhcp.o(.bss) for dhcp_rx_options_given
    dhcp.o(i.dhcp_inc_pcb_refcount) refers to udp.o(i.udp_new) for udp_new
    dhcp.o(i.dhcp_inc_pcb_refcount) refers to udp.o(i.udp_bind) for udp_bind
    dhcp.o(i.dhcp_inc_pcb_refcount) refers to udp.o(i.udp_connect) for udp_connect
    dhcp.o(i.dhcp_inc_pcb_refcount) refers to udp.o(i.udp_recv) for udp_recv
    dhcp.o(i.dhcp_inc_pcb_refcount) refers to dhcp.o(.data) for dhcp_pcb_refcount
    dhcp.o(i.dhcp_inc_pcb_refcount) refers to ip4_addr.o(.constdata) for ip_addr_any
    dhcp.o(i.dhcp_inc_pcb_refcount) refers to dhcp.o(i.dhcp_recv) for dhcp_recv
    dhcp.o(i.dhcp_inform) refers to dhcp.o(i.dhcp_inc_pcb_refcount) for dhcp_inc_pcb_refcount
    dhcp.o(i.dhcp_inform) refers to rt_memclr_w.o(.text) for __aeabi_memclr4
    dhcp.o(i.dhcp_inform) refers to dhcp.o(i.dhcp_set_state) for dhcp_set_state
    dhcp.o(i.dhcp_inform) refers to dhcp.o(i.dhcp_create_msg) for dhcp_create_msg
    dhcp.o(i.dhcp_inform) refers to dhcp.o(i.dhcp_option) for dhcp_option
    dhcp.o(i.dhcp_inform) refers to dhcp.o(i.dhcp_option_short) for dhcp_option_short
    dhcp.o(i.dhcp_inform) refers to dhcp.o(i.dhcp_option_trailer) for dhcp_option_trailer
    dhcp.o(i.dhcp_inform) refers to pbuf.o(i.pbuf_realloc) for pbuf_realloc
    dhcp.o(i.dhcp_inform) refers to udp.o(i.udp_sendto_if) for udp_sendto_if
    dhcp.o(i.dhcp_inform) refers to dhcp.o(i.dhcp_delete_msg) for dhcp_delete_msg
    dhcp.o(i.dhcp_inform) refers to dhcp.o(i.dhcp_dec_pcb_refcount) for dhcp_dec_pcb_refcount
    dhcp.o(i.dhcp_inform) refers to ip4_addr.o(.constdata) for ip_addr_broadcast
    dhcp.o(i.dhcp_inform) refers to dhcp.o(.data) for dhcp_pcb
    dhcp.o(i.dhcp_network_changed) refers to dhcp.o(i.dhcp_reboot) for dhcp_reboot
    dhcp.o(i.dhcp_network_changed) refers to dhcp.o(i.dhcp_discover) for dhcp_discover
    dhcp.o(i.dhcp_parse_reply) refers to rt_memclr_w.o(.text) for __aeabi_memclr4
    dhcp.o(i.dhcp_parse_reply) refers to pbuf.o(i.pbuf_copy_partial) for pbuf_copy_partial
    dhcp.o(i.dhcp_parse_reply) refers to def.o(i.lwip_htonl) for lwip_htonl
    dhcp.o(i.dhcp_parse_reply) refers to dhcp.o(.bss) for dhcp_rx_options_given
    dhcp.o(i.dhcp_rebind) refers to dhcp.o(i.dhcp_set_state) for dhcp_set_state
    dhcp.o(i.dhcp_rebind) refers to dhcp.o(i.dhcp_create_msg) for dhcp_create_msg
    dhcp.o(i.dhcp_rebind) refers to dhcp.o(i.dhcp_option) for dhcp_option
    dhcp.o(i.dhcp_rebind) refers to dhcp.o(i.dhcp_option_short) for dhcp_option_short
    dhcp.o(i.dhcp_rebind) refers to dhcp.o(i.dhcp_option_byte) for dhcp_option_byte
    dhcp.o(i.dhcp_rebind) refers to dhcp.o(i.dhcp_option_trailer) for dhcp_option_trailer
    dhcp.o(i.dhcp_rebind) refers to pbuf.o(i.pbuf_realloc) for pbuf_realloc
    dhcp.o(i.dhcp_rebind) refers to udp.o(i.udp_sendto_if) for udp_sendto_if
    dhcp.o(i.dhcp_rebind) refers to dhcp.o(i.dhcp_delete_msg) for dhcp_delete_msg
    dhcp.o(i.dhcp_rebind) refers to dhcp.o(.data) for dhcp_discover_request_options
    dhcp.o(i.dhcp_rebind) refers to ip4_addr.o(.constdata) for ip_addr_broadcast
    dhcp.o(i.dhcp_reboot) refers to dhcp.o(i.dhcp_set_state) for dhcp_set_state
    dhcp.o(i.dhcp_reboot) refers to dhcp.o(i.dhcp_create_msg) for dhcp_create_msg
    dhcp.o(i.dhcp_reboot) refers to dhcp.o(i.dhcp_option) for dhcp_option
    dhcp.o(i.dhcp_reboot) refers to dhcp.o(i.dhcp_option_short) for dhcp_option_short
    dhcp.o(i.dhcp_reboot) refers to def.o(i.lwip_htonl) for lwip_htonl
    dhcp.o(i.dhcp_reboot) refers to dhcp.o(i.dhcp_option_long) for dhcp_option_long
    dhcp.o(i.dhcp_reboot) refers to dhcp.o(i.dhcp_option_byte) for dhcp_option_byte
    dhcp.o(i.dhcp_reboot) refers to dhcp.o(i.dhcp_option_trailer) for dhcp_option_trailer
    dhcp.o(i.dhcp_reboot) refers to pbuf.o(i.pbuf_realloc) for pbuf_realloc
    dhcp.o(i.dhcp_reboot) refers to udp.o(i.udp_sendto_if) for udp_sendto_if
    dhcp.o(i.dhcp_reboot) refers to dhcp.o(i.dhcp_delete_msg) for dhcp_delete_msg
    dhcp.o(i.dhcp_reboot) refers to dhcp.o(.data) for dhcp_discover_request_options
    dhcp.o(i.dhcp_reboot) refers to ip4_addr.o(.constdata) for ip_addr_broadcast
    dhcp.o(i.dhcp_recv) refers to def.o(i.lwip_htonl) for lwip_htonl
    dhcp.o(i.dhcp_recv) refers to dhcp.o(i.dhcp_parse_reply) for dhcp_parse_reply
    dhcp.o(i.dhcp_recv) refers to dhcp.o(i.dhcp_handle_ack) for dhcp_handle_ack
    dhcp.o(i.dhcp_recv) refers to dhcp.o(i.dhcp_check) for dhcp_check
    dhcp.o(i.dhcp_recv) refers to dhcp.o(i.dhcp_bind) for dhcp_bind
    dhcp.o(i.dhcp_recv) refers to dhcp.o(i.dhcp_handle_nak) for dhcp_handle_nak
    dhcp.o(i.dhcp_recv) refers to dhcp.o(i.dhcp_handle_offer) for dhcp_handle_offer
    dhcp.o(i.dhcp_recv) refers to pbuf.o(i.pbuf_free) for pbuf_free
    dhcp.o(i.dhcp_recv) refers to ip.o(.bss) for ip_data
    dhcp.o(i.dhcp_recv) refers to dhcp.o(.bss) for dhcp_rx_options_given
    dhcp.o(i.dhcp_release) refers to dhcp.o(i.dhcp_supplied_address) for dhcp_supplied_address
    dhcp.o(i.dhcp_release) refers to dhcp.o(i.dhcp_set_state) for dhcp_set_state
    dhcp.o(i.dhcp_release) refers to dhcp.o(i.dhcp_create_msg) for dhcp_create_msg
    dhcp.o(i.dhcp_release) refers to dhcp.o(i.dhcp_option) for dhcp_option
    dhcp.o(i.dhcp_release) refers to def.o(i.lwip_htonl) for lwip_htonl
    dhcp.o(i.dhcp_release) refers to dhcp.o(i.dhcp_option_long) for dhcp_option_long
    dhcp.o(i.dhcp_release) refers to dhcp.o(i.dhcp_option_trailer) for dhcp_option_trailer
    dhcp.o(i.dhcp_release) refers to pbuf.o(i.pbuf_realloc) for pbuf_realloc
    dhcp.o(i.dhcp_release) refers to udp.o(i.udp_sendto_if) for udp_sendto_if
    dhcp.o(i.dhcp_release) refers to dhcp.o(i.dhcp_delete_msg) for dhcp_delete_msg
    dhcp.o(i.dhcp_release) refers to netif.o(i.netif_set_addr) for netif_set_addr
    dhcp.o(i.dhcp_release) refers to dhcp.o(.data) for dhcp_pcb
    dhcp.o(i.dhcp_release) refers to ip4_addr.o(.constdata) for ip_addr_any
    dhcp.o(i.dhcp_renew) refers to dhcp.o(i.dhcp_set_state) for dhcp_set_state
    dhcp.o(i.dhcp_renew) refers to dhcp.o(i.dhcp_create_msg) for dhcp_create_msg
    dhcp.o(i.dhcp_renew) refers to dhcp.o(i.dhcp_option) for dhcp_option
    dhcp.o(i.dhcp_renew) refers to dhcp.o(i.dhcp_option_short) for dhcp_option_short
    dhcp.o(i.dhcp_renew) refers to dhcp.o(i.dhcp_option_byte) for dhcp_option_byte
    dhcp.o(i.dhcp_renew) refers to dhcp.o(i.dhcp_option_trailer) for dhcp_option_trailer
    dhcp.o(i.dhcp_renew) refers to pbuf.o(i.pbuf_realloc) for pbuf_realloc
    dhcp.o(i.dhcp_renew) refers to udp.o(i.udp_sendto_if) for udp_sendto_if
    dhcp.o(i.dhcp_renew) refers to dhcp.o(i.dhcp_delete_msg) for dhcp_delete_msg
    dhcp.o(i.dhcp_renew) refers to dhcp.o(.data) for dhcp_discover_request_options
    dhcp.o(i.dhcp_select) refers to dhcp.o(i.dhcp_set_state) for dhcp_set_state
    dhcp.o(i.dhcp_select) refers to dhcp.o(i.dhcp_create_msg) for dhcp_create_msg
    dhcp.o(i.dhcp_select) refers to dhcp.o(i.dhcp_option) for dhcp_option
    dhcp.o(i.dhcp_select) refers to dhcp.o(i.dhcp_option_short) for dhcp_option_short
    dhcp.o(i.dhcp_select) refers to def.o(i.lwip_htonl) for lwip_htonl
    dhcp.o(i.dhcp_select) refers to dhcp.o(i.dhcp_option_long) for dhcp_option_long
    dhcp.o(i.dhcp_select) refers to dhcp.o(i.dhcp_option_byte) for dhcp_option_byte
    dhcp.o(i.dhcp_select) refers to dhcp.o(i.dhcp_option_trailer) for dhcp_option_trailer
    dhcp.o(i.dhcp_select) refers to pbuf.o(i.pbuf_realloc) for pbuf_realloc
    dhcp.o(i.dhcp_select) refers to udp.o(i.udp_sendto_if_src) for udp_sendto_if_src
    dhcp.o(i.dhcp_select) refers to dhcp.o(i.dhcp_delete_msg) for dhcp_delete_msg
    dhcp.o(i.dhcp_select) refers to dhcp.o(.data) for dhcp_discover_request_options
    dhcp.o(i.dhcp_select) refers to ip4_addr.o(.constdata) for ip_addr_any
    dhcp.o(i.dhcp_set_struct) refers to rt_memclr_w.o(.text) for __aeabi_memclr4
    dhcp.o(i.dhcp_start) refers to mem.o(i.mem_malloc) for mem_malloc
    dhcp.o(i.dhcp_start) refers to dhcp.o(i.dhcp_dec_pcb_refcount) for dhcp_dec_pcb_refcount
    dhcp.o(i.dhcp_start) refers to rt_memclr_w.o(.text) for __aeabi_memclr4
    dhcp.o(i.dhcp_start) refers to dhcp.o(i.dhcp_inc_pcb_refcount) for dhcp_inc_pcb_refcount
    dhcp.o(i.dhcp_start) refers to dhcp.o(i.dhcp_discover) for dhcp_discover
    dhcp.o(i.dhcp_start) refers to dhcp.o(i.dhcp_stop) for dhcp_stop
    dhcp.o(i.dhcp_stop) refers to dhcp.o(i.dhcp_set_state) for dhcp_set_state
    dhcp.o(i.dhcp_stop) refers to dhcp.o(i.dhcp_dec_pcb_refcount) for dhcp_dec_pcb_refcount
    dhcp.o(i.dhcp_t1_timeout) refers to dhcp.o(i.dhcp_renew) for dhcp_renew
    dhcp.o(i.dhcp_t2_timeout) refers to dhcp.o(i.dhcp_rebind) for dhcp_rebind
    dhcp.o(i.dhcp_timeout) refers to dhcp.o(i.dhcp_discover) for dhcp_discover
    dhcp.o(i.dhcp_timeout) refers to dhcp.o(i.dhcp_select) for dhcp_select
    dhcp.o(i.dhcp_timeout) refers to dhcp.o(i.dhcp_release) for dhcp_release
    dhcp.o(i.dhcp_timeout) refers to dhcp.o(i.dhcp_check) for dhcp_check
    dhcp.o(i.dhcp_timeout) refers to dhcp.o(i.dhcp_bind) for dhcp_bind
    dhcp.o(i.dhcp_timeout) refers to dhcp.o(i.dhcp_reboot) for dhcp_reboot
    etharp.o(i.etharp_add_static_entry) refers to ip4.o(i.ip4_route) for ip4_route
    etharp.o(i.etharp_add_static_entry) refers to etharp.o(i.etharp_update_arp_entry) for etharp_update_arp_entry
    etharp.o(i.etharp_cleanup_netif) refers to etharp.o(i.etharp_free_entry) for etharp_free_entry
    etharp.o(i.etharp_cleanup_netif) refers to etharp.o(.bss) for arp_table
    etharp.o(i.etharp_find_addr) refers to etharp.o(i.etharp_find_entry) for etharp_find_entry
    etharp.o(i.etharp_find_addr) refers to etharp.o(.bss) for arp_table
    etharp.o(i.etharp_find_entry) refers to etharp.o(i.etharp_free_entry) for etharp_free_entry
    etharp.o(i.etharp_find_entry) refers to etharp.o(.bss) for arp_table
    etharp.o(i.etharp_free_entry) refers to pbuf.o(i.pbuf_free) for pbuf_free
    etharp.o(i.etharp_free_entry) refers to etharp.o(.bss) for arp_table
    etharp.o(i.etharp_get_entry) refers to etharp.o(.bss) for arp_table
    etharp.o(i.etharp_input) refers to pbuf.o(i.pbuf_free) for pbuf_free
    etharp.o(i.etharp_input) refers to etharp.o(i.etharp_update_arp_entry) for etharp_update_arp_entry
    etharp.o(i.etharp_input) refers to etharp.o(i.etharp_raw) for etharp_raw
    etharp.o(i.etharp_input) refers to dhcp.o(i.dhcp_arp_reply) for dhcp_arp_reply
    etharp.o(i.etharp_input) refers to stats.o(.bss) for lwip_stats
    etharp.o(i.etharp_output) refers to ip4_addr.o(i.ip4_addr_isbroadcast_u32) for ip4_addr_isbroadcast_u32
    etharp.o(i.etharp_output) refers to etharp.o(i.etharp_output_to_arp_index) for etharp_output_to_arp_index
    etharp.o(i.etharp_output) refers to etharp.o(i.etharp_query) for etharp_query
    etharp.o(i.etharp_output) refers to etharp.o(.data) for etharp_cached_entry
    etharp.o(i.etharp_output) refers to etharp.o(.bss) for arp_table
    etharp.o(i.etharp_output) refers to stats.o(.bss) for lwip_stats
    etharp.o(i.etharp_output_to_arp_index) refers to etharp.o(i.etharp_request) for etharp_request
    etharp.o(i.etharp_output_to_arp_index) refers to etharp.o(i.etharp_request_dst) for etharp_request_dst
    etharp.o(i.etharp_output_to_arp_index) refers to etharp.o(.bss) for arp_table
    etharp.o(i.etharp_query) refers to ip4_addr.o(i.ip4_addr_isbroadcast_u32) for ip4_addr_isbroadcast_u32
    etharp.o(i.etharp_query) refers to etharp.o(i.etharp_find_entry) for etharp_find_entry
    etharp.o(i.etharp_query) refers to etharp.o(i.etharp_request) for etharp_request
    etharp.o(i.etharp_query) refers to pbuf.o(i.pbuf_alloc) for pbuf_alloc
    etharp.o(i.etharp_query) refers to pbuf.o(i.pbuf_copy) for pbuf_copy
    etharp.o(i.etharp_query) refers to pbuf.o(i.pbuf_free) for pbuf_free
    etharp.o(i.etharp_query) refers to pbuf.o(i.pbuf_ref) for pbuf_ref
    etharp.o(i.etharp_query) refers to stats.o(.bss) for lwip_stats
    etharp.o(i.etharp_query) refers to etharp.o(.bss) for arp_table
    etharp.o(i.etharp_query) refers to etharp.o(.data) for etharp_cached_entry
    etharp.o(i.etharp_raw) refers to pbuf.o(i.pbuf_alloc) for pbuf_alloc
    etharp.o(i.etharp_raw) refers to def.o(i.lwip_htons) for lwip_htons
    etharp.o(i.etharp_raw) refers to pbuf.o(i.pbuf_free) for pbuf_free
    etharp.o(i.etharp_raw) refers to stats.o(.bss) for lwip_stats
    etharp.o(i.etharp_remove_static_entry) refers to etharp.o(i.etharp_find_entry) for etharp_find_entry
    etharp.o(i.etharp_remove_static_entry) refers to etharp.o(i.etharp_free_entry) for etharp_free_entry
    etharp.o(i.etharp_remove_static_entry) refers to etharp.o(.bss) for arp_table
    etharp.o(i.etharp_request) refers to etharp.o(i.etharp_request_dst) for etharp_request_dst
    etharp.o(i.etharp_request_dst) refers to etharp.o(i.etharp_raw) for etharp_raw
    etharp.o(i.etharp_tmr) refers to etharp.o(i.etharp_free_entry) for etharp_free_entry
    etharp.o(i.etharp_tmr) refers to etharp.o(i.etharp_request) for etharp_request
    etharp.o(i.etharp_tmr) refers to etharp.o(.bss) for arp_table
    etharp.o(i.etharp_update_arp_entry) refers to ip4_addr.o(i.ip4_addr_isbroadcast_u32) for ip4_addr_isbroadcast_u32
    etharp.o(i.etharp_update_arp_entry) refers to etharp.o(i.etharp_find_entry) for etharp_find_entry
    etharp.o(i.etharp_update_arp_entry) refers to pbuf.o(i.pbuf_free) for pbuf_free
    etharp.o(i.etharp_update_arp_entry) refers to etharp.o(.bss) for arp_table
    icmp.o(i.icmp_dest_unreach) refers to icmp.o(i.icmp_send_response) for icmp_send_response
    icmp.o(i.icmp_input) refers to ip4_addr.o(i.ip4_addr_isbroadcast_u32) for ip4_addr_isbroadcast_u32
    icmp.o(i.icmp_input) refers to inet_chksum.o(i.inet_chksum_pbuf) for inet_chksum_pbuf
    icmp.o(i.icmp_input) refers to pbuf.o(i.pbuf_free) for pbuf_free
    icmp.o(i.icmp_input) refers to pbuf.o(i.pbuf_header) for pbuf_header
    icmp.o(i.icmp_input) refers to pbuf.o(i.pbuf_alloc) for pbuf_alloc
    icmp.o(i.icmp_input) refers to rt_memcpy_v6.o(.text) for __aeabi_memcpy
    icmp.o(i.icmp_input) refers to pbuf.o(i.pbuf_copy) for pbuf_copy
    icmp.o(i.icmp_input) refers to inet_chksum.o(i.inet_chksum) for inet_chksum
    icmp.o(i.icmp_input) refers to ip4.o(i.ip4_output_if) for ip4_output_if
    icmp.o(i.icmp_input) refers to stats.o(.bss) for lwip_stats
    icmp.o(i.icmp_input) refers to ip.o(.bss) for ip_data
    icmp.o(i.icmp_send_response) refers to pbuf.o(i.pbuf_alloc) for pbuf_alloc
    icmp.o(i.icmp_send_response) refers to rt_memcpy_v6.o(.text) for __aeabi_memcpy
    icmp.o(i.icmp_send_response) refers to ip4.o(i.ip4_route) for ip4_route
    icmp.o(i.icmp_send_response) refers to inet_chksum.o(i.inet_chksum) for inet_chksum
    icmp.o(i.icmp_send_response) refers to ip4.o(i.ip4_output_if) for ip4_output_if
    icmp.o(i.icmp_send_response) refers to pbuf.o(i.pbuf_free) for pbuf_free
    icmp.o(i.icmp_send_response) refers to stats.o(.bss) for lwip_stats
    icmp.o(i.icmp_time_exceeded) refers to icmp.o(i.icmp_send_response) for icmp_send_response
    ip4.o(i.ip4_input) refers to pbuf.o(i.pbuf_free) for pbuf_free
    ip4.o(i.ip4_input) refers to def.o(i.lwip_htons) for lwip_htons
    ip4.o(i.ip4_input) refers to pbuf.o(i.pbuf_realloc) for pbuf_realloc
    ip4.o(i.ip4_input) refers to inet_chksum.o(i.inet_chksum) for inet_chksum
    ip4.o(i.ip4_input) refers to ip4_addr.o(i.ip4_addr_isbroadcast_u32) for ip4_addr_isbroadcast_u32
    ip4.o(i.ip4_input) refers to ip4_frag.o(i.ip4_reass) for ip4_reass
    ip4.o(i.ip4_input) refers to pbuf.o(i.pbuf_header) for pbuf_header
    ip4.o(i.ip4_input) refers to udp.o(i.udp_input) for udp_input
    ip4.o(i.ip4_input) refers to tcp_in.o(i.tcp_input) for tcp_input
    ip4.o(i.ip4_input) refers to icmp.o(i.icmp_input) for icmp_input
    ip4.o(i.ip4_input) refers to pbuf.o(i.pbuf_header_force) for pbuf_header_force
    ip4.o(i.ip4_input) refers to icmp.o(i.icmp_dest_unreach) for icmp_dest_unreach
    ip4.o(i.ip4_input) refers to stats.o(.bss) for lwip_stats
    ip4.o(i.ip4_input) refers to ip.o(.bss) for ip_data
    ip4.o(i.ip4_input) refers to netif.o(.data) for netif_list
    ip4.o(i.ip4_output) refers to ip4.o(i.ip4_route) for ip4_route
    ip4.o(i.ip4_output) refers to ip4.o(i.ip4_output_if) for ip4_output_if
    ip4.o(i.ip4_output) refers to stats.o(.bss) for lwip_stats
    ip4.o(i.ip4_output_if) refers to ip4.o(i.ip4_output_if_src) for ip4_output_if_src
    ip4.o(i.ip4_output_if_src) refers to pbuf.o(i.pbuf_header) for pbuf_header
    ip4.o(i.ip4_output_if_src) refers to def.o(i.lwip_htons) for lwip_htons
    ip4.o(i.ip4_output_if_src) refers to ip4_frag.o(i.ip4_frag) for ip4_frag
    ip4.o(i.ip4_output_if_src) refers to stats.o(.bss) for lwip_stats
    ip4.o(i.ip4_output_if_src) refers to ip4.o(.data) for ip_id
    ip4.o(i.ip4_output_if_src) refers to ip4_addr.o(.constdata) for ip_addr_any
    ip4.o(i.ip4_route) refers to netif.o(.data) for netif_list
    ip4.o(i.ip4_route) refers to stats.o(.bss) for lwip_stats
    ip4_addr.o(i.ip4_addr_netmask_valid) refers to def.o(i.lwip_htonl) for lwip_htonl
    ip4_addr.o(i.ip4addr_aton) refers to def.o(i.lwip_htonl) for lwip_htonl
    ip4_addr.o(i.ip4addr_ntoa) refers to ip4_addr.o(i.ip4addr_ntoa_r) for ip4addr_ntoa_r
    ip4_addr.o(i.ip4addr_ntoa) refers to ip4_addr.o(.bss) for str
    ip4_addr.o(i.ipaddr_addr) refers to ip4_addr.o(i.ip4addr_aton) for ip4addr_aton
    ip4_frag.o(i.ip4_frag) refers to def.o(i.lwip_htons) for lwip_htons
    ip4_frag.o(i.ip4_frag) refers to pbuf.o(i.pbuf_alloc) for pbuf_alloc
    ip4_frag.o(i.ip4_frag) refers to rt_memcpy_v6.o(.text) for __aeabi_memcpy
    ip4_frag.o(i.ip4_frag) refers to ip4_frag.o(i.ip_frag_alloc_pbuf_custom_ref) for ip_frag_alloc_pbuf_custom_ref
    ip4_frag.o(i.ip4_frag) refers to pbuf.o(i.pbuf_free) for pbuf_free
    ip4_frag.o(i.ip4_frag) refers to pbuf.o(i.pbuf_alloced_custom) for pbuf_alloced_custom
    ip4_frag.o(i.ip4_frag) refers to ip4_frag.o(i.ip_frag_free_pbuf_custom_ref) for ip_frag_free_pbuf_custom_ref
    ip4_frag.o(i.ip4_frag) refers to pbuf.o(i.pbuf_ref) for pbuf_ref
    ip4_frag.o(i.ip4_frag) refers to pbuf.o(i.pbuf_cat) for pbuf_cat
    ip4_frag.o(i.ip4_frag) refers to inet_chksum.o(i.inet_chksum) for inet_chksum
    ip4_frag.o(i.ip4_frag) refers to ip4_frag.o(i.ipfrag_free_pbuf_custom) for ipfrag_free_pbuf_custom
    ip4_frag.o(i.ip4_frag) refers to stats.o(.bss) for lwip_stats
    ip4_frag.o(i.ip4_reass) refers to def.o(i.lwip_htons) for lwip_htons
    ip4_frag.o(i.ip4_reass) refers to pbuf.o(i.pbuf_clen) for pbuf_clen
    ip4_frag.o(i.ip4_reass) refers to ip4_frag.o(i.ip_reass_remove_oldest_datagram) for ip_reass_remove_oldest_datagram
    ip4_frag.o(i.ip4_reass) refers to ip4_frag.o(i.ip_reass_enqueue_new_datagram) for ip_reass_enqueue_new_datagram
    ip4_frag.o(i.ip4_reass) refers to rt_memcpy_v6.o(.text) for __aeabi_memcpy
    ip4_frag.o(i.ip4_reass) refers to ip4_frag.o(i.ip_reass_chain_frag_into_datagram_and_validate) for ip_reass_chain_frag_into_datagram_and_validate
    ip4_frag.o(i.ip4_reass) refers to inet_chksum.o(i.inet_chksum) for inet_chksum
    ip4_frag.o(i.ip4_reass) refers to pbuf.o(i.pbuf_header) for pbuf_header
    ip4_frag.o(i.ip4_reass) refers to pbuf.o(i.pbuf_cat) for pbuf_cat
    ip4_frag.o(i.ip4_reass) refers to ip4_frag.o(i.ip_reass_dequeue_datagram) for ip_reass_dequeue_datagram
    ip4_frag.o(i.ip4_reass) refers to pbuf.o(i.pbuf_free) for pbuf_free
    ip4_frag.o(i.ip4_reass) refers to stats.o(.bss) for lwip_stats
    ip4_frag.o(i.ip4_reass) refers to ip4_frag.o(.data) for ip_reass_pbufcount
    ip4_frag.o(i.ip_frag_alloc_pbuf_custom_ref) refers to memp.o(i.memp_malloc) for memp_malloc
    ip4_frag.o(i.ip_frag_free_pbuf_custom_ref) refers to memp.o(i.memp_free) for memp_free
    ip4_frag.o(i.ip_reass_chain_frag_into_datagram_and_validate) refers to def.o(i.lwip_htons) for lwip_htons
    ip4_frag.o(i.ip_reass_chain_frag_into_datagram_and_validate) refers to pbuf.o(i.pbuf_clen) for pbuf_clen
    ip4_frag.o(i.ip_reass_chain_frag_into_datagram_and_validate) refers to pbuf.o(i.pbuf_free) for pbuf_free
    ip4_frag.o(i.ip_reass_chain_frag_into_datagram_and_validate) refers to ip4_frag.o(.data) for ip_reass_pbufcount
    ip4_frag.o(i.ip_reass_dequeue_datagram) refers to memp.o(i.memp_free) for memp_free
    ip4_frag.o(i.ip_reass_dequeue_datagram) refers to ip4_frag.o(.data) for reassdatagrams
    ip4_frag.o(i.ip_reass_enqueue_new_datagram) refers to memp.o(i.memp_malloc) for memp_malloc
    ip4_frag.o(i.ip_reass_enqueue_new_datagram) refers to ip4_frag.o(i.ip_reass_remove_oldest_datagram) for ip_reass_remove_oldest_datagram
    ip4_frag.o(i.ip_reass_enqueue_new_datagram) refers to rt_memclr_w.o(.text) for __aeabi_memclr4
    ip4_frag.o(i.ip_reass_enqueue_new_datagram) refers to rt_memcpy_v6.o(.text) for __aeabi_memcpy
    ip4_frag.o(i.ip_reass_enqueue_new_datagram) refers to stats.o(.bss) for lwip_stats
    ip4_frag.o(i.ip_reass_enqueue_new_datagram) refers to ip4_frag.o(.data) for reassdatagrams
    ip4_frag.o(i.ip_reass_free_complete_datagram) refers to rt_memcpy_v6.o(.text) for __aeabi_memcpy
    ip4_frag.o(i.ip_reass_free_complete_datagram) refers to icmp.o(i.icmp_time_exceeded) for icmp_time_exceeded
    ip4_frag.o(i.ip_reass_free_complete_datagram) refers to pbuf.o(i.pbuf_clen) for pbuf_clen
    ip4_frag.o(i.ip_reass_free_complete_datagram) refers to pbuf.o(i.pbuf_free) for pbuf_free
    ip4_frag.o(i.ip_reass_free_complete_datagram) refers to ip4_frag.o(i.ip_reass_dequeue_datagram) for ip_reass_dequeue_datagram
    ip4_frag.o(i.ip_reass_free_complete_datagram) refers to ip4_frag.o(.data) for ip_reass_pbufcount
    ip4_frag.o(i.ip_reass_remove_oldest_datagram) refers to ip4_frag.o(i.ip_reass_free_complete_datagram) for ip_reass_free_complete_datagram
    ip4_frag.o(i.ip_reass_remove_oldest_datagram) refers to ip4_frag.o(.data) for reassdatagrams
    ip4_frag.o(i.ip_reass_tmr) refers to ip4_frag.o(i.ip_reass_free_complete_datagram) for ip_reass_free_complete_datagram
    ip4_frag.o(i.ip_reass_tmr) refers to ip4_frag.o(.data) for reassdatagrams
    ip4_frag.o(i.ipfrag_free_pbuf_custom) refers to pbuf.o(i.pbuf_free) for pbuf_free
    ip4_frag.o(i.ipfrag_free_pbuf_custom) refers to ip4_frag.o(i.ip_frag_free_pbuf_custom_ref) for ip_frag_free_pbuf_custom_ref
    sys_arch.o(i.sys_arch_mbox_fetch) refers to tasks.o(i.xTaskGetTickCount) for xTaskGetTickCount
    sys_arch.o(i.sys_arch_mbox_fetch) refers to queue.o(i.xQueueGenericReceive) for xQueueGenericReceive
    sys_arch.o(i.sys_arch_mbox_tryfetch) refers to queue.o(i.xQueueGenericReceive) for xQueueGenericReceive
    sys_arch.o(i.sys_arch_protect) refers to port.o(i.vPortEnterCritical) for vPortEnterCritical
    sys_arch.o(i.sys_arch_sem_wait) refers to tasks.o(i.xTaskGetTickCount) for xTaskGetTickCount
    sys_arch.o(i.sys_arch_sem_wait) refers to queue.o(i.xQueueGenericReceive) for xQueueGenericReceive
    sys_arch.o(i.sys_arch_unprotect) refers to port.o(i.vPortExitCritical) for vPortExitCritical
    sys_arch.o(i.sys_assert) refers to port.o(i.vPortEnterCritical) for vPortEnterCritical
    sys_arch.o(i.sys_init) refers to sys_arch.o(.data) for s_nextthread
    sys_arch.o(i.sys_mbox_free) refers to queue.o(i.uxQueueMessagesWaiting) for uxQueueMessagesWaiting
    sys_arch.o(i.sys_mbox_free) refers to queue.o(i.vQueueDelete) for vQueueDelete
    sys_arch.o(i.sys_mbox_free) refers to stats.o(.bss) for lwip_stats
    sys_arch.o(i.sys_mbox_new) refers to queue.o(i.xQueueGenericCreate) for xQueueGenericCreate
    sys_arch.o(i.sys_mbox_new) refers to stats.o(.bss) for lwip_stats
    sys_arch.o(i.sys_mbox_post) refers to queue.o(i.xQueueGenericSend) for xQueueGenericSend
    sys_arch.o(i.sys_mbox_trypost) refers to queue.o(i.xQueueGenericSend) for xQueueGenericSend
    sys_arch.o(i.sys_mbox_trypost) refers to stats.o(.bss) for lwip_stats
    sys_arch.o(i.sys_sem_free) refers to queue.o(i.vQueueDelete) for vQueueDelete
    sys_arch.o(i.sys_sem_free) refers to stats.o(.bss) for lwip_stats
    sys_arch.o(i.sys_sem_new) refers to queue.o(i.xQueueGenericCreate) for xQueueGenericCreate
    sys_arch.o(i.sys_sem_new) refers to queue.o(i.xQueueGenericSend) for xQueueGenericSend
    sys_arch.o(i.sys_sem_new) refers to queue.o(i.xQueueGenericReceive) for xQueueGenericReceive
    sys_arch.o(i.sys_sem_new) refers to stats.o(.bss) for lwip_stats
    sys_arch.o(i.sys_sem_signal) refers to queue.o(i.xQueueGenericSend) for xQueueGenericSend
    sys_arch.o(i.sys_thread_new) refers to tasks.o(i.xTaskCreate) for xTaskCreate
    sys_arch.o(i.sys_thread_new) refers to sys_arch.o(.data) for s_nextthread
    ethernetif.o(i.HAL_ETH_MspDeInit) refers to stm32f4xx_hal_gpio.o(i.HAL_GPIO_DeInit) for HAL_GPIO_DeInit
    ethernetif.o(i.HAL_ETH_MspDeInit) refers to stm32f4xx_hal_cortex.o(i.HAL_NVIC_DisableIRQ) for HAL_NVIC_DisableIRQ
    ethernetif.o(i.HAL_ETH_MspInit) refers to stm32f4xx_hal_gpio.o(i.HAL_GPIO_Init) for HAL_GPIO_Init
    ethernetif.o(i.HAL_ETH_MspInit) refers to stm32f4xx_hal_cortex.o(i.HAL_NVIC_SetPriority) for HAL_NVIC_SetPriority
    ethernetif.o(i.HAL_ETH_MspInit) refers to stm32f4xx_hal_cortex.o(i.HAL_NVIC_EnableIRQ) for HAL_NVIC_EnableIRQ
    ethernetif.o(i.HAL_ETH_RxCpltCallback) refers to queue.o(i.xQueueGiveFromISR) for xQueueGiveFromISR
    ethernetif.o(i.HAL_ETH_RxCpltCallback) refers to ethernetif.o(.data) for s_xSemaphore
    ethernetif.o(i.ethernetif_init) refers to ethernetif.o(i.low_level_init) for low_level_init
    ethernetif.o(i.ethernetif_init) refers to etharp.o(i.etharp_output) for etharp_output
    ethernetif.o(i.ethernetif_init) refers to ethernetif.o(i.low_level_output) for low_level_output
    ethernetif.o(i.ethernetif_input) refers to ethernetif.o(i.low_level_input) for low_level_input
    ethernetif.o(i.ethernetif_input) refers to pbuf.o(i.pbuf_free) for pbuf_free
    ethernetif.o(i.low_level_init) refers to stm32f4xx_hal_eth.o(i.HAL_ETH_Init) for HAL_ETH_Init
    ethernetif.o(i.low_level_init) refers to stm32f4xx_hal_eth.o(i.HAL_ETH_DMATxDescListInit) for HAL_ETH_DMATxDescListInit
    ethernetif.o(i.low_level_init) refers to stm32f4xx_hal_eth.o(i.HAL_ETH_DMARxDescListInit) for HAL_ETH_DMARxDescListInit
    ethernetif.o(i.low_level_init) refers to stm32f4xx_hal_eth.o(i.HAL_ETH_Start) for HAL_ETH_Start
    ethernetif.o(i.low_level_init) refers to stm32f4xx_hal_eth.o(i.HAL_ETH_ReadPHYRegister) for HAL_ETH_ReadPHYRegister
    ethernetif.o(i.low_level_init) refers to stm32f4xx_hal_eth.o(i.HAL_ETH_WritePHYRegister) for HAL_ETH_WritePHYRegister
    ethernetif.o(i.low_level_init) refers to main.o(.bss) for heth
    ethernetif.o(i.low_level_init) refers to ethernetif.o(.bss) for heth
    ethernetif.o(i.low_level_input) refers to stm32f4xx_hal_eth.o(i.HAL_ETH_GetReceivedFrame_IT) for HAL_ETH_GetReceivedFrame_IT
    ethernetif.o(i.low_level_input) refers to pbuf.o(i.pbuf_alloc) for pbuf_alloc
    ethernetif.o(i.low_level_input) refers to rt_memcpy_v6.o(.text) for __aeabi_memcpy
    ethernetif.o(i.low_level_input) refers to main.o(.bss) for heth
    ethernetif.o(i.low_level_input) refers to ethernetif.o(.bss) for heth
    ethernetif.o(i.low_level_output) refers to rt_memcpy_v6.o(.text) for __aeabi_memcpy
    ethernetif.o(i.low_level_output) refers to stm32f4xx_hal_eth.o(i.HAL_ETH_TransmitFrame) for HAL_ETH_TransmitFrame
    ethernetif.o(i.low_level_output) refers to main.o(.bss) for heth
    ethernetif.o(i.low_level_output) refers to ethernetif.o(.bss) for heth
    ethernetif.o(i.sys_jiffies) refers to stm32f4xx_hal.o(i.HAL_GetTick) for HAL_GetTick
    ethernetif.o(i.sys_now) refers to stm32f4xx_hal.o(i.HAL_GetTick) for HAL_GetTick
    rt_memcpy_v6.o(.text) refers to rt_memcpy_w.o(.text) for __aeabi_memcpy4
    aeabi_memset.o(.text) refers to rt_memclr.o(.text) for _memset
    rt_memclr.o(.text) refers to rt_memclr_w.o(.text) for _memset_w
    __main.o(!!!main) refers to __rtentry.o(.ARM.Collect$$rtentry$$00000000) for __rt_entry
    __rtentry.o(.ARM.Collect$$rtentry$$00000000) refers (Special) to __rtentry2.o(.ARM.Collect$$rtentry$$0000000A) for __rt_entry_li
    __rtentry.o(.ARM.Collect$$rtentry$$00000000) refers (Special) to __rtentry2.o(.ARM.Collect$$rtentry$$0000000D) for __rt_entry_main
    __rtentry.o(.ARM.Collect$$rtentry$$00000000) refers (Special) to __rtentry2.o(.ARM.Collect$$rtentry$$0000000C) for __rt_entry_postli_1
    __rtentry.o(.ARM.Collect$$rtentry$$00000000) refers (Special) to __rtentry2.o(.ARM.Collect$$rtentry$$00000009) for __rt_entry_postsh_1
    __rtentry.o(.ARM.Collect$$rtentry$$00000000) refers (Special) to __rtentry2.o(.ARM.Collect$$rtentry$$00000002) for __rt_entry_presh_1
    __rtentry.o(.ARM.Collect$$rtentry$$00000000) refers (Special) to __rtentry4.o(.ARM.Collect$$rtentry$$00000004) for __rt_entry_sh
    __rtentry2.o(.ARM.Collect$$rtentry$$00000008) refers to boardinit2.o(.text) for _platform_post_stackheap_init
    __rtentry2.o(.ARM.Collect$$rtentry$$0000000A) refers to libinit.o(.ARM.Collect$$libinit$$00000000) for __rt_lib_init
    __rtentry2.o(.ARM.Collect$$rtentry$$0000000B) refers to boardinit3.o(.text) for _platform_post_lib_init
    __rtentry2.o(.ARM.Collect$$rtentry$$0000000D) refers to main.o(i.main) for main
    __rtentry2.o(.ARM.Collect$$rtentry$$0000000D) refers to exit.o(.text) for exit
    __rtentry2.o(.ARM.exidx) refers to __rtentry2.o(.ARM.Collect$$rtentry$$00000001) for .ARM.Collect$$rtentry$$00000001
    __rtentry2.o(.ARM.exidx) refers to __rtentry2.o(.ARM.Collect$$rtentry$$00000008) for .ARM.Collect$$rtentry$$00000008
    __rtentry2.o(.ARM.exidx) refers to __rtentry2.o(.ARM.Collect$$rtentry$$0000000A) for .ARM.Collect$$rtentry$$0000000A
    __rtentry2.o(.ARM.exidx) refers to __rtentry2.o(.ARM.Collect$$rtentry$$0000000B) for .ARM.Collect$$rtentry$$0000000B
    __rtentry2.o(.ARM.exidx) refers to __rtentry2.o(.ARM.Collect$$rtentry$$0000000D) for .ARM.Collect$$rtentry$$0000000D
    __rtentry4.o(.ARM.Collect$$rtentry$$00000004) refers to sys_stackheap_outer.o(.text) for __user_setup_stackheap
    __rtentry4.o(.ARM.exidx) refers to __rtentry4.o(.ARM.Collect$$rtentry$$00000004) for .ARM.Collect$$rtentry$$00000004
    sys_stackheap_outer.o(.text) refers to libspace.o(.text) for __user_perproc_libspace
    sys_stackheap_outer.o(.text) refers to startup_stm32f429xx.o(.text) for __user_initial_stackheap
    exit.o(.text) refers to rtexit.o(.ARM.Collect$$rtexit$$00000000) for __rt_exit
    libinit.o(.ARM.Collect$$libinit$$00000000) refers (Special) to libinit2.o(.ARM.Collect$$libinit$$0000002E) for __rt_lib_init_alloca_1
    libinit.o(.ARM.Collect$$libinit$$00000000) refers (Special) to libinit2.o(.ARM.Collect$$libinit$$0000002C) for __rt_lib_init_argv_1
    libinit.o(.ARM.Collect$$libinit$$00000000) refers (Special) to libinit2.o(.ARM.Collect$$libinit$$0000001B) for __rt_lib_init_atexit_1
    libinit.o(.ARM.Collect$$libinit$$00000000) refers (Special) to libinit2.o(.ARM.Collect$$libinit$$00000021) for __rt_lib_init_clock_1
    libinit.o(.ARM.Collect$$libinit$$00000000) refers (Special) to libinit2.o(.ARM.Collect$$libinit$$00000032) for __rt_lib_init_cpp_1
    libinit.o(.ARM.Collect$$libinit$$00000000) refers (Special) to libinit2.o(.ARM.Collect$$libinit$$00000030) for __rt_lib_init_exceptions_1
    libinit.o(.ARM.Collect$$libinit$$00000000) refers (Special) to libinit2.o(.ARM.Collect$$libinit$$00000001) for __rt_lib_init_fp_1
    libinit.o(.ARM.Collect$$libinit$$00000000) refers (Special) to libinit2.o(.ARM.Collect$$libinit$$0000001F) for __rt_lib_init_fp_trap_1
    libinit.o(.ARM.Collect$$libinit$$00000000) refers (Special) to libinit2.o(.ARM.Collect$$libinit$$00000023) for __rt_lib_init_getenv_1
    libinit.o(.ARM.Collect$$libinit$$00000000) refers (Special) to libinit2.o(.ARM.Collect$$libinit$$0000000A) for __rt_lib_init_heap_1
    libinit.o(.ARM.Collect$$libinit$$00000000) refers (Special) to libinit2.o(.ARM.Collect$$libinit$$00000011) for __rt_lib_init_lc_collate_1
    libinit.o(.ARM.Collect$$libinit$$00000000) refers (Special) to libinit2.o(.ARM.Collect$$libinit$$00000013) for __rt_lib_init_lc_ctype_1
    libinit.o(.ARM.Collect$$libinit$$00000000) refers (Special) to libinit2.o(.ARM.Collect$$libinit$$00000015) for __rt_lib_init_lc_monetary_1
    libinit.o(.ARM.Collect$$libinit$$00000000) refers (Special) to libinit2.o(.ARM.Collect$$libinit$$00000017) for __rt_lib_init_lc_numeric_1
    libinit.o(.ARM.Collect$$libinit$$00000000) refers (Special) to libinit2.o(.ARM.Collect$$libinit$$00000019) for __rt_lib_init_lc_time_1
    libinit.o(.ARM.Collect$$libinit$$00000000) refers (Special) to libinit2.o(.ARM.Collect$$libinit$$00000004) for __rt_lib_init_preinit_1
    libinit.o(.ARM.Collect$$libinit$$00000000) refers (Special) to libinit2.o(.ARM.Collect$$libinit$$0000000E) for __rt_lib_init_rand_1
    libinit.o(.ARM.Collect$$libinit$$00000000) refers (Special) to libinit2.o(.ARM.Collect$$libinit$$00000033) for __rt_lib_init_return
    libinit.o(.ARM.Collect$$libinit$$00000000) refers (Special) to libinit2.o(.ARM.Collect$$libinit$$0000001D) for __rt_lib_init_signal_1
    libinit.o(.ARM.Collect$$libinit$$00000000) refers (Special) to libinit2.o(.ARM.Collect$$libinit$$00000025) for __rt_lib_init_stdio_1
    libinit.o(.ARM.Collect$$libinit$$00000000) refers (Special) to libinit2.o(.ARM.Collect$$libinit$$0000000C) for __rt_lib_init_user_alloc_1
    libspace.o(.text) refers to libspace.o(.bss) for __libspace_start
    rtexit.o(.ARM.Collect$$rtexit$$00000000) refers (Special) to rtexit2.o(.ARM.Collect$$rtexit$$00000004) for __rt_exit_exit
    rtexit.o(.ARM.Collect$$rtexit$$00000000) refers (Special) to rtexit2.o(.ARM.Collect$$rtexit$$00000003) for __rt_exit_ls
    rtexit.o(.ARM.Collect$$rtexit$$00000000) refers (Special) to rtexit2.o(.ARM.Collect$$rtexit$$00000002) for __rt_exit_prels_1
    rtexit.o(.ARM.exidx) refers (Special) to rtexit2.o(.ARM.Collect$$rtexit$$00000004) for __rt_exit_exit
    rtexit.o(.ARM.exidx) refers (Special) to rtexit2.o(.ARM.Collect$$rtexit$$00000003) for __rt_exit_ls
    rtexit.o(.ARM.exidx) refers (Special) to rtexit2.o(.ARM.Collect$$rtexit$$00000002) for __rt_exit_prels_1
    rtexit.o(.ARM.exidx) refers to rtexit.o(.ARM.Collect$$rtexit$$00000000) for .ARM.Collect$$rtexit$$00000000
    libinit2.o(.ARM.Collect$$libinit$$00000001) refers to fpinit.o(x$fpl$fpinit) for _fp_init
    libinit2.o(.ARM.Collect$$libinit$$00000010) refers to libinit2.o(.ARM.Collect$$libinit$$0000000F) for .ARM.Collect$$libinit$$0000000F
    libinit2.o(.ARM.Collect$$libinit$$00000012) refers to libinit2.o(.ARM.Collect$$libinit$$0000000F) for .ARM.Collect$$libinit$$0000000F
    libinit2.o(.ARM.Collect$$libinit$$00000014) refers to libinit2.o(.ARM.Collect$$libinit$$0000000F) for .ARM.Collect$$libinit$$0000000F
    libinit2.o(.ARM.Collect$$libinit$$00000016) refers to libinit2.o(.ARM.Collect$$libinit$$0000000F) for .ARM.Collect$$libinit$$0000000F
    libinit2.o(.ARM.Collect$$libinit$$00000018) refers to libinit2.o(.ARM.Collect$$libinit$$0000000F) for .ARM.Collect$$libinit$$0000000F
    libinit2.o(.ARM.Collect$$libinit$$00000026) refers to argv_veneer.o(.emb_text) for __ARM_argv_veneer
    libinit2.o(.ARM.Collect$$libinit$$00000027) refers to argv_veneer.o(.emb_text) for __ARM_argv_veneer
    rtexit2.o(.ARM.Collect$$rtexit$$00000003) refers to libshutdown.o(.ARM.Collect$$libshutdown$$00000000) for __rt_lib_shutdown
    rtexit2.o(.ARM.Collect$$rtexit$$00000004) refers to sys_exit.o(.text) for _sys_exit
    rtexit2.o(.ARM.exidx) refers to rtexit2.o(.ARM.Collect$$rtexit$$00000001) for .ARM.Collect$$rtexit$$00000001
    rtexit2.o(.ARM.exidx) refers to rtexit2.o(.ARM.Collect$$rtexit$$00000003) for .ARM.Collect$$rtexit$$00000003
    rtexit2.o(.ARM.exidx) refers to rtexit2.o(.ARM.Collect$$rtexit$$00000004) for .ARM.Collect$$rtexit$$00000004
    argv_veneer.o(.emb_text) refers to no_argv.o(.text) for __ARM_get_argv
    sys_exit.o(.text) refers (Special) to use_no_semi.o(.text) for __I$use$semihosting
    sys_exit.o(.text) refers (Special) to indicate_semi.o(.text) for __semihosting_library_function
    _get_argv_nomalloc.o(.text) refers (Special) to hrguard.o(.text) for __heap_region$guard
    _get_argv_nomalloc.o(.text) refers to defsig_rtmem_outer.o(.text) for __rt_SIGRTMEM
    _get_argv_nomalloc.o(.text) refers to sys_command.o(.text) for _sys_command_string
    libshutdown.o(.ARM.Collect$$libshutdown$$00000000) refers (Special) to libshutdown2.o(.ARM.Collect$$libshutdown$$00000006) for __rt_lib_shutdown_fp_trap_1
    libshutdown.o(.ARM.Collect$$libshutdown$$00000000) refers (Special) to libshutdown2.o(.ARM.Collect$$libshutdown$$0000000E) for __rt_lib_shutdown_heap_1
    libshutdown.o(.ARM.Collect$$libshutdown$$00000000) refers (Special) to libshutdown2.o(.ARM.Collect$$libshutdown$$0000000F) for __rt_lib_shutdown_return
    libshutdown.o(.ARM.Collect$$libshutdown$$00000000) refers (Special) to libshutdown2.o(.ARM.Collect$$libshutdown$$00000009) for __rt_lib_shutdown_signal_1
    libshutdown.o(.ARM.Collect$$libshutdown$$00000000) refers (Special) to libshutdown2.o(.ARM.Collect$$libshutdown$$00000003) for __rt_lib_shutdown_stdio_1
    libshutdown.o(.ARM.Collect$$libshutdown$$00000000) refers (Special) to libshutdown2.o(.ARM.Collect$$libshutdown$$0000000B) for __rt_lib_shutdown_user_alloc_1
    sys_command.o(.text) refers (Special) to use_no_semi.o(.text) for __I$use$semihosting
    sys_command.o(.text) refers (Special) to indicate_semi.o(.text) for __semihosting_library_function
    defsig_rtmem_outer.o(.text) refers to defsig_rtmem_inner.o(.text) for __rt_SIGRTMEM_inner
    defsig_rtmem_outer.o(.text) refers to defsig_exit.o(.text) for __sig_exit
    defsig_rtmem_formal.o(.text) refers to rt_raise.o(.text) for __rt_raise
    rt_raise.o(.text) refers to __raise.o(.text) for __raise
    rt_raise.o(.text) refers to sys_exit.o(.text) for _sys_exit
    defsig_exit.o(.text) refers to sys_exit.o(.text) for _sys_exit
    defsig_rtmem_inner.o(.text) refers to defsig_general.o(.text) for __default_signal_display
    __raise.o(.text) refers to defsig.o(CL$$defsig) for __default_signal_handler
    defsig_general.o(.text) refers to sys_wrch.o(.text) for _ttywrch
    sys_wrch.o(.text) refers (Special) to use_no_semi.o(.text) for __I$use$semihosting
    sys_wrch.o(.text) refers (Special) to indicate_semi.o(.text) for __semihosting_library_function
    defsig.o(CL$$defsig) refers to defsig_rtmem_inner.o(.text) for __rt_SIGRTMEM_inner
    defsig_abrt_inner.o(.text) refers to defsig_general.o(.text) for __default_signal_display
    defsig_fpe_inner.o(.text) refers to defsig_general.o(.text) for __default_signal_display
    defsig_rtred_inner.o(.text) refers to defsig_general.o(.text) for __default_signal_display
    defsig_stak_inner.o(.text) refers to defsig_general.o(.text) for __default_signal_display
    defsig_pvfn_inner.o(.text) refers to defsig_general.o(.text) for __default_signal_display
    defsig_cppl_inner.o(.text) refers to defsig_general.o(.text) for __default_signal_display
    defsig_segv_inner.o(.text) refers to defsig_general.o(.text) for __default_signal_display
    defsig_other.o(.text) refers to defsig_general.o(.text) for __default_signal_display

