Component: ARM Compiler 5.05 update 1 (build 106) Tool: armlink [4d0efa]

==============================================================================

Section Cross References

    main.o(i.AppTaskCreate) refers to tasks.o(i.xTaskCreate) for xTaskCreate
    main.o(i.AppTaskCreate) refers to main.o(.data) for xHandleTaskUserIF
    main.o(i.AppTaskCreate) refers to main.o(i.vTaskTaskUserIF) for vTaskTaskUserIF
    main.o(i.AppTaskCreate) refers to main.o(i.vTaskLed) for vTaskLed
    main.o(i.AppTaskCreate) refers to main.o(i.vTaskMsgPro) for vTaskMsgPro
    main.o(i.Buffer_Init) refers to rt_memclr.o(.text) for __aeabi_memclr
    main.o(i.Buffer_Init) refers to rt_memclr_w.o(.text) for __aeabi_memclr4
    main.o(i.Buffer_Init) refers to main.o(.bss) for RX
    main.o(i.HAL_Delay) refers to tasks.o(i.vTaskDelay) for vTaskDelay
    main.o(i.HAL_UART_RxCpltCallback) refers to stm32f4xx_hal_uart.o(i.HAL_UART_Receive_IT) for HAL_UART_Receive_IT
    main.o(i.HAL_UART_RxCpltCallback) refers to main.o(i.Write_Data) for Write_Data
    main.o(i.HAL_UART_RxCpltCallback) refers to main.o(.bss) for Rx
    main.o(i.HAL_UART_TxCpltCallback) refers to main.o(i.Read_Data) for Read_Data
    main.o(i.HAL_UART_TxCpltCallback) refers to stm32f4xx_hal_uart.o(i.HAL_UART_Transmit_IT) for HAL_UART_Transmit_IT
    main.o(i.HAL_UART_TxCpltCallback) refers to main.o(.bss) for RX
    main.o(i.LED_Func) refers to stm32f4xx_hal_gpio.o(i.HAL_GPIO_TogglePin) for HAL_GPIO_TogglePin
    main.o(i.MX_ETH_Init) refers to stm32f4xx_hal_eth.o(i.HAL_ETH_Init) for HAL_ETH_Init
    main.o(i.MX_ETH_Init) refers to main.o(i._Error_Handler) for _Error_Handler
    main.o(i.MX_ETH_Init) refers to main.o(.bss) for heth
    main.o(i.MX_FMC_Init) refers to stm32f4xx_hal_sdram.o(i.HAL_SDRAM_Init) for HAL_SDRAM_Init
    main.o(i.MX_FMC_Init) refers to main.o(i._Error_Handler) for _Error_Handler
    main.o(i.MX_FMC_Init) refers to main.o(.bss) for hsdram1
    main.o(i.MX_GPIO_Init) refers to stm32f4xx_hal_gpio.o(i.HAL_GPIO_WritePin) for HAL_GPIO_WritePin
    main.o(i.MX_GPIO_Init) refers to stm32f4xx_hal_gpio.o(i.HAL_GPIO_Init) for HAL_GPIO_Init
    main.o(i.MX_LTDC_Init) refers to stm32f4xx_hal_ltdc.o(i.HAL_LTDC_Init) for HAL_LTDC_Init
    main.o(i.MX_LTDC_Init) refers to main.o(i._Error_Handler) for _Error_Handler
    main.o(i.MX_LTDC_Init) refers to stm32f4xx_hal_ltdc.o(i.HAL_LTDC_ConfigLayer) for HAL_LTDC_ConfigLayer
    main.o(i.MX_LTDC_Init) refers to main.o(.bss) for hltdc
    main.o(i.MX_NVIC_Init) refers to stm32f4xx_hal_cortex.o(i.HAL_NVIC_SetPriority) for HAL_NVIC_SetPriority
    main.o(i.MX_NVIC_Init) refers to stm32f4xx_hal_cortex.o(i.HAL_NVIC_EnableIRQ) for HAL_NVIC_EnableIRQ
    main.o(i.MX_SDIO_SD_Init) refers to stm32f4xx_hal_sd.o(i.HAL_SD_Init) for HAL_SD_Init
    main.o(i.MX_SDIO_SD_Init) refers to main.o(i._Error_Handler) for _Error_Handler
    main.o(i.MX_SDIO_SD_Init) refers to stm32f4xx_hal_sd.o(i.HAL_SD_ConfigWideBusOperation) for HAL_SD_ConfigWideBusOperation
    main.o(i.MX_SDIO_SD_Init) refers to main.o(.bss) for hsd
    main.o(i.MX_SPI1_Init) refers to stm32f4xx_hal_spi.o(i.HAL_SPI_Init) for HAL_SPI_Init
    main.o(i.MX_SPI1_Init) refers to main.o(i._Error_Handler) for _Error_Handler
    main.o(i.MX_SPI1_Init) refers to main.o(.bss) for hspi1
    main.o(i.MX_USART1_UART_Init) refers to stm32f4xx_hal_uart.o(i.HAL_UART_Init) for HAL_UART_Init
    main.o(i.MX_USART1_UART_Init) refers to main.o(i._Error_Handler) for _Error_Handler
    main.o(i.MX_USART1_UART_Init) refers to main.o(.bss) for huart1
    main.o(i.MX_USB_OTG_HS_PCD_Init) refers to stm32f4xx_hal_pcd.o(i.HAL_PCD_Init) for HAL_PCD_Init
    main.o(i.MX_USB_OTG_HS_PCD_Init) refers to main.o(i._Error_Handler) for _Error_Handler
    main.o(i.MX_USB_OTG_HS_PCD_Init) refers to main.o(.bss) for hpcd_USB_OTG_HS
    main.o(i.SystemClock_Config) refers to stm32f4xx_hal_rcc.o(i.HAL_RCC_OscConfig) for HAL_RCC_OscConfig
    main.o(i.SystemClock_Config) refers to main.o(i._Error_Handler) for _Error_Handler
    main.o(i.SystemClock_Config) refers to stm32f4xx_hal_pwr_ex.o(i.HAL_PWREx_EnableOverDrive) for HAL_PWREx_EnableOverDrive
    main.o(i.SystemClock_Config) refers to stm32f4xx_hal_rcc.o(i.HAL_RCC_ClockConfig) for HAL_RCC_ClockConfig
    main.o(i.SystemClock_Config) refers to stm32f4xx_hal_rcc_ex.o(i.HAL_RCCEx_PeriphCLKConfig) for HAL_RCCEx_PeriphCLKConfig
    main.o(i.SystemClock_Config) refers to stm32f4xx_hal_rcc.o(i.HAL_RCC_GetHCLKFreq) for HAL_RCC_GetHCLKFreq
    main.o(i.SystemClock_Config) refers to stm32f4xx_hal_cortex.o(i.HAL_SYSTICK_Config) for HAL_SYSTICK_Config
    main.o(i.SystemClock_Config) refers to stm32f4xx_hal_cortex.o(i.HAL_SYSTICK_CLKSourceConfig) for HAL_SYSTICK_CLKSourceConfig
    main.o(i.SystemClock_Config) refers to stm32f4xx_hal_cortex.o(i.HAL_NVIC_SetPriority) for HAL_NVIC_SetPriority
    main.o(i.main) refers to stm32f4xx_hal.o(i.HAL_Init) for HAL_Init
    main.o(i.main) refers to main.o(i.SystemClock_Config) for SystemClock_Config
[...]
    i.SDMMC_GetCmdResp2                      0x080038d0   Section        0  stm32f4xx_ll_sdmmc.o(i.SDMMC_GetCmdResp2)
    SDMMC_GetCmdResp2                        0x080038d1   Thumb Code    88  stm32f4xx_ll_sdmmc.o(i.SDMMC_GetCmdResp2)
    i.SDMMC_GetCmdResp3                      0x0800392c   Section        0  stm32f4xx_ll_sdmmc.o(i.SDMMC_GetCmdResp3)
    SDMMC_GetCmdResp3                        0x0800392d   Thumb Code    74  stm32f4xx_ll_sdmmc.o(i.SDMMC_GetCmdResp3)
    i.SDMMC_GetCmdResp6                      0x0800397c   Section        0  stm32f4xx_ll_sdmmc.o(i.SDMMC_GetCmdResp6)
    SDMMC_GetCmdResp6                        0x0800397d   Thumb Code   172  stm32f4xx_ll_sdmmc.o(i.SDMMC_GetCmdResp6)
    i.SDMMC_GetCmdResp7                      0x08003a2c   Section        0  stm32f4xx_ll_sdmmc.o(i.SDMMC_GetCmdResp7)
    SDMMC_GetCmdResp7                        0x08003a2d   Thumb Code    82  stm32f4xx_ll_sdmmc.o(i.SDMMC_GetCmdResp7)
    i.SD_FindSCR                             0x08003a84   Section        0  stm32f4xx_hal_sd.o(i.SD_FindSCR)
    SD_FindSCR                               0x08003a85   Thumb Code   300  stm32f4xx_hal_sd.o(i.SD_FindSCR)
    i.SD_InitCard                            0x08003bb0   Section        0  stm32f4xx_hal_sd.o(i.SD_InitCard)
    SD_InitCard                              0x08003bb1   Thumb Code   252  stm32f4xx_hal_sd.o(i.SD_InitCard)
    i.SD_PowerON                             0x08003cac   Section        0  stm32f4xx_hal_sd.o(i.SD_PowerON)
    SD_PowerON                               0x08003cad   Thumb Code   238  stm32f4xx_hal_sd.o(i.SD_PowerON)
    i.SD_WideBus_Disable                     0x08003d9a   Section        0  stm32f4xx_hal_sd.o(i.SD_WideBus_Disable)
    SD_WideBus_Disable                       0x08003d9b   Thumb Code   106  stm32f4xx_hal_sd.o(i.SD_WideBus_Disable)
    i.SD_WideBus_Enable                      0x08003e04   Section        0  stm32f4xx_hal_sd.o(i.SD_WideBus_Enable)
    SD_WideBus_Enable                        0x08003e05   Thumb Code   106  stm32f4xx_hal_sd.o(i.SD_WideBus_Enable)
    i.SysTick_Handler                        0x08003e70   Section        0  port.o(i.SysTick_Handler)
    i.SystemClock_Config                     0x08003ea4   Section        0  main.o(i.SystemClock_Config)
    i.SystemInit                             0x08003fbc   Section        0  system_stm32f4xx.o(i.SystemInit)
    i.UART_DMAAbortOnError                   0x08004020   Section        0  stm32f4xx_hal_uart.o(i.UART_DMAAbortOnError)
    UART_DMAAbortOnError                     0x08004021   Thumb Code    20  stm32f4xx_hal_uart.o(i.UART_DMAAbortOnError)
    i.UART_EndRxTransfer                     0x08004034   Section        0  stm32f4xx_hal_uart.o(i.UART_EndRxTransfer)
    UART_EndRxTransfer                       0x08004035   Thumb Code    32  stm32f4xx_hal_uart.o(i.UART_EndRxTransfer)
    i.UART_EndTransmit_IT                    0x08004054   Section        0  stm32f4xx_hal_uart.o(i.UART_EndTransmit_IT)
    UART_EndTransmit_IT                      0x08004055   Thumb Code    32  stm32f4xx_hal_uart.o(i.UART_EndTransmit_IT)
    i.UART_Receive_IT                        0x08004074   Section        0  stm32f4xx_hal_uart.o(i.UART_Receive_IT)
    UART_Receive_IT                          0x08004075   Thumb Code   154  stm32f4xx_hal_uart.o(i.UART_Receive_IT)
    i.UART_SetConfig                         0x08004110   Section        0  stm32f4xx_hal_uart.o(i.UART_SetConfig)
    UART_SetConfig                           0x08004111   Thumb Code   864  stm32f4xx_hal_uart.o(i.UART_SetConfig)
    i.UART_Transmit_IT                       0x08004478   Section        0  stm32f4xx_hal_uart.o(i.UART_Transmit_IT)
    UART_Transmit_IT                         0x08004479   Thumb Code   104  stm32f4xx_hal_uart.o(i.UART_Transmit_IT)
    i.USART1_IRQHandler                      0x080044e0   Section        0  stm32f4xx_it.o(i.USART1_IRQHandler)
    i.USB_CoreInit                           0x080044f0   Section        0  stm32f4xx_ll_usb.o(i.USB_CoreInit)
    i.USB_CoreReset                          0x08004560   Section        0  stm32f4xx_ll_usb.o(i.USB_CoreReset)
    USB_CoreReset                            0x08004561   Thumb Code    70  stm32f4xx_ll_usb.o(i.USB_CoreReset)
    i.USB_DevDisconnect                      0x080045ac   Section        0  stm32f4xx_ll_usb.o(i.USB_DevDisconnect)
    i.USB_DevInit                            0x080045cc   Section        0  stm32f4xx_ll_usb.o(i.USB_DevInit)
    i.USB_DisableGlobalInt                   0x0800476c   Section        0  stm32f4xx_ll_usb.o(i.USB_DisableGlobalInt)
    i.USB_FlushRxFifo                        0x0800477c   Section        0  stm32f4xx_ll_usb.o(i.USB_FlushRxFifo)
    i.USB_FlushTxFifo                        0x080047a8   Section        0  stm32f4xx_ll_usb.o(i.USB_FlushTxFifo)
    i.USB_SetCurrentMode                     0x080047d8   Section        0  stm32f4xx_ll_usb.o(i.USB_SetCurrentMode)
    i.USB_SetDevSpeed                        0x08004808   Section        0  stm32f4xx_ll_usb.o(i.USB_SetDevSpeed)
    i.UsageFault_Handler                     0x08004818   Section        0  stm32f4xx_it.o(i.UsageFault_Handler)
    i.Write_Data                             0x0800481c   Section        0  main.o(i.Write_Data)
    i._Error_Handler                         0x08004830   Section        0  main.o(i._Error_Handler)
    i.main                                   0x08004834   Section        0  main.o(i.main)
    i.prvAddCurrentTaskToDelayedList         0x080048b0   Section        0  tasks.o(i.prvAddCurrentTaskToDelayedList)
    prvAddCurrentTaskToDelayedList           0x080048b1   Thumb Code   124  tasks.o(i.prvAddCurrentTaskToDelayedList)
    i.prvAddNewTaskToReadyList               0x08004948   Section        0  tasks.o(i.prvAddNewTaskToReadyList)
    prvAddNewTaskToReadyList                 0x08004949   Thumb Code   156  tasks.o(i.prvAddNewTaskToReadyList)
    i.prvCheckForValidListAndQueue           0x08004a00   Section        0  timers.o(i.prvCheckForValidListAndQueue)
    prvCheckForValidListAndQueue             0x08004a01   Thumb Code    72  timers.o(i.prvCheckForValidListAndQueue)
    i.prvCheckTasksWaitingTermination        0x08004a64   Section        0  tasks.o(i.prvCheckTasksWaitingTermination)
    prvCheckTasksWaitingTermination          0x08004a65   Thumb Code    86  tasks.o(i.prvCheckTasksWaitingTermination)
    i.prvCopyDataFromQueue                   0x08004ac8   Section        0  queue.o(i.prvCopyDataFromQueue)
    prvCopyDataFromQueue                     0x08004ac9   Thumb Code    42  queue.o(i.prvCopyDataFromQueue)
    i.prvCopyDataToQueue                     0x08004af2   Section        0  queue.o(i.prvCopyDataToQueue)
    prvCopyDataToQueue                       0x08004af3   Thumb Code   124  queue.o(i.prvCopyDataToQueue)
    i.prvDeleteTCB                           0x08004b6e   Section        0  tasks.o(i.prvDeleteTCB)
    prvDeleteTCB                             0x08004b6f   Thumb Code    18  tasks.o(i.prvDeleteTCB)
    i.prvGetNextExpireTime                   0x08004b80   Section        0  timers.o(i.prvGetNextExpireTime)
    prvGetNextExpireTime                     0x08004b81   Thumb Code    36  timers.o(i.prvGetNextExpireTime)
    i.prvHeapInit                            0x08004ba8   Section        0  heap_4.o(i.prvHeapInit)
    prvHeapInit                              0x08004ba9   Thumb Code    98  heap_4.o(i.prvHeapInit)
    i.prvIdleTask                            0x08004c24   Section        0  tasks.o(i.prvIdleTask)
    prvIdleTask                              0x08004c25   Thumb Code    32  tasks.o(i.prvIdleTask)
    i.prvInitialiseNewQueue                  0x08004c4c   Section        0  queue.o(i.prvInitialiseNewQueue)
    prvInitialiseNewQueue                    0x08004c4d   Thumb Code    42  queue.o(i.prvInitialiseNewQueue)
    i.prvInitialiseNewTask                   0x08004c76   Section        0  tasks.o(i.prvInitialiseNewTask)
    prvInitialiseNewTask                     0x08004c77   Thumb Code   180  tasks.o(i.prvInitialiseNewTask)
    i.prvInitialiseTaskLists                 0x08004d2c   Section        0  tasks.o(i.prvInitialiseTaskLists)
    prvInitialiseTaskLists                   0x08004d2d   Thumb Code    70  tasks.o(i.prvInitialiseTaskLists)
    i.prvInsertBlockIntoFreeList             0x08004d94   Section        0  heap_4.o(i.prvInsertBlockIntoFreeList)
    prvInsertBlockIntoFreeList               0x08004d95   Thumb Code    96  heap_4.o(i.prvInsertBlockIntoFreeList)
    i.prvInsertTimerInActiveList             0x08004dfc   Section        0  timers.o(i.prvInsertTimerInActiveList)
    prvInsertTimerInActiveList               0x08004dfd   Thumb Code    80  timers.o(i.prvInsertTimerInActiveList)
    i.prvIsQueueEmpty                        0x08004e54   Section        0  queue.o(i.prvIsQueueEmpty)
    prvIsQueueEmpty                          0x08004e55   Thumb Code    26  queue.o(i.prvIsQueueEmpty)
    i.prvIsQueueFull                         0x08004e6e   Section        0  queue.o(i.prvIsQueueFull)
    prvIsQueueFull                           0x08004e6f   Thumb Code    30  queue.o(i.prvIsQueueFull)
    i.prvProcessExpiredTimer                 0x08004e8c   Section        0  timers.o(i.prvProcessExpiredTimer)
    prvProcessExpiredTimer                   0x08004e8d   Thumb Code    94  timers.o(i.prvProcessExpiredTimer)
    i.prvProcessReceivedCommands             0x08004ef0   Section        0  timers.o(i.prvProcessReceivedCommands)
    prvProcessReceivedCommands               0x08004ef1   Thumb Code   242  timers.o(i.prvProcessReceivedCommands)
    i.prvProcessTimerOrBlockTask             0x08004fe8   Section        0  timers.o(i.prvProcessTimerOrBlockTask)
    prvProcessTimerOrBlockTask               0x08004fe9   Thumb Code   102  timers.o(i.prvProcessTimerOrBlockTask)
    i.prvResetNextTaskUnblockTime            0x0800505c   Section        0  tasks.o(i.prvResetNextTaskUnblockTime)
    prvResetNextTaskUnblockTime              0x0800505d   Thumb Code    42  tasks.o(i.prvResetNextTaskUnblockTime)
    i.prvSampleTimeNow                       0x08005090   Section        0  timers.o(i.prvSampleTimeNow)
    prvSampleTimeNow                         0x08005091   Thumb Code    40  timers.o(i.prvSampleTimeNow)
    i.prvSwitchTimerLists                    0x080050bc   Section        0  timers.o(i.prvSwitchTimerLists)
    prvSwitchTimerLists                      0x080050bd   Thumb Code   150  timers.o(i.prvSwitchTimerLists)
    i.prvTaskExitError                       0x0800515c   Section        0  port.o(i.prvTaskExitError)
    prvTaskExitError                         0x0800515d   Thumb Code    60  port.o(i.prvTaskExitError)
    i.prvTimerTask                           0x0800519c   Section        0  timers.o(i.prvTimerTask)
    prvTimerTask                             0x0800519d   Thumb Code    26  timers.o(i.prvTimerTask)
    i.prvUnlockQueue                         0x080051b6   Section        0  queue.o(i.prvUnlockQueue)
    prvUnlockQueue                           0x080051b7   Thumb Code   126  queue.o(i.prvUnlockQueue)
    i.pvPortMalloc                           0x08005234   Section        0  heap_4.o(i.pvPortMalloc)
    i.pvTaskIncrementMutexHeldCount          0x08005370   Section        0  tasks.o(i.pvTaskIncrementMutexHeldCount)
    i.pxPortInitialiseStack                  0x08005390   Section        0  port.o(i.pxPortInitialiseStack)
    i.uxListRemove                           0x080053bc   Section        0  list.o(i.uxListRemove)
    i.vListInitialise                        0x080053e4   Section        0  list.o(i.vListInitialise)
    i.vListInitialiseItem                    0x080053fe   Section        0  list.o(i.vListInitialiseItem)
    i.vListInsert                            0x08005404   Section        0  list.o(i.vListInsert)
    i.vListInsertEnd                         0x08005438   Section        0  list.o(i.vListInsertEnd)
    i.vPortEnterCritical                     0x08005450   Section        0  port.o(i.vPortEnterCritical)
    i.vPortExitCritical                      0x080054a4   Section        0  port.o(i.vPortExitCritical)
    i.vPortFree                              0x080054e0   Section        0  heap_4.o(i.vPortFree)
    i.vPortSetupTimerInterrupt               0x08005574   Section        0  port.o(i.vPortSetupTimerInterrupt)
    i.vPortValidateInterruptPriority         0x08005588   Section        0  port.o(i.vPortValidateInterruptPriority)
    i.vQueueAddToRegistry                    0x08005600   Section        0  queue.o(i.vQueueAddToRegistry)
    i.vQueueWaitForMessageRestricted         0x0800562c   Section        0  queue.o(i.vQueueWaitForMessageRestricted)
    i.vTaskDelay                             0x08005678   Section        0  tasks.o(i.vTaskDelay)
    i.vTaskLed                               0x080056d4   Section        0  main.o(i.vTaskLed)
    vTaskLed                                 0x080056d5   Thumb Code    22  main.o(i.vTaskLed)
    i.vTaskMissedYield                       0x080056f0   Section        0  tasks.o(i.vTaskMissedYield)
    i.vTaskMsgPro                            0x080056fc   Section        0  main.o(i.vTaskMsgPro)
    vTaskMsgPro                              0x080056fd   Thumb Code    20  main.o(i.vTaskMsgPro)
    i.vTaskPlaceOnEventList                  0x08005714   Section        0  tasks.o(i.vTaskPlaceOnEventList)
    i.vTaskPlaceOnEventListRestricted        0x0800574c   Section        0  tasks.o(i.vTaskPlaceOnEventListRestricted)
    i.vTaskPriorityInherit                   0x0800578c   Section        0  tasks.o(i.vTaskPriorityInherit)
    i.vTaskSetTimeOutState                   0x0800583c   Section        0  tasks.o(i.vTaskSetTimeOutState)
    i.vTaskStartScheduler                    0x0800586c   Section        0  tasks.o(i.vTaskStartScheduler)
    i.vTaskSuspendAll                        0x08005900   Section        0  tasks.o(i.vTaskSuspendAll)
    i.vTaskSwitchContext                     0x08005910   Section        0  tasks.o(i.vTaskSwitchContext)
    i.vTaskTaskUserIF                        0x0800599c   Section        0  main.o(i.vTaskTaskUserIF)
    vTaskTaskUserIF                          0x0800599d   Thumb Code    36  main.o(i.vTaskTaskUserIF)
    i.xPortStartScheduler                    0x080059c8   Section        0  port.o(i.xPortStartScheduler)
    i.xQueueGenericCreate                    0x08005b04   Section        0  queue.o(i.xQueueGenericCreate)
    i.xQueueGenericReceive                   0x08005b5c   Section        0  queue.o(i.xQueueGenericReceive)
    i.xQueueGenericReset                     0x08005d20   Section        0  queue.o(i.xQueueGenericReset)
    i.xQueueGenericSend                      0x08005db8   Section        0  queue.o(i.xQueueGenericSend)
    i.xQueueGenericSendFromISR               0x08005f60   Section        0  queue.o(i.xQueueGenericSendFromISR)
    i.xTaskCheckForTimeOut                   0x08006058   Section        0  tasks.o(i.xTaskCheckForTimeOut)
    i.xTaskCreate                            0x080060e4   Section        0  tasks.o(i.xTaskCreate)
    i.xTaskGetSchedulerState                 0x08006144   Section        0  tasks.o(i.xTaskGetSchedulerState)
    i.xTaskGetTickCount                      0x08006164   Section        0  tasks.o(i.xTaskGetTickCount)
    i.xTaskIncrementTick                     0x08006170   Section        0  tasks.o(i.xTaskIncrementTick)
    i.xTaskPriorityDisinherit                0x080062b8   Section        0  tasks.o(i.xTaskPriorityDisinherit)
    i.xTaskRemoveFromEventList               0x08006380   Section        0  tasks.o(i.xTaskRemoveFromEventList)
    i.xTaskResumeAll                         0x08006418   Section        0  tasks.o(i.xTaskResumeAll)
    i.xTimerCreateTimerTask                  0x0800651c   Section        0  timers.o(i.xTimerCreateTimerTask)
    i.xTimerGenericCommand                   0x08006574   Section        0  timers.o(i.xTimerGenericCommand)
    x$fpl$fpinit                             0x080065f8   Section       10  fpinit.o(x$fpl$fpinit)
    $v0                                      0x080065f8   Number         0  fpinit.o(x$fpl$fpinit)
    .constdata                               0x08006602   Section       24  system_stm32f4xx.o(.constdata)
    .data                                    0x20000000   Section       16  main.o(.data)
    xHandleTaskUserIF                        0x20000000   Data           4  main.o(.data)
    xHandleTaskLed                           0x20000004   Data           4  main.o(.data)
    xHandleTaskMsgPro                        0x20000008   Data           4  main.o(.data)
    .data                                    0x20000010   Section        8  stm32f4xx_hal_msp.o(.data)
    FMC_Initialized                          0x20000010   Data           4  stm32f4xx_hal_msp.o(.data)
    FMC_DeInitialized                        0x20000014   Data           4  stm32f4xx_hal_msp.o(.data)
    .data                                    0x20000018   Section        4  system_stm32f4xx.o(.data)
    .data                                    0x2000001c   Section        4  stm32f4xx_hal.o(.data)
    .data                                    0x20000020   Section       60  tasks.o(.data)
    pxDelayedTaskList                        0x20000024   Data           4  tasks.o(.data)
    pxOverflowDelayedTaskList                0x20000028   Data           4  tasks.o(.data)
    uxDeletedTasksWaitingCleanUp             0x2000002c   Data           4  tasks.o(.data)
    uxCurrentNumberOfTasks                   0x20000030   Data           4  tasks.o(.data)
    xTickCount                               0x20000034   Data           4  tasks.o(.data)
    uxTopReadyPriority                       0x20000038   Data           4  tasks.o(.data)
    xSchedulerRunning                        0x2000003c   Data           4  tasks.o(.data)
    uxPendedTicks                            0x20000040   Data           4  tasks.o(.data)
    xYieldPending                            0x20000044   Data           4  tasks.o(.data)
    xNumOfOverflows                          0x20000048   Data           4  tasks.o(.data)
    uxTaskNumber                             0x2000004c   Data           4  tasks.o(.data)
    xNextTaskUnblockTime                     0x20000050   Data           4  tasks.o(.data)
    xIdleTaskHandle                          0x20000054   Data           4  tasks.o(.data)
    uxSchedulerSuspended                     0x20000058   Data           4  tasks.o(.data)
    .data                                    0x2000005c   Section       20  timers.o(.data)
    pxCurrentTimerList                       0x2000005c   Data           4  timers.o(.data)
    pxOverflowTimerList                      0x20000060   Data           4  timers.o(.data)
    xTimerQueue                              0x20000064   Data           4  timers.o(.data)
    xTimerTaskHandle                         0x20000068   Data           4  timers.o(.data)
    xLastTime                                0x2000006c   Data           4  timers.o(.data)
    .data                                    0x20000070   Section       24  heap_4.o(.data)
    xStart                                   0x20000070   Data           8  heap_4.o(.data)
    pxEnd                                    0x20000078   Data           4  heap_4.o(.data)
    xFreeBytesRemaining                      0x2000007c   Data           4  heap_4.o(.data)
    xMinimumEverFreeBytesRemaining           0x20000080   Data           4  heap_4.o(.data)
    xBlockAllocatedBit                       0x20000084   Data           4  heap_4.o(.data)
    .data                                    0x20000088   Section       12  port.o(.data)
    uxCriticalNesting                        0x20000088   Data           4  port.o(.data)
    ucMaxSysCallPriority                     0x2000008c   Data           1  port.o(.data)
    ulMaxPRIGROUPValue                       0x20000090   Data           4  port.o(.data)
    .bss                                     0x20000094   Section     2502  main.o(.bss)
    .bss                                     0x20000a5c   Section       64  queue.o(.bss)
    .bss                                     0x20000a9c   Section      200  tasks.o(.bss)
    pxReadyTasksLists                        0x20000a9c   Data         100  tasks.o(.bss)
    xDelayedTaskList1                        0x20000b00   Data          20  tasks.o(.bss)
    xDelayedTaskList2                        0x20000b14   Data          20  tasks.o(.bss)
    xPendingReadyList                        0x20000b28   Data          20  tasks.o(.bss)
    xTasksWaitingTermination                 0x20000b3c   Data          20  tasks.o(.bss)
    xSuspendedTaskList                       0x20000b50   Data          20  tasks.o(.bss)
    .bss                                     0x20000b64   Section       40  timers.o(.bss)
    xActiveTimerList1                        0x20000b64   Data          20  timers.o(.bss)
    xActiveTimerList2                        0x20000b78   Data          20  timers.o(.bss)
    .bss                                     0x20000b8c   Section    76800  heap_4.o(.bss)
    ucHeap                                   0x20000b8c   Data       76800  heap_4.o(.bss)
    .bss                                     0x2001378c   Section       96  libspace.o(.bss)
    HEAP                                     0x200137f0   Section      512  startup_stm32f429xx.o(HEAP)
    Heap_Mem                                 0x200137f0   Data         512  startup_stm32f429xx.o(HEAP)
    STACK                                    0x200139f0   Section     1024  startup_stm32f429xx.o(STACK)
    Stack_Mem                                0x200139f0   Data        1024  startup_stm32f429xx.o(STACK)
    __initial_sp                             0x20013df0   Data           0  startup_stm32f429xx.o(STACK)

    Global Symbols

    Symbol Name                              Value     Ov Type        Size  Object(Section)

    BuildAttributes$$THM_ISAv4$E$P$D$K$B$S$7EM$VFPi3$EXTD16$VFPS$VFMA$PE$A:L22UL41UL21$X:L11$S22US41US21$IEEE1$IW$USESV6$~STKCKD$USESV7$~SHL$OSPACE$ROPI$EBA8$UX$STANDARDLIB$REQ8$PRES8$EABIv2 0x00000000   Number         0  anon$$obj.o ABSOLUTE
    __ARM_use_no_argv                        0x00000000   Number         0  main.o ABSOLUTE
    __ARM_exceptions_init                     - Undefined Weak Reference
    __alloca_initialize                       - Undefined Weak Reference
    __arm_preinit_                            - Undefined Weak Reference
    __cpp_initialize__aeabi_                  - Undefined Weak Reference
    __cxa_finalize                            - Undefined Weak Reference
    __rt_locale                               - Undefined Weak Reference
    __sigvec_lookup                           - Undefined Weak Reference
    _atexit_init                              - Undefined Weak Reference
    _call_atexit_fns                          - Undefined Weak Reference
    _clock_init                               - Undefined Weak Reference
    _fp_trap_init                             - Undefined Weak Reference
    _fp_trap_shutdown                         - Undefined Weak Reference
    _get_lc_collate                           - Undefined Weak Reference
    _get_lc_ctype                             - Undefined Weak Reference
    _get_lc_monetary                          - Undefined Weak Reference
    _get_lc_numeric                           - Undefined Weak Reference
    _get_lc_time                              - Undefined Weak Reference
    _getenv_init                              - Undefined Weak Reference
    _handle_redirection                       - Undefined Weak Reference
    _init_alloc                               - Undefined Weak Reference
    _init_user_alloc                          - Undefined Weak Reference
    _initio                                   - Undefined Weak Reference
    _rand_init                                - Undefined Weak Reference
    _signal_finish                            - Undefined Weak Reference
    _signal_init                              - Undefined Weak Reference
    _terminate_alloc                          - Undefined Weak Reference
    _terminate_user_alloc                     - Undefined Weak Reference
    _terminateio                              - Undefined Weak Reference
    __Vectors_Size                           0x000001ac   Number         0  startup_stm32f429xx.o ABSOLUTE
    __Vectors                                0x08000000   Data           4  startup_stm32f429xx.o(RESET)
    __Vectors_End                            0x080001ac   Data           0  startup_stm32f429xx.o(RESET)
    __main                                   0x080001ad   Thumb Code     8  __main.o(!!!main)
    __scatterload                            0x080001b5   Thumb Code     0  __scatter.o(!!!scatter)
    __scatterload_rt2                        0x080001b5   Thumb Code    44  __scatter.o(!!!scatter)
    __scatterload_rt2_thumb_only             0x080001b5   Thumb Code     0  __scatter.o(!!!scatter)
    __scatterload_null                       0x080001c3   Thumb Code     0  __scatter.o(!!!scatter)
    __scatterload_copy                       0x080001e9   Thumb Code    26  __scatter_copy.o(!!handler_copy)
    __scatterload_zeroinit                   0x08000205   Thumb Code    28  __scatter_zi.o(!!handler_zi)
    __rt_lib_init                            0x08000221   Thumb Code     0  libinit.o(.ARM.Collect$$libinit$$00000000)
    __rt_lib_init_fp_1                       0x08000223   Thumb Code     0  libinit2.o(.ARM.Collect$$libinit$$00000001)
    __rt_lib_init_alloca_1                   0x08000227   Thumb Code     0  libinit2.o(.ARM.Collect$$libinit$$0000002E)
    __rt_lib_init_argv_1                     0x08000227   Thumb Code     0  libinit2.o(.ARM.Collect$$libinit$$0000002C)
    __rt_lib_init_atexit_1                   0x08000227   Thumb Code     0  libinit2.o(.ARM.Collect$$libinit$$0000001B)
    __rt_lib_init_clock_1                    0x08000227   Thumb Code     0  libinit2.o(.ARM.Collect$$libinit$$00000021)
    __rt_lib_init_cpp_1                      0x08000227   Thumb Code     0  libinit2.o(.ARM.Collect$$libinit$$00000032)
    __rt_lib_init_exceptions_1               0x08000227   Thumb Code     0  libinit2.o(.ARM.Collect$$libinit$$00000030)
    __rt_lib_init_fp_trap_1                  0x08000227   Thumb Code     0  libinit2.o(.ARM.Collect$$libinit$$0000001F)
    __rt_lib_init_getenv_1                   0x08000227   Thumb Code     0  libinit2.o(.ARM.Collect$$libinit$$00000023)
    __rt_lib_init_heap_1                     0x08000227   Thumb Code     0  libinit2.o(.ARM.Collect$$libinit$$0000000A)
    __rt_lib_init_lc_collate_1               0x08000227   Thumb Code     0  libinit2.o(.ARM.Collect$$libinit$$00000011)
    __rt_lib_init_lc_ctype_1                 0x08000227   Thumb Code     0  libinit2.o(.ARM.Collect$$libinit$$00000013)
    __rt_lib_init_lc_monetary_1              0x08000227   Thumb Code     0  libinit2.o(.ARM.Collect$$libinit$$00000015)
    __rt_lib_init_lc_numeric_1               0x08000227   Thumb Code     0  libinit2.o(.ARM.Collect$$libinit$$00000017)
    __rt_lib_init_lc_time_1                  0x08000227   Thumb Code     0  libinit2.o(.ARM.Collect$$libinit$$00000019)
    __rt_lib_init_preinit_1                  0x08000227   Thumb Code     0  libinit2.o(.ARM.Collect$$libinit$$00000004)
    __rt_lib_init_rand_1                     0x08000227   Thumb Code     0  libinit2.o(.ARM.Collect$$libinit$$0000000E)
    __rt_lib_init_return                     0x08000227   Thumb Code     0  libinit2.o(.ARM.Collect$$libinit$$00000033)
    __rt_lib_init_signal_1                   0x08000227   Thumb Code     0  libinit2.o(.ARM.Collect$$libinit$$0000001D)
    __rt_lib_init_stdio_1                    0x08000227   Thumb Code     0  libinit2.o(.ARM.Collect$$libinit$$00000025)
    __rt_lib_init_user_alloc_1               0x08000227   Thumb Code     0  libinit2.o(.ARM.Collect$$libinit$$0000000C)
    __rt_lib_shutdown                        0x08000229   Thumb Code     0  libshutdown.o(.ARM.Collect$$libshutdown$$00000000)
    __rt_lib_shutdown_fp_trap_1              0x0800022b   Thumb Code     0  libshutdown2.o(.ARM.Collect$$libshutdown$$00000006)
    __rt_lib_shutdown_heap_1                 0x0800022b   Thumb Code     0  libshutdown2.o(.ARM.Collect$$libshutdown$$0000000E)
    __rt_lib_shutdown_return                 0x0800022b   Thumb Code     0  libshutdown2.o(.ARM.Collect$$libshutdown$$0000000F)
    __rt_lib_shutdown_signal_1               0x0800022b   Thumb Code     0  libshutdown2.o(.ARM.Collect$$libshutdown$$00000009)
    __rt_lib_shutdown_stdio_1                0x0800022b   Thumb Code     0  libshutdown2.o(.ARM.Collect$$libshutdown$$00000003)
    __rt_lib_shutdown_user_alloc_1           0x0800022b   Thumb Code     0  libshutdown2.o(.ARM.Collect$$libshutdown$$0000000B)
    __rt_entry                               0x0800022d   Thumb Code     0  __rtentry.o(.ARM.Collect$$rtentry$$00000000)
    __rt_entry_presh_1                       0x0800022d   Thumb Code     0  __rtentry2.o(.ARM.Collect$$rtentry$$00000002)
    __rt_entry_sh                            0x0800022d   Thumb Code     0  __rtentry4.o(.ARM.Collect$$rtentry$$00000004)
    __rt_entry_li                            0x08000233   Thumb Code     0  __rtentry2.o(.ARM.Collect$$rtentry$$0000000A)
    __rt_entry_postsh_1                      0x08000233   Thumb Code     0  __rtentry2.o(.ARM.Collect$$rtentry$$00000009)
    __rt_entry_main                          0x08000237   Thumb Code     0  __rtentry2.o(.ARM.Collect$$rtentry$$0000000D)
    __rt_entry_postli_1                      0x08000237   Thumb Code     0  __rtentry2.o(.ARM.Collect$$rtentry$$0000000C)
    __rt_exit                                0x0800023f   Thumb Code     0  rtexit.o(.ARM.Collect$$rtexit$$00000000)
    __rt_exit_ls                             0x08000241   Thumb Code     0  rtexit2.o(.ARM.Collect$$rtexit$$00000003)
    __rt_exit_prels_1                        0x08000241   Thumb Code     0  rtexit2.o(.ARM.Collect$$rtexit$$00000002)
    __rt_exit_exit                           0x08000245   Thumb Code     0  rtexit2.o(.ARM.Collect$$rtexit$$00000004)
    SVC_Handler                              0x0800024d   Thumb Code    28  port.o(.emb_text)
    __asm___6_port_c_39a90d8d__prvStartFirstTask 0x0800026d   Thumb Code    28  port.o(.emb_text)
    __asm___6_port_c_39a90d8d__prvEnableVFP  0x0800028d   Thumb Code    16  port.o(.emb_text)
    PendSV_Handler                           0x080002a1   Thumb Code    88  port.o(.emb_text)
    vPortGetIPSR                             0x080002fd   Thumb Code     6  port.o(.emb_text)
    Reset_Handler                            0x08000305   Thumb Code     8  startup_stm32f429xx.o(.text)
    ADC_IRQHandler                           0x0800031f   Thumb Code     0  startup_stm32f429xx.o(.text)
    CAN1_RX0_IRQHandler                      0x0800031f   Thumb Code     0  startup_stm32f429xx.o(.text)
    CAN1_RX1_IRQHandler                      0x0800031f   Thumb Code     0  startup_stm32f429xx.o(.text)
    CAN1_SCE_IRQHandler                      0x0800031f   Thumb Code     0  startup_stm32f429xx.o(.text)
    CAN1_TX_IRQHandler                       0x0800031f   Thumb Code     0  startup_stm32f429xx.o(.text)
    CAN2_RX0_IRQHandler                      0x0800031f   Thumb Code     0  startup_stm32f429xx.o(.text)
    CAN2_RX1_IRQHandler                      0x0800031f   Thumb Code     0  startup_stm32f429xx.o(.text)
    CAN2_SCE_IRQHandler                      0x0800031f   Thumb Code     0  startup_stm32f429xx.o(.text)
    CAN2_TX_IRQHandler                       0x0800031f   Thumb Code     0  startup_stm32f429xx.o(.text)
    DCMI_IRQHandler                          0x0800031f   Thumb Code     0  startup_stm32f429xx.o(.text)
    DMA1_Stream0_IRQHandler                  0x0800031f   Thumb Code     0  startup_stm32f429xx.o(.text)
    DMA1_Stream1_IRQHandler                  0x0800031f   Thumb Code     0  startup_stm32f429xx.o(.text)
    DMA1_Stream2_IRQHandler                  0x0800031f   Thumb Code     0  startup_stm32f429xx.o(.text)
    DMA1_Stream3_IRQHandler                  0x0800031f   Thumb Code     0  startup_stm32f429xx.o(.text)
    DMA1_Stream4_IRQHandler                  0x0800031f   Thumb Code     0  startup_stm32f429xx.o(.text)
    DMA1_Stream5_IRQHandler                  0x0800031f   Thumb Code     0  startup_stm32f429xx.o(.text)
    DMA1_Stream6_IRQHandler                  0x0800031f   Thumb Code     0  startup_stm32f429xx.o(.text)
    DMA1_Stream7_IRQHandler                  0x0800031f   Thumb Code     0  startup_stm32f429xx.o(.text)
    DMA2D_IRQHandler                         0x0800031f   Thumb Code     0  startup_stm32f429xx.o(.text)
    DMA2_Stream0_IRQHandler                  0x0800031f   Thumb Code     0  startup_stm32f429xx.o(.text)
    DMA2_Stream1_IRQHandler                  0x0800031f   Thumb Code     0  startup_stm32f429xx.o(.text)
    DMA2_Stream2_IRQHandler                  0x0800031f   Thumb Code     0  startup_stm32f429xx.o(.text)
    DMA2_Stream3_IRQHandler                  0x0800031f   Thumb Code     0  startup_stm32f429xx.o(.text)
    DMA2_Stream4_IRQHandler                  0x0800031f   Thumb Code     0  startup_stm32f429xx.o(.text)
    DMA2_Stream5_IRQHandler                  0x0800031f   Thumb Code     0  startup_stm32f429xx.o(.text)
    DMA2_Stream6_IRQHandler                  0x0800031f   Thumb Code     0  startup_stm32f429xx.o(.text)
    DMA2_Stream7_IRQHandler                  0x0800031f   Thumb Code     0  startup_stm32f429xx.o(.text)
    ETH_WKUP_IRQHandler                      0x0800031f   Thumb Code     0  startup_stm32f429xx.o(.text)
    EXTI0_IRQHandler                         0x0800031f   Thumb Code     0  startup_stm32f429xx.o(.text)
    EXTI15_10_IRQHandler                     0x0800031f   Thumb Code     0  startup_stm32f429xx.o(.text)
    EXTI1_IRQHandler                         0x0800031f   Thumb Code     0  startup_stm32f429xx.o(.text)
    EXTI2_IRQHandler                         0x0800031f   Thumb Code     0  startup_stm32f429xx.o(.text)
    EXTI3_IRQHandler                         0x0800031f   Thumb Code     0  startup_stm32f429xx.o(.text)
    EXTI4_IRQHandler                         0x0800031f   Thumb Code     0  startup_stm32f429xx.o(.text)
    EXTI9_5_IRQHandler                       0x0800031f   Thumb Code     0  startup_stm32f429xx.o(.text)
    FLASH_IRQHandler                         0x0800031f   Thumb Code     0  startup_stm32f429xx.o(.text)
    FMC_IRQHandler                           0x0800031f   Thumb Code     0  startup_stm32f429xx.o(.text)
    FPU_IRQHandler                           0x0800031f   Thumb Code     0  startup_stm32f429xx.o(.text)
    HASH_RNG_IRQHandler                      0x0800031f   Thumb Code     0  startup_stm32f429xx.o(.text)
    I2C1_ER_IRQHandler                       0x0800031f   Thumb Code     0  startup_stm32f429xx.o(.text)
    I2C1_EV_IRQHandler                       0x0800031f   Thumb Code     0  startup_stm32f429xx.o(.text)
    I2C2_ER_IRQHandler                       0x0800031f   Thumb Code     0  startup_stm32f429xx.o(.text)
    I2C2_EV_IRQHandler                       0x0800031f   Thumb Code     0  startup_stm32f429xx.o(.text)
    I2C3_ER_IRQHandler                       0x0800031f   Thumb Code     0  startup_stm32f429xx.o(.text)
    I2C3_EV_IRQHandler                       0x0800031f   Thumb Code     0  startup_stm32f429xx.o(.text)
    LTDC_ER_IRQHandler                       0x0800031f   Thumb Code     0  startup_stm32f429xx.o(.text)
    LTDC_IRQHandler                          0x0800031f   Thumb Code     0  startup_stm32f429xx.o(.text)
    OTG_FS_IRQHandler                        0x0800031f   Thumb Code     0  startup_stm32f429xx.o(.text)
    OTG_FS_WKUP_IRQHandler                   0x0800031f   Thumb Code     0  startup_stm32f429xx.o(.text)
    OTG_HS_EP1_IN_IRQHandler                 0x0800031f   Thumb Code     0  startup_stm32f429xx.o(.text)
    OTG_HS_EP1_OUT_IRQHandler                0x0800031f   Thumb Code     0  startup_stm32f429xx.o(.text)
    OTG_HS_IRQHandler                        0x0800031f   Thumb Code     0  startup_stm32f429xx.o(.text)
    OTG_HS_WKUP_IRQHandler                   0x0800031f   Thumb Code     0  startup_stm32f429xx.o(.text)
    PVD_IRQHandler                           0x0800031f   Thumb Code     0  startup_stm32f429xx.o(.text)
    RCC_IRQHandler                           0x0800031f   Thumb Code     0  startup_stm32f429xx.o(.text)
    RTC_Alarm_IRQHandler                     0x0800031f   Thumb Code     0  startup_stm32f429xx.o(.text)
    RTC_WKUP_IRQHandler                      0x0800031f   Thumb Code     0  startup_stm32f429xx.o(.text)
    SAI1_IRQHandler                          0x0800031f   Thumb Code     0  startup_stm32f429xx.o(.text)
    SDIO_IRQHandler                          0x0800031f   Thumb Code     0  startup_stm32f429xx.o(.text)
    SPI1_IRQHandler                          0x0800031f   Thumb Code     0  startup_stm32f429xx.o(.text)
    SPI2_IRQHandler                          0x0800031f   Thumb Code     0  startup_stm32f429xx.o(.text)
    SPI3_IRQHandler                          0x0800031f   Thumb Code     0  startup_stm32f429xx.o(.text)
    SPI4_IRQHandler                          0x0800031f   Thumb Code     0  startup_stm32f429xx.o(.text)
    SPI5_IRQHandler                          0x0800031f   Thumb Code     0  startup_stm32f429xx.o(.text)
    SPI6_IRQHandler                          0x0800031f   Thumb Code     0  startup_stm32f429xx.o(.text)
    TAMP_STAMP_IRQHandler                    0x0800031f   Thumb Code     0  startup_stm32f429xx.o(.text)
    TIM1_BRK_TIM9_IRQHandler                 0x0800031f   Thumb Code     0  startup_stm32f429xx.o(.text)
    TIM1_CC_IRQHandler                       0x0800031f   Thumb Code     0  startup_stm32f429xx.o(.text)
    TIM1_TRG_COM_TIM11_IRQHandler            0x0800031f   Thumb Code     0  startup_stm32f429xx.o(.text)
    TIM1_UP_TIM10_IRQHandler                 0x0800031f   Thumb Code     0  startup_stm32f429xx.o(.text)
    TIM2_IRQHandler                          0x0800031f   Thumb Code     0  startup_stm32f429xx.o(.text)
    TIM3_IRQHandler                          0x0800031f   Thumb Code     0  startup_stm32f429xx.o(.text)
    TIM4_IRQHandler                          0x0800031f   Thumb Code     0  startup_stm32f429xx.o(.text)
    TIM5_IRQHandler                          0x0800031f   Thumb Code     0  startup_stm32f429xx.o(.text)
    TIM6_DAC_IRQHandler                      0x0800031f   Thumb Code     0  startup_stm32f429xx.o(.text)
    TIM7_IRQHandler                          0x0800031f   Thumb Code     0  startup_stm32f429xx.o(.text)
    TIM8_BRK_TIM12_IRQHandler                0x0800031f   Thumb Code     0  startup_stm32f429xx.o(.text)
    TIM8_CC_IRQHandler                       0x0800031f   Thumb Code     0  startup_stm32f429xx.o(.text)
    TIM8_TRG_COM_TIM14_IRQHandler            0x0800031f   Thumb Code     0  startup_stm32f429xx.o(.text)
    TIM8_UP_TIM13_IRQHandler                 0x0800031f   Thumb Code     0  startup_stm32f429xx.o(.text)
    UART4_IRQHandler                         0x0800031f   Thumb Code     0  startup_stm32f429xx.o(.text)
    UART5_IRQHandler                         0x0800031f   Thumb Code     0  startup_stm32f429xx.o(.text)
    UART7_IRQHandler                         0x0800031f   Thumb Code     0  startup_stm32f429xx.o(.text)
    UART8_IRQHandler                         0x0800031f   Thumb Code     0  startup_stm32f429xx.o(.text)
    USART2_IRQHandler                        0x0800031f   Thumb Code     0  startup_stm32f429xx.o(.text)
    USART3_IRQHandler                        0x0800031f   Thumb Code     0  startup_stm32f429xx.o(.text)
    USART6_IRQHandler                        0x0800031f   Thumb Code     0  startup_stm32f429xx.o(.text)
    WWDG_IRQHandler                          0x0800031f   Thumb Code     0  startup_stm32f429xx.o(.text)
    __user_initial_stackheap                 0x08000321   Thumb Code     0  startup_stm32f429xx.o(.text)
    __aeabi_memcpy                           0x08000345   Thumb Code     0  rt_memcpy_v6.o(.text)
    __rt_memcpy                              0x08000345   Thumb Code   138  rt_memcpy_v6.o(.text)
    _memcpy_lastbytes                        0x080003ab   Thumb Code     0  rt_memcpy_v6.o(.text)
    __aeabi_memcpy4                          0x080003cf   Thumb Code     0  rt_memcpy_w.o(.text)
    __aeabi_memcpy8                          0x080003cf   Thumb Code     0  rt_memcpy_w.o(.text)
    __rt_memcpy_w                            0x080003cf   Thumb Code   100  rt_memcpy_w.o(.text)
    _memcpy_lastbytes_aligned                0x08000417   Thumb Code     0  rt_memcpy_w.o(.text)
    __aeabi_memset                           0x08000433   Thumb Code    16  aeabi_memset.o(.text)
    __aeabi_memclr                           0x08000443   Thumb Code     0  rt_memclr.o(.text)
    __rt_memclr                              0x08000443   Thumb Code    68  rt_memclr.o(.text)
    _memset                                  0x08000447   Thumb Code     0  rt_memclr.o(.text)
    __aeabi_memclr4                          0x08000487   Thumb Code     0  rt_memclr_w.o(.text)
    __aeabi_memclr8                          0x08000487   Thumb Code     0  rt_memclr_w.o(.text)
    __rt_memclr_w                            0x08000487   Thumb Code    78  rt_memclr_w.o(.text)
    _memset_w                                0x0800048b   Thumb Code     0  rt_memclr_w.o(.text)
    __use_two_region_memory                  0x080004d5   Thumb Code     2  heapauxi.o(.text)
    __rt_heap_escrow$2region                 0x080004d7   Thumb Code     2  heapauxi.o(.text)
    __rt_heap_expand$2region                 0x080004d9   Thumb Code     2  heapauxi.o(.text)
    __user_setup_stackheap                   0x080004db   Thumb Code    74  sys_stackheap_outer.o(.text)
    exit                                     0x08000525   Thumb Code    12  exit.o(.text)
    __user_libspace                          0x08000531   Thumb Code     8  libspace.o(.text)
    __user_perproc_libspace                  0x08000531   Thumb Code     0  libspace.o(.text)
    __user_perthread_libspace                0x08000531   Thumb Code     0  libspace.o(.text)
    _sys_exit                                0x08000539   Thumb Code     8  sys_exit.o(.text)
    __I$use$semihosting                      0x08000545   Thumb Code     0  use_no_semi.o(.text)
    __use_no_semihosting_swi                 0x08000545   Thumb Code     2  use_no_semi.o(.text)
    __semihosting_library_function           0x08000547   Thumb Code     0  indicate_semi.o(.text)
    BusFault_Handler                         0x080005cd   Thumb Code     4  stm32f4xx_it.o(i.BusFault_Handler)
    DebugMon_Handler                         0x080005d1   Thumb Code     2  stm32f4xx_it.o(i.DebugMon_Handler)
    ETH_IRQHandler                           0x080005d5   Thumb Code    10  stm32f4xx_it.o(i.ETH_IRQHandler)
    FMC_SDRAM_Init                           0x0800085d   Thumb Code   116  stm32f4xx_ll_fmc.o(i.FMC_SDRAM_Init)
    FMC_SDRAM_Timing_Init                    0x080008d1   Thumb Code   152  stm32f4xx_ll_fmc.o(i.FMC_SDRAM_Timing_Init)
    HAL_DMA_Abort_IT                         0x0800096d   Thumb Code    40  stm32f4xx_hal_dma.o(i.HAL_DMA_Abort_IT)
    HAL_Delay                                0x08000995   Thumb Code    10  main.o(i.HAL_Delay)
    HAL_ETH_ErrorCallback                    0x0800099f   Thumb Code     2  stm32f4xx_hal_eth.o(i.HAL_ETH_ErrorCallback)
    HAL_ETH_IRQHandler                       0x080009a1   Thumb Code   164  stm32f4xx_hal_eth.o(i.HAL_ETH_IRQHandler)
    HAL_ETH_Init                             0x08000a45   Thumb Code   642  stm32f4xx_hal_eth.o(i.HAL_ETH_Init)
    HAL_ETH_MspInit                          0x08000ce5   Thumb Code   246  stm32f4xx_hal_msp.o(i.HAL_ETH_MspInit)
    HAL_ETH_ReadPHYRegister                  0x08000df5   Thumb Code   146  stm32f4xx_hal_eth.o(i.HAL_ETH_ReadPHYRegister)
    HAL_ETH_RxCpltCallback                   0x08000e87   Thumb Code     2  stm32f4xx_hal_eth.o(i.HAL_ETH_RxCpltCallback)
    HAL_ETH_TxCpltCallback                   0x08000e89   Thumb Code     2  stm32f4xx_hal_eth.o(i.HAL_ETH_TxCpltCallback)
    HAL_ETH_WritePHYRegister                 0x08000e8b   Thumb Code   144  stm32f4xx_hal_eth.o(i.HAL_ETH_WritePHYRegister)
    HAL_GPIO_Init                            0x08001005   Thumb Code   486  stm32f4xx_hal_gpio.o(i.HAL_GPIO_Init)
    HAL_GPIO_TogglePin                       0x08001221   Thumb Code     8  stm32f4xx_hal_gpio.o(i.HAL_GPIO_TogglePin)
    HAL_GPIO_WritePin                        0x08001229   Thumb Code    12  stm32f4xx_hal_gpio.o(i.HAL_GPIO_WritePin)
    HAL_GetTick                              0x08001235   Thumb Code     6  stm32f4xx_hal.o(i.HAL_GetTick)
    HAL_Init                                 0x08001241   Thumb Code    54  stm32f4xx_hal.o(i.HAL_Init)
    HAL_InitTick                             0x0800127d   Thumb Code    36  stm32f4xx_hal.o(i.HAL_InitTick)
    HAL_LTDC_ConfigLayer                     0x080012a5   Thumb Code    94  stm32f4xx_hal_ltdc.o(i.HAL_LTDC_ConfigLayer)
    HAL_LTDC_Init                            0x08001305   Thumb Code   278  stm32f4xx_hal_ltdc.o(i.HAL_LTDC_Init)
    HAL_LTDC_MspInit                         0x08001421   Thumb Code   350  stm32f4xx_hal_msp.o(i.HAL_LTDC_MspInit)
    HAL_MspInit                              0x080015b1   Thumb Code    86  stm32f4xx_hal_msp.o(i.HAL_MspInit)
    HAL_NVIC_EnableIRQ                       0x08001607   Thumb Code    26  stm32f4xx_hal_cortex.o(i.HAL_NVIC_EnableIRQ)
    HAL_NVIC_SetPriority                     0x08001621   Thumb Code   124  stm32f4xx_hal_cortex.o(i.HAL_NVIC_SetPriority)
    HAL_NVIC_SetPriorityGrouping             0x0800169d   Thumb Code    32  stm32f4xx_hal_cortex.o(i.HAL_NVIC_SetPriorityGrouping)
    HAL_PCD_Init                             0x080016c5   Thumb Code   322  stm32f4xx_hal_pcd.o(i.HAL_PCD_Init)
    HAL_PCD_MspInit                          0x08001809   Thumb Code    80  stm32f4xx_hal_msp.o(i.HAL_PCD_MspInit)
    HAL_PWREx_EnableOverDrive                0x08001865   Thumb Code   152  stm32f4xx_hal_pwr_ex.o(i.HAL_PWREx_EnableOverDrive)
    HAL_RCCEx_PeriphCLKConfig                0x08001909   Thumb Code   856  stm32f4xx_hal_rcc_ex.o(i.HAL_RCCEx_PeriphCLKConfig)
    HAL_RCC_ClockConfig                      0x08001c79   Thumb Code   446  stm32f4xx_hal_rcc.o(i.HAL_RCC_ClockConfig)
    HAL_RCC_GetHCLKFreq                      0x08001e49   Thumb Code     6  stm32f4xx_hal_rcc.o(i.HAL_RCC_GetHCLKFreq)
    HAL_RCC_GetPCLK1Freq                     0x08001e55   Thumb Code    36  stm32f4xx_hal_rcc.o(i.HAL_RCC_GetPCLK1Freq)
    HAL_RCC_GetPCLK2Freq                     0x08001e81   Thumb Code    36  stm32f4xx_hal_rcc.o(i.HAL_RCC_GetPCLK2Freq)
    HAL_RCC_GetSysClockFreq                  0x08001ead   Thumb Code   168  stm32f4xx_hal_rcc.o(i.HAL_RCC_GetSysClockFreq)
    HAL_RCC_OscConfig                        0x08001f61   Thumb Code  1090  stm32f4xx_hal_rcc.o(i.HAL_RCC_OscConfig)
    HAL_SDRAM_Init                           0x080023ad   Thumb Code    64  stm32f4xx_hal_sdram.o(i.HAL_SDRAM_Init)
    HAL_SDRAM_MspInit                        0x080023ed   Thumb Code    10  stm32f4xx_hal_msp.o(i.HAL_SDRAM_MspInit)
    HAL_SD_ConfigWideBusOperation            0x080023f7   Thumb Code   168  stm32f4xx_hal_sd.o(i.HAL_SD_ConfigWideBusOperation)
    HAL_SD_GetCardCSD                        0x0800249f   Thumb Code   496  stm32f4xx_hal_sd.o(i.HAL_SD_GetCardCSD)
    HAL_SD_Init                              0x0800268f   Thumb Code    54  stm32f4xx_hal_sd.o(i.HAL_SD_Init)
    HAL_SD_InitCard                          0x080026c5   Thumb Code   128  stm32f4xx_hal_sd.o(i.HAL_SD_InitCard)
    HAL_SD_MspInit                           0x08002749   Thumb Code   108  stm32f4xx_hal_msp.o(i.HAL_SD_MspInit)
    HAL_SPI_Init                             0x080027c5   Thumb Code   140  stm32f4xx_hal_spi.o(i.HAL_SPI_Init)
    HAL_SPI_MspInit                          0x08002851   Thumb Code    78  stm32f4xx_hal_msp.o(i.HAL_SPI_MspInit)
    HAL_SYSTICK_CLKSourceConfig              0x080028ad   Thumb Code    40  stm32f4xx_hal_cortex.o(i.HAL_SYSTICK_CLKSourceConfig)
    HAL_SYSTICK_Config                       0x080028d5   Thumb Code    52  stm32f4xx_hal_cortex.o(i.HAL_SYSTICK_Config)
    HAL_UART_ErrorCallback                   0x08002909   Thumb Code     2  stm32f4xx_hal_uart.o(i.HAL_UART_ErrorCallback)
    HAL_UART_IRQHandler                      0x0800290d   Thumb Code   326  stm32f4xx_hal_uart.o(i.HAL_UART_IRQHandler)
    HAL_UART_Init                            0x08002a59   Thumb Code   114  stm32f4xx_hal_uart.o(i.HAL_UART_Init)
    HAL_UART_MspInit                         0x08002acd   Thumb Code    80  stm32f4xx_hal_msp.o(i.HAL_UART_MspInit)
    HAL_UART_Receive_IT                      0x08002b29   Thumb Code   100  stm32f4xx_hal_uart.o(i.HAL_UART_Receive_IT)
    HAL_UART_RxCpltCallback                  0x08002b8d   Thumb Code    34  main.o(i.HAL_UART_RxCpltCallback)
    HAL_UART_Transmit_IT                     0x08002bbd   Thumb Code    88  stm32f4xx_hal_uart.o(i.HAL_UART_Transmit_IT)
    HAL_UART_TxCpltCallback                  0x08002c15   Thumb Code    30  main.o(i.HAL_UART_TxCpltCallback)
    HardFault_Handler                        0x08002c39   Thumb Code     4  stm32f4xx_it.o(i.HardFault_Handler)
    MemManage_Handler                        0x0800336d   Thumb Code     4  stm32f4xx_it.o(i.MemManage_Handler)
    NMI_Handler                              0x08003371   Thumb Code     2  stm32f4xx_it.o(i.NMI_Handler)
    Read_Data                                0x080033ad   Thumb Code    24  main.o(i.Read_Data)
    SDIO_ConfigData                          0x080033c5   Thumb Code    44  stm32f4xx_ll_sdmmc.o(i.SDIO_ConfigData)
    SDIO_GetCommandResponse                  0x080033f1   Thumb Code     8  stm32f4xx_ll_sdmmc.o(i.SDIO_GetCommandResponse)
    SDIO_GetPowerState                       0x080033f9   Thumb Code    10  stm32f4xx_ll_sdmmc.o(i.SDIO_GetPowerState)
    SDIO_GetResponse                         0x08003403   Thumb Code    22  stm32f4xx_ll_sdmmc.o(i.SDIO_GetResponse)
    SDIO_Init                                0x08003419   Thumb Code    52  stm32f4xx_ll_sdmmc.o(i.SDIO_Init)
    SDIO_PowerState_ON                       0x0800344d   Thumb Code    10  stm32f4xx_ll_sdmmc.o(i.SDIO_PowerState_ON)
    SDIO_ReadFIFO                            0x08003457   Thumb Code     8  stm32f4xx_ll_sdmmc.o(i.SDIO_ReadFIFO)
    SDIO_SendCommand                         0x0800345f   Thumb Code    40  stm32f4xx_ll_sdmmc.o(i.SDIO_SendCommand)
    SDMMC_CmdAppCommand                      0x08003487   Thumb Code    58  stm32f4xx_ll_sdmmc.o(i.SDMMC_CmdAppCommand)
    SDMMC_CmdAppOperCommand                  0x080034c1   Thumb Code    56  stm32f4xx_ll_sdmmc.o(i.SDMMC_CmdAppOperCommand)
    SDMMC_CmdBlockLength                     0x080034fd   Thumb Code    58  stm32f4xx_ll_sdmmc.o(i.SDMMC_CmdBlockLength)
    SDMMC_CmdBusWidth                        0x08003537   Thumb Code    58  stm32f4xx_ll_sdmmc.o(i.SDMMC_CmdBusWidth)
    SDMMC_CmdGoIdleState                     0x08003571   Thumb Code    46  stm32f4xx_ll_sdmmc.o(i.SDMMC_CmdGoIdleState)
    SDMMC_CmdOperCond                        0x0800359f   Thumb Code    54  stm32f4xx_ll_sdmmc.o(i.SDMMC_CmdOperCond)
    SDMMC_CmdSelDesel                        0x080035d5   Thumb Code    60  stm32f4xx_ll_sdmmc.o(i.SDMMC_CmdSelDesel)
    SDMMC_CmdSendCID                         0x08003611   Thumb Code    52  stm32f4xx_ll_sdmmc.o(i.SDMMC_CmdSendCID)
    SDMMC_CmdSendCSD                         0x08003645   Thumb Code    52  stm32f4xx_ll_sdmmc.o(i.SDMMC_CmdSendCSD)
    SDMMC_CmdSendSCR                         0x08003679   Thumb Code    58  stm32f4xx_ll_sdmmc.o(i.SDMMC_CmdSendSCR)
    SDMMC_CmdSetRelAdd                       0x080036b3   Thumb Code    58  stm32f4xx_ll_sdmmc.o(i.SDMMC_CmdSetRelAdd)
    SysTick_Handler                          0x08003e71   Thumb Code    46  port.o(i.SysTick_Handler)
    SystemClock_Config                       0x08003ea5   Thumb Code   252  main.o(i.SystemClock_Config)
    SystemInit                               0x08003fbd   Thumb Code    82  system_stm32f4xx.o(i.SystemInit)
    USART1_IRQHandler                        0x080044e1   Thumb Code    10  stm32f4xx_it.o(i.USART1_IRQHandler)
    USB_CoreInit                             0x080044f1   Thumb Code   108  stm32f4xx_ll_usb.o(i.USB_CoreInit)
    USB_DevDisconnect                        0x080045ad   Thumb Code    30  stm32f4xx_ll_usb.o(i.USB_DevDisconnect)
    USB_DevInit                              0x080045cd   Thumb Code   398  stm32f4xx_ll_usb.o(i.USB_DevInit)
    USB_DisableGlobalInt                     0x0800476d   Thumb Code    14  stm32f4xx_ll_usb.o(i.USB_DisableGlobalInt)
    USB_FlushRxFifo                          0x0800477d   Thumb Code    38  stm32f4xx_ll_usb.o(i.USB_FlushRxFifo)
    USB_FlushTxFifo                          0x080047a9   Thumb Code    44  stm32f4xx_ll_usb.o(i.USB_FlushTxFifo)
    USB_SetCurrentMode                       0x080047d9   Thumb Code    48  stm32f4xx_ll_usb.o(i.USB_SetCurrentMode)
    USB_SetDevSpeed                          0x08004809   Thumb Code    16  stm32f4xx_ll_usb.o(i.USB_SetDevSpeed)
    UsageFault_Handler                       0x08004819   Thumb Code     4  stm32f4xx_it.o(i.UsageFault_Handler)
    Write_Data                               0x0800481d   Thumb Code    20  main.o(i.Write_Data)
    _Error_Handler                           0x08004831   Thumb Code     4  main.o(i._Error_Handler)
    main                                     0x08004835   Thumb Code    94  main.o(i.main)
    pvPortMalloc                             0x08005235   Thumb Code   296  heap_4.o(i.pvPortMalloc)
    pvTaskIncrementMutexHeldCount            0x08005371   Thumb Code    26  tasks.o(i.pvTaskIncrementMutexHeldCount)
    pxPortInitialiseStack                    0x08005391   Thumb Code    38  port.o(i.pxPortInitialiseStack)
    uxListRemove                             0x080053bd   Thumb Code    40  list.o(i.uxListRemove)
    vListInitialise                          0x080053e5   Thumb Code    26  list.o(i.vListInitialise)
    vListInitialiseItem                      0x080053ff   Thumb Code     6  list.o(i.vListInitialiseItem)
    vListInsert                              0x08005405   Thumb Code    52  list.o(i.vListInsert)
    vListInsertEnd                           0x08005439   Thumb Code    24  list.o(i.vListInsertEnd)
    vPortEnterCritical                       0x08005451   Thumb Code    76  port.o(i.vPortEnterCritical)
    vPortExitCritical                        0x080054a5   Thumb Code    56  port.o(i.vPortExitCritical)
    vPortFree                                0x080054e1   Thumb Code   140  heap_4.o(i.vPortFree)
    vPortSetupTimerInterrupt                 0x08005575   Thumb Code    14  port.o(i.vPortSetupTimerInterrupt)
    vPortValidateInterruptPriority           0x08005589   Thumb Code   106  port.o(i.vPortValidateInterruptPriority)
    vQueueAddToRegistry                      0x08005601   Thumb Code    38  queue.o(i.vQueueAddToRegistry)
    vQueueWaitForMessageRestricted           0x0800562d   Thumb Code    74  queue.o(i.vQueueWaitForMessageRestricted)
    vTaskDelay                               0x08005679   Thumb Code    82  tasks.o(i.vTaskDelay)
    vTaskMissedYield                         0x080056f1   Thumb Code     8  tasks.o(i.vTaskMissedYield)
    vTaskPlaceOnEventList                    0x08005715   Thumb Code    52  tasks.o(i.vTaskPlaceOnEventList)
    vTaskPlaceOnEventListRestricted          0x0800574d   Thumb Code    60  tasks.o(i.vTaskPlaceOnEventListRestricted)
    vTaskPriorityInherit                     0x0800578d   Thumb Code   164  tasks.o(i.vTaskPriorityInherit)
    vTaskSetTimeOutState                     0x0800583d   Thumb Code    38  tasks.o(i.vTaskSetTimeOutState)
    vTaskStartScheduler                      0x0800586d   Thumb Code   118  tasks.o(i.vTaskStartScheduler)
    vTaskSuspendAll                          0x08005901   Thumb Code    12  tasks.o(i.vTaskSuspendAll)
    vTaskSwitchContext                       0x08005911   Thumb Code   118  tasks.o(i.vTaskSwitchContext)
    xPortStartScheduler                      0x080059c9   Thumb Code   288  port.o(i.xPortStartScheduler)
    xQueueGenericCreate                      0x08005b05   Thumb Code    88  queue.o(i.xQueueGenericCreate)
    xQueueGenericReceive                     0x08005b5d   Thumb Code   446  queue.o(i.xQueueGenericReceive)
    xQueueGenericReset                       0x08005d21   Thumb Code   146  queue.o(i.xQueueGenericReset)
    xQueueGenericSend                        0x08005db9   Thumb Code   420  queue.o(i.xQueueGenericSend)
    xQueueGenericSendFromISR                 0x08005f61   Thumb Code   248  queue.o(i.xQueueGenericSendFromISR)
    xTaskCheckForTimeOut                     0x08006059   Thumb Code   132  tasks.o(i.xTaskCheckForTimeOut)
    xTaskCreate                              0x080060e5   Thumb Code    96  tasks.o(i.xTaskCreate)
    xTaskGetSchedulerState                   0x08006145   Thumb Code    24  tasks.o(i.xTaskGetSchedulerState)
    xTaskGetTickCount                        0x08006165   Thumb Code     6  tasks.o(i.xTaskGetTickCount)
    xTaskIncrementTick                       0x08006171   Thumb Code   282  tasks.o(i.xTaskIncrementTick)
    xTaskPriorityDisinherit                  0x080062b9   Thumb Code   188  tasks.o(i.xTaskPriorityDisinherit)
    xTaskRemoveFromEventList                 0x08006381   Thumb Code   128  tasks.o(i.xTaskRemoveFromEventList)
    xTaskResumeAll                           0x08006419   Thumb Code   224  tasks.o(i.xTaskResumeAll)
    xTimerCreateTimerTask                    0x0800651d   Thumb Code    66  timers.o(i.xTimerCreateTimerTask)
    xTimerGenericCommand                     0x08006575   Thumb Code   126  timers.o(i.xTimerGenericCommand)
    _fp_init                                 0x080065f9   Thumb Code    10  fpinit.o(x$fpl$fpinit)
    __fplib_config_fpu_vfp                   0x08006601   Thumb Code     0  fpinit.o(x$fpl$fpinit)
    __fplib_config_pureend_doubles           0x08006601   Thumb Code     0  fpinit.o(x$fpl$fpinit)
    AHBPrescTable                            0x08006602   Data          16  system_stm32f4xx.o(.constdata)
    APBPrescTable                            0x08006612   Data           8  system_stm32f4xx.o(.constdata)
    Region$$Table$$Base                      0x0800661c   Number         0  anon$$obj.o(Region$$Table)
    Region$$Table$$Limit                     0x0800663c   Number         0  anon$$obj.o(Region$$Table)
    t                                        0x2000000c   Data           4  main.o(.data)
    SystemCoreClock                          0x20000018   Data           4  system_stm32f4xx.o(.data)
    uwTick                                   0x2000001c   Data           4  stm32f4xx_hal.o(.data)
    pxCurrentTCB                             0x20000020   Data           4  tasks.o(.data)
    heth                                     0x20000094   Data          72  main.o(.bss)
    hltdc                                    0x200000dc   Data         168  main.o(.bss)
    hsd                                      0x20000184   Data         132  main.o(.bss)
    hspi1                                    0x20000208   Data          88  main.o(.bss)
    huart1                                   0x20000260   Data          64  main.o(.bss)
    hpcd_USB_OTG_HS                          0x200002a0   Data        1008  main.o(.bss)
    hsdram1                                  0x20000690   Data          52  main.o(.bss)
    Rx                                       0x200006c4   Data         200  main.o(.bss)
    Tx                                       0x2000078c   Data         200  main.o(.bss)
    TX                                       0x20000854   Data         259  main.o(.bss)
    RX                                       0x20000957   Data         259  main.o(.bss)
    xQueueRegistry                           0x20000a5c   Data          64  queue.o(.bss)
    __libspace_start                         0x2001378c   Data          96  libspace.o(.bss)
    __temporary_stack_top$libspace           0x200137ec   Data           0  libspace.o(.bss)



==============================================================================

Memory Map of the image

  Image Entry point : 0x080001ad

  Load Region LR_IROM1 (Base: 0x08000000, Size: 0x000066d0, Max: 0x00100000, ABSOLUTE)

    Execution Region ER_IROM1 (Base: 0x08000000, Size: 0x0000663c, Max: 0x00100000, ABSOLUTE)

    Base Addr    Size         Type   Attr      Idx    E Section Name        Object

    0x08000000   0x000001ac   Data   RO         5155    RESET               startup_stm32f429xx.o
    0x080001ac   0x00000008   Code   RO         6115  * !!!main             c_w.l(__main.o)
    0x080001b4   0x00000034   Code   RO         6271    !!!scatter          c_w.l(__scatter.o)
    0x080001e8   0x0000001a   Code   RO         6273    !!handler_copy      c_w.l(__scatter_copy.o)
    0x08000202   0x00000002   PAD
    0x08000204   0x0000001c   Code   RO         6275    !!handler_zi        c_w.l(__scatter_zi.o)
    0x08000220   0x00000002   Code   RO         6142    .ARM.Collect$$libinit$$00000000  c_w.l(libinit.o)
    0x08000222   0x00000004   Code   RO         6148    .ARM.Collect$$libinit$$00000001  c_w.l(libinit2.o)
    0x08000226   0x00000000   Code   RO         6151    .ARM.Collect$$libinit$$00000004  c_w.l(libinit2.o)
    0x08000226   0x00000000   Code   RO         6154    .ARM.Collect$$libinit$$0000000A  c_w.l(libinit2.o)
    0x08000226   0x00000000   Code   RO         6156    .ARM.Collect$$libinit$$0000000C  c_w.l(libinit2.o)
    0x08000226   0x00000000   Code   RO         6158    .ARM.Collect$$libinit$$0000000E  c_w.l(libinit2.o)
    0x08000226   0x00000000   Code   RO         6161    .ARM.Collect$$libinit$$00000011  c_w.l(libinit2.o)
    0x08000226   0x00000000   Code   RO         6163    .ARM.Collect$$libinit$$00000013  c_w.l(libinit2.o)
    0x08000226   0x00000000   Code   RO         6165    .ARM.Collect$$libinit$$00000015  c_w.l(libinit2.o)
    0x08000226   0x00000000   Code   RO         6167    .ARM.Collect$$libinit$$00000017  c_w.l(libinit2.o)
    0x08000226   0x00000000   Code   RO         6169    .ARM.Collect$$libinit$$00000019  c_w.l(libinit2.o)
    0x08000226   0x00000000   Code   RO         6171    .ARM.Collect$$libinit$$0000001B  c_w.l(libinit2.o)
    0x08000226   0x00000000   Code   RO         6173    .ARM.Collect$$libinit$$0000001D  c_w.l(libinit2.o)
    0x08000226   0x00000000   Code   RO         6175    .ARM.Collect$$libinit$$0000001F  c_w.l(libinit2.o)
    0x08000226   0x00000000   Code   RO         6177    .ARM.Collect$$libinit$$00000021  c_w.l(libinit2.o)
    0x08000226   0x00000000   Code   RO         6179    .ARM.Collect$$libinit$$00000023  c_w.l(libinit2.o)
    0x08000226   0x00000000   Code   RO         6181    .ARM.Collect$$libinit$$00000025  c_w.l(libinit2.o)
    0x08000226   0x00000000   Code   RO         6185    .ARM.Collect$$libinit$$0000002C  c_w.l(libinit2.o)
    0x08000226   0x00000000   Code   RO         6187    .ARM.Collect$$libinit$$0000002E  c_w.l(libinit2.o)
    0x08000226   0x00000000   Code   RO         6189    .ARM.Collect$$libinit$$00000030  c_w.l(libinit2.o)
    0x08000226   0x00000000   Code   RO         6191    .ARM.Collect$$libinit$$00000032  c_w.l(libinit2.o)
    0x08000226   0x00000002   Code   RO         6192    .ARM.Collect$$libinit$$00000033  c_w.l(libinit2.o)
    0x08000228   0x00000002   Code   RO         6212    .ARM.Collect$$libshutdown$$00000000  c_w.l(libshutdown.o)
    0x0800022a   0x00000000   Code   RO         6226    .ARM.Collect$$libshutdown$$00000003  c_w.l(libshutdown2.o)
    0x0800022a   0x00000000   Code   RO         6229    .ARM.Collect$$libshutdown$$00000006  c_w.l(libshutdown2.o)
    0x0800022a   0x00000000   Code   RO         6232    .ARM.Collect$$libshutdown$$00000009  c_w.l(libshutdown2.o)
    0x0800022a   0x00000000   Code   RO         6234    .ARM.Collect$$libshutdown$$0000000B  c_w.l(libshutdown2.o)
    0x0800022a   0x00000000   Code   RO         6237    .ARM.Collect$$libshutdown$$0000000E  c_w.l(libshutdown2.o)
    0x0800022a   0x00000002   Code   RO         6238    .ARM.Collect$$libshutdown$$0000000F  c_w.l(libshutdown2.o)
    0x0800022c   0x00000000   Code   RO         6117    .ARM.Collect$$rtentry$$00000000  c_w.l(__rtentry.o)
    0x0800022c   0x00000000   Code   RO         6119    .ARM.Collect$$rtentry$$00000002  c_w.l(__rtentry2.o)
    0x0800022c   0x00000006   Code   RO         6131    .ARM.Collect$$rtentry$$00000004  c_w.l(__rtentry4.o)
    0x08000232   0x00000000   Code   RO         6121    .ARM.Collect$$rtentry$$00000009  c_w.l(__rtentry2.o)
    0x08000232   0x00000004   Code   RO         6122    .ARM.Collect$$rtentry$$0000000A  c_w.l(__rtentry2.o)
    0x08000236   0x00000000   Code   RO         6124    .ARM.Collect$$rtentry$$0000000C  c_w.l(__rtentry2.o)
    0x08000236   0x00000008   Code   RO         6125    .ARM.Collect$$rtentry$$0000000D  c_w.l(__rtentry2.o)
    0x0800023e   0x00000002   Code   RO         6146    .ARM.Collect$$rtexit$$00000000  c_w.l(rtexit.o)
    0x08000240   0x00000000   Code   RO         6194    .ARM.Collect$$rtexit$$00000002  c_w.l(rtexit2.o)
    0x08000240   0x00000004   Code   RO         6195    .ARM.Collect$$rtexit$$00000003  c_w.l(rtexit2.o)
    0x08000244   0x00000006   Code   RO         6196    .ARM.Collect$$rtexit$$00000004  c_w.l(rtexit2.o)
    0x0800024a   0x00000002   PAD
    0x0800024c   0x000000b6   Code   RO         6024    .emb_text           port.o
    0x08000302   0x00000002   PAD
    0x08000304   0x00000040   Code   RO         5156    .text               startup_stm32f429xx.o
    0x08000344   0x0000008a   Code   RO         6103    .text               c_w.l(rt_memcpy_v6.o)
    0x080003ce   0x00000064   Code   RO         6105    .text               c_w.l(rt_memcpy_w.o)
    0x08000432   0x00000010   Code   RO         6107    .text               c_w.l(aeabi_memset.o)
    0x08000442   0x00000044   Code   RO         6109    .text               c_w.l(rt_memclr.o)
    0x08000486   0x0000004e   Code   RO         6111    .text               c_w.l(rt_memclr_w.o)
    0x080004d4   0x00000006   Code   RO         6113    .text               c_w.l(heapauxi.o)
    0x080004da   0x0000004a   Code   RO         6133    .text               c_w.l(sys_stackheap_outer.o)
    0x08000524   0x0000000c   Code   RO         6135    .text               c_w.l(exit.o)
    0x08000530   0x00000008   Code   RO         6143    .text               c_w.l(libspace.o)
    0x08000538   0x0000000c   Code   RO         6204    .text               c_w.l(sys_exit.o)
    0x08000544   0x00000002   Code   RO         6215    .text               c_w.l(use_no_semi.o)
    0x08000546   0x00000000   Code   RO         6217    .text               c_w.l(indicate_semi.o)
    0x08000546   0x00000002   PAD
    0x08000548   0x00000084   Code   RO            4    i.AppTaskCreate     main.o
    0x080005cc   0x00000004   Code   RO          446    i.BusFault_Handler  stm32f4xx_it.o
    0x080005d0   0x00000002   Code   RO          447    i.DebugMon_Handler  stm32f4xx_it.o
    0x080005d2   0x00000002   PAD
    0x080005d4   0x00000010   Code   RO          448    i.ETH_IRQHandler    stm32f4xx_it.o
    0x080005e4   0x00000034   Code   RO         1263    i.ETH_MACAddressConfig  stm32f4xx_hal_eth.o
    0x08000618   0x00000244   Code   RO         1264    i.ETH_MACDMAConfig  stm32f4xx_hal_eth.o
    0x0800085c   0x00000074   Code   RO         4282    i.FMC_SDRAM_Init    stm32f4xx_ll_fmc.o
    0x080008d0   0x0000009c   Code   RO         4286    i.FMC_SDRAM_Timing_Init  stm32f4xx_ll_fmc.o
    0x0800096c   0x00000028   Code   RO         1078    i.HAL_DMA_Abort_IT  stm32f4xx_hal_dma.o
    0x08000994   0x0000000a   Code   RO            6    i.HAL_Delay         main.o
    0x0800099e   0x00000002   Code   RO         1274    i.HAL_ETH_ErrorCallback  stm32f4xx_hal_eth.o
    0x080009a0   0x000000a4   Code   RO         1278    i.HAL_ETH_IRQHandler  stm32f4xx_hal_eth.o
    0x08000a44   0x000002a0   Code   RO         1279    i.HAL_ETH_Init      stm32f4xx_hal_eth.o
    0x08000ce4   0x00000110   Code   RO          320    i.HAL_ETH_MspInit   stm32f4xx_hal_msp.o
    0x08000df4   0x00000092   Code   RO         1282    i.HAL_ETH_ReadPHYRegister  stm32f4xx_hal_eth.o
    0x08000e86   0x00000002   Code   RO         1283    i.HAL_ETH_RxCpltCallback  stm32f4xx_hal_eth.o
    0x08000e88   0x00000002   Code   RO         1287    i.HAL_ETH_TxCpltCallback  stm32f4xx_hal_eth.o
    0x08000e8a   0x00000090   Code   RO         1288    i.HAL_ETH_WritePHYRegister  stm32f4xx_hal_eth.o
    0x08000f1a   0x00000002   PAD
    0x08000f1c   0x000000e8   Code   RO          322    i.HAL_FMC_MspInit   stm32f4xx_hal_msp.o
    0x08001004   0x0000021c   Code   RO         1780    i.HAL_GPIO_Init     stm32f4xx_hal_gpio.o
    0x08001220   0x00000008   Code   RO         1783    i.HAL_GPIO_TogglePin  stm32f4xx_hal_gpio.o
    0x08001228   0x0000000c   Code   RO         1784    i.HAL_GPIO_WritePin  stm32f4xx_hal_gpio.o
    0x08001234   0x0000000c   Code   RO          568    i.HAL_GetTick       stm32f4xx_hal.o
    0x08001240   0x0000003c   Code   RO          571    i.HAL_Init          stm32f4xx_hal.o
    0x0800127c   0x00000028   Code   RO          572    i.HAL_InitTick      stm32f4xx_hal.o
    0x080012a4   0x0000005e   Code   RO         2026    i.HAL_LTDC_ConfigLayer  stm32f4xx_hal_ltdc.o
    0x08001302   0x00000002   PAD
    0x08001304   0x0000011c   Code   RO         2043    i.HAL_LTDC_Init     stm32f4xx_hal_ltdc.o
    0x08001420   0x00000190   Code   RO          324    i.HAL_LTDC_MspInit  stm32f4xx_hal_msp.o
    0x080015b0   0x00000056   Code   RO          325    i.HAL_MspInit       stm32f4xx_hal_msp.o
    0x08001606   0x0000001a   Code   RO          795    i.HAL_NVIC_EnableIRQ  stm32f4xx_hal_cortex.o
    0x08001620   0x0000007c   Code   RO          801    i.HAL_NVIC_SetPriority  stm32f4xx_hal_cortex.o
    0x0800169c   0x00000028   Code   RO          802    i.HAL_NVIC_SetPriorityGrouping  stm32f4xx_hal_cortex.o
    0x080016c4   0x00000142   Code   RO         2391    i.HAL_PCD_Init      stm32f4xx_hal_pcd.o
    0x08001806   0x00000002   PAD
    0x08001808   0x0000005c   Code   RO          327    i.HAL_PCD_MspInit   stm32f4xx_hal_msp.o
    0x08001864   0x000000a4   Code   RO         2741    i.HAL_PWREx_EnableOverDrive  stm32f4xx_hal_pwr_ex.o
    0x08001908   0x00000370   Code   RO         2929    i.HAL_RCCEx_PeriphCLKConfig  stm32f4xx_hal_rcc_ex.o
    0x08001c78   0x000001d0   Code   RO         2826    i.HAL_RCC_ClockConfig  stm32f4xx_hal_rcc.o
    0x08001e48   0x0000000c   Code   RO         2831    i.HAL_RCC_GetHCLKFreq  stm32f4xx_hal_rcc.o
    0x08001e54   0x0000002c   Code   RO         2833    i.HAL_RCC_GetPCLK1Freq  stm32f4xx_hal_rcc.o
    0x08001e80   0x0000002c   Code   RO         2834    i.HAL_RCC_GetPCLK2Freq  stm32f4xx_hal_rcc.o
    0x08001eac   0x000000b4   Code   RO         2835    i.HAL_RCC_GetSysClockFreq  stm32f4xx_hal_rcc.o
    0x08001f60   0x0000044c   Code   RO         2838    i.HAL_RCC_OscConfig  stm32f4xx_hal_rcc.o
    0x080023ac   0x00000040   Code   RO         3320    i.HAL_SDRAM_Init    stm32f4xx_hal_sdram.o
    0x080023ec   0x0000000a   Code   RO          329    i.HAL_SDRAM_MspInit  stm32f4xx_hal_msp.o
    0x080023f6   0x000000a8   Code   RO         3062    i.HAL_SD_ConfigWideBusOperation  stm32f4xx_hal_sd.o
    0x0800249e   0x000001f0   Code   RO         3067    i.HAL_SD_GetCardCSD  stm32f4xx_hal_sd.o
    0x0800268e   0x00000036   Code   RO         3074    i.HAL_SD_Init       stm32f4xx_hal_sd.o
    0x080026c4   0x00000084   Code   RO         3075    i.HAL_SD_InitCard   stm32f4xx_hal_sd.o
    0x08002748   0x0000007c   Code   RO          331    i.HAL_SD_MspInit    stm32f4xx_hal_msp.o
    0x080027c4   0x0000008c   Code   RO         3517    i.HAL_SPI_Init      stm32f4xx_hal_spi.o
    0x08002850   0x0000005c   Code   RO          333    i.HAL_SPI_MspInit   stm32f4xx_hal_msp.o
    0x080028ac   0x00000028   Code   RO          804    i.HAL_SYSTICK_CLKSourceConfig  stm32f4xx_hal_cortex.o
    0x080028d4   0x00000034   Code   RO          806    i.HAL_SYSTICK_Config  stm32f4xx_hal_cortex.o
    0x08002908   0x00000002   Code   RO         3898    i.HAL_UART_ErrorCallback  stm32f4xx_hal_uart.o
    0x0800290a   0x00000002   PAD
    0x0800290c   0x0000014c   Code   RO         3901    i.HAL_UART_IRQHandler  stm32f4xx_hal_uart.o
    0x08002a58   0x00000072   Code   RO         3902    i.HAL_UART_Init     stm32f4xx_hal_uart.o
    0x08002aca   0x00000002   PAD
    0x08002acc   0x0000005c   Code   RO          335    i.HAL_UART_MspInit  stm32f4xx_hal_msp.o
    0x08002b28   0x00000064   Code   RO         3907    i.HAL_UART_Receive_IT  stm32f4xx_hal_uart.o
    0x08002b8c   0x00000030   Code   RO            7    i.HAL_UART_RxCpltCallback  main.o
    0x08002bbc   0x00000058   Code   RO         3912    i.HAL_UART_Transmit_IT  stm32f4xx_hal_uart.o
    0x08002c14   0x00000024   Code   RO            8    i.HAL_UART_TxCpltCallback  main.o
    0x08002c38   0x00000004   Code   RO          449    i.HardFault_Handler  stm32f4xx_it.o
    0x08002c3c   0x00000212   Code   RO         2062    i.LTDC_SetConfig    stm32f4xx_hal_ltdc.o
    0x08002e4e   0x00000002   PAD
    0x08002e50   0x00000074   Code   RO           10    i.MX_ETH_Init       main.o
    0x08002ec4   0x00000074   Code   RO           11    i.MX_FMC_Init       main.o
    0x08002f38   0x000001bc   Code   RO           12    i.MX_GPIO_Init      main.o
    0x080030f4   0x0000010c   Code   RO           13    i.MX_LTDC_Init      main.o
    0x08003200   0x00000014   Code   RO           14    i.MX_NVIC_Init      main.o
    0x08003214   0x00000054   Code   RO           15    i.MX_SDIO_SD_Init   main.o
    0x08003268   0x0000005c   Code   RO           16    i.MX_SPI1_Init      main.o
    0x080032c4   0x00000050   Code   RO           17    i.MX_USART1_UART_Init  main.o
    0x08003314   0x00000058   Code   RO           18    i.MX_USB_OTG_HS_PCD_Init  main.o
    0x0800336c   0x00000004   Code   RO          450    i.MemManage_Handler  stm32f4xx_it.o
    0x08003370   0x00000002   Code   RO          451    i.NMI_Handler       stm32f4xx_it.o
    0x08003372   0x00000002   PAD
    0x08003374   0x00000010   Code   RO          808    i.NVIC_GetPriorityGrouping  stm32f4xx_hal_cortex.o
    0x08003384   0x00000028   Code   RO          809    i.NVIC_SetPriority  stm32f4xx_hal_cortex.o
    0x080033ac   0x00000018   Code   RO           19    i.Read_Data         main.o
    0x080033c4   0x0000002c   Code   RO         4481    i.SDIO_ConfigData   stm32f4xx_ll_sdmmc.o
    0x080033f0   0x00000008   Code   RO         4482    i.SDIO_GetCommandResponse  stm32f4xx_ll_sdmmc.o
    0x080033f8   0x0000000a   Code   RO         4485    i.SDIO_GetPowerState  stm32f4xx_ll_sdmmc.o
    0x08003402   0x00000016   Code   RO         4486    i.SDIO_GetResponse  stm32f4xx_ll_sdmmc.o
    0x08003418   0x00000034   Code   RO         4487    i.SDIO_Init         stm32f4xx_ll_sdmmc.o
    0x0800344c   0x0000000a   Code   RO         4489    i.SDIO_PowerState_ON  stm32f4xx_ll_sdmmc.o
    0x08003456   0x00000008   Code   RO         4490    i.SDIO_ReadFIFO     stm32f4xx_ll_sdmmc.o
    0x0800345e   0x00000028   Code   RO         4491    i.SDIO_SendCommand  stm32f4xx_ll_sdmmc.o
    0x08003486   0x0000003a   Code   RO         4494    i.SDMMC_CmdAppCommand  stm32f4xx_ll_sdmmc.o
    0x080034c0   0x0000003c   Code   RO         4495    i.SDMMC_CmdAppOperCommand  stm32f4xx_ll_sdmmc.o
    0x080034fc   0x0000003a   Code   RO         4496    i.SDMMC_CmdBlockLength  stm32f4xx_ll_sdmmc.o
    0x08003536   0x0000003a   Code   RO         4497    i.SDMMC_CmdBusWidth  stm32f4xx_ll_sdmmc.o
    0x08003570   0x0000002e   Code   RO         4501    i.SDMMC_CmdGoIdleState  stm32f4xx_ll_sdmmc.o
    0x0800359e   0x00000036   Code   RO         4503    i.SDMMC_CmdOperCond  stm32f4xx_ll_sdmmc.o
    0x080035d4   0x0000003c   Code   RO         4508    i.SDMMC_CmdSelDesel  stm32f4xx_ll_sdmmc.o
    0x08003610   0x00000034   Code   RO         4509    i.SDMMC_CmdSendCID  stm32f4xx_ll_sdmmc.o
    0x08003644   0x00000034   Code   RO         4510    i.SDMMC_CmdSendCSD  stm32f4xx_ll_sdmmc.o
    0x08003678   0x0000003a   Code   RO         4511    i.SDMMC_CmdSendSCR  stm32f4xx_ll_sdmmc.o
    0x080036b2   0x0000003a   Code   RO         4513    i.SDMMC_CmdSetRelAdd  stm32f4xx_ll_sdmmc.o
    0x080036ec   0x00000040   Code   RO         4519    i.SDMMC_GetCmdError  stm32f4xx_ll_sdmmc.o
    0x0800372c   0x000001a4   Code   RO         4520    i.SDMMC_GetCmdResp1  stm32f4xx_ll_sdmmc.o
    0x080038d0   0x0000005c   Code   RO         4521    i.SDMMC_GetCmdResp2  stm32f4xx_ll_sdmmc.o
    0x0800392c   0x00000050   Code   RO         4522    i.SDMMC_GetCmdResp3  stm32f4xx_ll_sdmmc.o
    0x0800397c   0x000000b0   Code   RO         4523    i.SDMMC_GetCmdResp6  stm32f4xx_ll_sdmmc.o
    0x08003a2c   0x00000058   Code   RO         4524    i.SDMMC_GetCmdResp7  stm32f4xx_ll_sdmmc.o
    0x08003a84   0x0000012c   Code   RO         3091    i.SD_FindSCR        stm32f4xx_hal_sd.o
    0x08003bb0   0x000000fc   Code   RO         3092    i.SD_InitCard       stm32f4xx_hal_sd.o
    0x08003cac   0x000000ee   Code   RO         3094    i.SD_PowerON        stm32f4xx_hal_sd.o
    0x08003d9a   0x0000006a   Code   RO         3098    i.SD_WideBus_Disable  stm32f4xx_hal_sd.o
    0x08003e04   0x0000006a   Code   RO         3099    i.SD_WideBus_Enable  stm32f4xx_hal_sd.o
    0x08003e6e   0x00000002   PAD
    0x08003e70   0x00000034   Code   RO         6025    i.SysTick_Handler   port.o
    0x08003ea4   0x00000118   Code   RO           20    i.SystemClock_Config  main.o
    0x08003fbc   0x00000064   Code   RO          517    i.SystemInit        system_stm32f4xx.o
    0x08004020   0x00000014   Code   RO         3915    i.UART_DMAAbortOnError  stm32f4xx_hal_uart.o
    0x08004034   0x00000020   Code   RO         3925    i.UART_EndRxTransfer  stm32f4xx_hal_uart.o
    0x08004054   0x00000020   Code   RO         3926    i.UART_EndTransmit_IT  stm32f4xx_hal_uart.o
    0x08004074   0x0000009a   Code   RO         3928    i.UART_Receive_IT   stm32f4xx_hal_uart.o
    0x0800410e   0x00000002   PAD
    0x08004110   0x00000368   Code   RO         3929    i.UART_SetConfig    stm32f4xx_hal_uart.o
    0x08004478   0x00000068   Code   RO         3930    i.UART_Transmit_IT  stm32f4xx_hal_uart.o
    0x080044e0   0x00000010   Code   RO          452    i.USART1_IRQHandler  stm32f4xx_it.o
    0x080044f0   0x00000070   Code   RO         4770    i.USB_CoreInit      stm32f4xx_ll_usb.o
    0x08004560   0x0000004c   Code   RO         4771    i.USB_CoreReset     stm32f4xx_ll_usb.o
    0x080045ac   0x0000001e   Code   RO         4775    i.USB_DevDisconnect  stm32f4xx_ll_usb.o
    0x080045ca   0x00000002   PAD
    0x080045cc   0x000001a0   Code   RO         4776    i.USB_DevInit       stm32f4xx_ll_usb.o
    0x0800476c   0x0000000e   Code   RO         4777    i.USB_DisableGlobalInt  stm32f4xx_ll_usb.o
    0x0800477a   0x00000002   PAD
    0x0800477c   0x0000002c   Code   RO         4786    i.USB_FlushRxFifo   stm32f4xx_ll_usb.o
    0x080047a8   0x00000030   Code   RO         4787    i.USB_FlushTxFifo   stm32f4xx_ll_usb.o
    0x080047d8   0x00000030   Code   RO         4805    i.USB_SetCurrentMode  stm32f4xx_ll_usb.o
    0x08004808   0x00000010   Code   RO         4807    i.USB_SetDevSpeed   stm32f4xx_ll_usb.o
    0x08004818   0x00000004   Code   RO          453    i.UsageFault_Handler  stm32f4xx_it.o
    0x0800481c   0x00000014   Code   RO           21    i.Write_Data        main.o
    0x08004830   0x00000004   Code   RO           22    i._Error_Handler    main.o
    0x08004834   0x0000007c   Code   RO           24    i.main              main.o
    0x080048b0   0x00000098   Code   RO         5508    i.prvAddCurrentTaskToDelayedList  tasks.o
    0x08004948   0x000000b8   Code   RO         5509    i.prvAddNewTaskToReadyList  tasks.o
    0x08004a00   0x00000064   Code   RO         5845    i.prvCheckForValidListAndQueue  timers.o
    0x08004a64   0x00000064   Code   RO         5510    i.prvCheckTasksWaitingTermination  tasks.o
    0x08004ac8   0x0000002a   Code   RO         5310    i.prvCopyDataFromQueue  queue.o
    0x08004af2   0x0000007c   Code   RO         5311    i.prvCopyDataToQueue  queue.o
    0x08004b6e   0x00000012   Code   RO         5511    i.prvDeleteTCB      tasks.o
    0x08004b80   0x00000028   Code   RO         5846    i.prvGetNextExpireTime  timers.o
    0x08004ba8   0x0000007c   Code   RO         5975    i.prvHeapInit       heap_4.o
    0x08004c24   0x00000028   Code   RO         5512    i.prvIdleTask       tasks.o
    0x08004c4c   0x0000002a   Code   RO         5313    i.prvInitialiseNewQueue  queue.o
    0x08004c76   0x000000b4   Code   RO         5513    i.prvInitialiseNewTask  tasks.o
    0x08004d2a   0x00000002   PAD
    0x08004d2c   0x00000068   Code   RO         5514    i.prvInitialiseTaskLists  tasks.o
    0x08004d94   0x00000068   Code   RO         5976    i.prvInsertBlockIntoFreeList  heap_4.o
    0x08004dfc   0x00000058   Code   RO         5848    i.prvInsertTimerInActiveList  timers.o
    0x08004e54   0x0000001a   Code   RO         5314    i.prvIsQueueEmpty   queue.o
    0x08004e6e   0x0000001e   Code   RO         5315    i.prvIsQueueFull    queue.o
    0x08004e8c   0x00000064   Code   RO         5849    i.prvProcessExpiredTimer  timers.o
    0x08004ef0   0x000000f8   Code   RO         5850    i.prvProcessReceivedCommands  timers.o
    0x08004fe8   0x00000074   Code   RO         5851    i.prvProcessTimerOrBlockTask  timers.o
    0x0800505c   0x00000034   Code   RO         5516    i.prvResetNextTaskUnblockTime  tasks.o
    0x08005090   0x0000002c   Code   RO         5852    i.prvSampleTimeNow  timers.o
    0x080050bc   0x000000a0   Code   RO         5853    i.prvSwitchTimerLists  timers.o
    0x0800515c   0x00000040   Code   RO         6026    i.prvTaskExitError  port.o
    0x0800519c   0x0000001a   Code   RO         5854    i.prvTimerTask      timers.o
    0x080051b6   0x0000007e   Code   RO         5316    i.prvUnlockQueue    queue.o
    0x08005234   0x0000013c   Code   RO         5977    i.pvPortMalloc      heap_4.o
    0x08005370   0x00000020   Code   RO         5519    i.pvTaskIncrementMutexHeldCount  tasks.o
    0x08005390   0x0000002c   Code   RO         6027    i.pxPortInitialiseStack  port.o
    0x080053bc   0x00000028   Code   RO         5273    i.uxListRemove      list.o
    0x080053e4   0x0000001a   Code   RO         5274    i.vListInitialise   list.o
    0x080053fe   0x00000006   Code   RO         5275    i.vListInitialiseItem  list.o
    0x08005404   0x00000034   Code   RO         5276    i.vListInsert       list.o
    0x08005438   0x00000018   Code   RO         5277    i.vListInsertEnd    list.o
    0x08005450   0x00000054   Code   RO         6029    i.vPortEnterCritical  port.o
    0x080054a4   0x0000003c   Code   RO         6030    i.vPortExitCritical  port.o
    0x080054e0   0x00000094   Code   RO         5978    i.vPortFree         heap_4.o
    0x08005574   0x00000014   Code   RO         6031    i.vPortSetupTimerInterrupt  port.o
    0x08005588   0x00000078   Code   RO         6032    i.vPortValidateInterruptPriority  port.o
    0x08005600   0x0000002c   Code   RO         5322    i.vQueueAddToRegistry  queue.o
    0x0800562c   0x0000004a   Code   RO         5326    i.vQueueWaitForMessageRestricted  queue.o
    0x08005676   0x00000002   PAD
    0x08005678   0x0000005c   Code   RO         5527    i.vTaskDelay        tasks.o
    0x080056d4   0x0000001c   Code   RO           25    i.vTaskLed          main.o
    0x080056f0   0x0000000c   Code   RO         5532    i.vTaskMissedYield  tasks.o
    0x080056fc   0x00000018   Code   RO           26    i.vTaskMsgPro       main.o
    0x08005714   0x00000038   Code   RO         5534    i.vTaskPlaceOnEventList  tasks.o
    0x0800574c   0x00000040   Code   RO         5535    i.vTaskPlaceOnEventListRestricted  tasks.o
    0x0800578c   0x000000b0   Code   RO         5537    i.vTaskPriorityInherit  tasks.o
    0x0800583c   0x00000030   Code   RO         5541    i.vTaskSetTimeOutState  tasks.o
    0x0800586c   0x00000094   Code   RO         5542    i.vTaskStartScheduler  tasks.o
    0x08005900   0x00000010   Code   RO         5544    i.vTaskSuspendAll   tasks.o
    0x08005910   0x0000008c   Code   RO         5545    i.vTaskSwitchContext  tasks.o
    0x0800599c   0x0000002c   Code   RO           27    i.vTaskTaskUserIF   main.o
    0x080059c8   0x0000013c   Code   RO         6033    i.xPortStartScheduler  port.o
    0x08005b04   0x00000058   Code   RO         5329    i.xQueueGenericCreate  queue.o
    0x08005b5c   0x000001c4   Code   RO         5330    i.xQueueGenericReceive  queue.o
    0x08005d20   0x00000098   Code   RO         5331    i.xQueueGenericReset  queue.o
    0x08005db8   0x000001a8   Code   RO         5332    i.xQueueGenericSend  queue.o
    0x08005f60   0x000000f8   Code   RO         5333    i.xQueueGenericSendFromISR  queue.o
    0x08006058   0x0000008c   Code   RO         5546    i.xTaskCheckForTimeOut  tasks.o
    0x080060e4   0x00000060   Code   RO         5547    i.xTaskCreate       tasks.o
    0x08006144   0x00000020   Code   RO         5551    i.xTaskGetSchedulerState  tasks.o
    0x08006164   0x0000000c   Code   RO         5552    i.xTaskGetTickCount  tasks.o
    0x08006170   0x00000148   Code   RO         5554    i.xTaskIncrementTick  tasks.o
    0x080062b8   0x000000c8   Code   RO         5557    i.xTaskPriorityDisinherit  tasks.o
    0x08006380   0x00000098   Code   RO         5558    i.xTaskRemoveFromEventList  tasks.o
    0x08006418   0x00000104   Code   RO         5560    i.xTaskResumeAll    tasks.o
    0x0800651c   0x00000058   Code   RO         5858    i.xTimerCreateTimerTask  timers.o
    0x08006574   0x00000084   Code   RO         5859    i.xTimerGenericCommand  timers.o
    0x080065f8   0x0000000a   Code   RO         6202    x$fpl$fpinit        fz_wm.l(fpinit.o)
    0x08006602   0x00000018   Data   RO          518    .constdata          system_stm32f4xx.o
    0x0800661a   0x00000002   PAD
    0x0800661c   0x00000020   Data   RO         6269    Region$$Table       anon$$obj.o


    Execution Region RW_IRAM1 (Base: 0x20000000, Size: 0x00013df0, Max: 0x00030000, ABSOLUTE)

    Base Addr    Size         Type   Attr      Idx    E Section Name        Object

    0x20000000   0x00000010   Data   RW           29    .data               main.o
    0x20000010   0x00000008   Data   RW          336    .data               stm32f4xx_hal_msp.o
    0x20000018   0x00000004   Data   RW          519    .data               system_stm32f4xx.o
    0x2000001c   0x00000004   Data   RW          577    .data               stm32f4xx_hal.o
    0x20000020   0x0000003c   Data   RW         5563    .data               tasks.o
    0x2000005c   0x00000014   Data   RW         5865    .data               timers.o
    0x20000070   0x00000018   Data   RW         5983    .data               heap_4.o
    0x20000088   0x0000000c   Data   RW         6034    .data               port.o
    0x20000094   0x000009c6   Zero   RW           28    .bss                main.o
    0x20000a5a   0x00000002   PAD
    0x20000a5c   0x00000040   Zero   RW         5341    .bss                queue.o
    0x20000a9c   0x000000c8   Zero   RW         5562    .bss                tasks.o
    0x20000b64   0x00000028   Zero   RW         5864    .bss                timers.o
    0x20000b8c   0x00012c00   Zero   RW         5982    .bss                heap_4.o
    0x2001378c   0x00000060   Zero   RW         6144    .bss                c_w.l(libspace.o)
    0x200137ec   0x00000004   PAD
    0x200137f0   0x00000200   Zero   RW         5154    HEAP                startup_stm32f429xx.o
    0x200139f0   0x00000400   Zero   RW         5153    STACK               startup_stm32f429xx.o


==============================================================================

Image component sizes


      Code (inc. data)   RO Data    RW Data    ZI Data      Debug   Object Name

         0          0          0          0          0      11688   event_groups.o
       692         62          0         24      76800       4119   heap_4.o
       148          0          0          0          0       3070   list.o
      2082        384          0         16       2502     831922   main.o
       942         92          0         12          0      10841   port.o
      1872         22          0          0         64      12793   queue.o
        64         26        428          0       1536        816   startup_stm32f429xx.o
       112         16          0          4          0       2993   stm32f4xx_hal.o
       338         22          0          0          0      30937   stm32f4xx_hal_cortex.o
        40          0          0          0          0        975   stm32f4xx_hal_dma.o
      1764         48          0          0          0       6955   stm32f4xx_hal_eth.o
       560         54          0          0          0       2645   stm32f4xx_hal_gpio.o
       908          6          0          0          0       2535   stm32f4xx_hal_ltdc.o
      1400        158          0          8          0       6615   stm32f4xx_hal_msp.o
       322          0          0          0          0       1175   stm32f4xx_hal_pcd.o
       164         12          0          0          0       1132   stm32f4xx_hal_pwr_ex.o
      1844         80          0          0          0       4984   stm32f4xx_hal_rcc.o
       880         24          0          0          0       1404   stm32f4xx_hal_rcc_ex.o
      1852          4          0          0          0       7436   stm32f4xx_hal_sd.o
        64          0          0          0          0       1009   stm32f4xx_hal_sdram.o
       140          0          0          0          0        963   stm32f4xx_hal_spi.o
      1850         14          0          0          0       7368   stm32f4xx_hal_uart.o
        52         12          0          0          0       3698   stm32f4xx_it.o
       272          4          0          0          0       1749   stm32f4xx_ll_fmc.o
      1728         36          0          0          0      16740   stm32f4xx_ll_sdmmc.o
       804         38          0          0          0       5947   stm32f4xx_ll_usb.o
       100         18         24          4          0       1107   system_stm32f4xx.o
      2834        368          0         60        200      21309   tasks.o
      1142        118          0         20         40      16687   timers.o

    ----------------------------------------------------------------------
     25000       1618        486        148      81144    1021612   Object Totals
         0          0         32          0          0          0   (incl. Generated)
        30          0          2          0          2          0   (incl. Padding)

    ----------------------------------------------------------------------

      Code (inc. data)   RO Data    RW Data    ZI Data      Debug   Library Member Name

         8          0          0          0          0         68   __main.o
         0          0          0          0          0          0   __rtentry.o
        12          0          0          0          0          0   __rtentry2.o
         6          0          0          0          0          0   __rtentry4.o
        52          8          0          0          0          0   __scatter.o
        26          0          0          0          0          0   __scatter_copy.o
        28          0          0          0          0          0   __scatter_zi.o
        16          0          0          0          0         68   aeabi_memset.o
        12          0          0          0          0         72   exit.o
         6          0          0          0          0        152   heapauxi.o
         0          0          0          0          0          0   indicate_semi.o
         2          0          0          0          0          0   libinit.o
         6          0          0          0          0          0   libinit2.o
         2          0          0          0          0          0   libshutdown.o
         2          0          0          0          0          0   libshutdown2.o
         8          4          0          0         96         68   libspace.o
        68          0          0          0          0         68   rt_memclr.o
        78          0          0          0          0         80   rt_memclr_w.o
       138          0          0          0          0         68   rt_memcpy_v6.o
       100          0          0          0          0         80   rt_memcpy_w.o
         2          0          0          0          0          0   rtexit.o
        10          0          0          0          0          0   rtexit2.o
        12          4          0          0          0         68   sys_exit.o
        74          0          0          0          0         80   sys_stackheap_outer.o
         2          0          0          0          0         68   use_no_semi.o
        10          0          0          0          0        116   fpinit.o

    ----------------------------------------------------------------------
       686         16          0          0        100       1056   Library Totals
         6          0          0          0          4          0   (incl. Padding)

    ----------------------------------------------------------------------

      Code (inc. data)   RO Data    RW Data    ZI Data      Debug   Library Name

       670         16          0          0         96        940   c_w.l
        10          0          0          0          0        116   fz_wm.l

    ----------------------------------------------------------------------
       686         16          0          0        100       1056   Library Totals

    ----------------------------------------------------------------------

==============================================================================


      Code (inc. data)   RO Data    RW Data    ZI Data      Debug   

     25686       1634        486        148      81244    1002852   Grand Totals
     25686       1634        486        148      81244    1002852   ELF Image Totals
     25686       1634        486        148          0          0   ROM Totals

==============================================================================

    Total RO  Size (Code + RO Data)                26172 (  25.56kB)
    Total RW  Size (RW Data + ZI Data)             81392 (  79.48kB)
    Total ROM Size (Code + RO Data + RW Data)      26320 (  25.70kB)

==============================================================================

